{
  "authenticated": false,
  "base_url": "http://kiwi:8001/v1",
  "completed_cases": 145,
  "concurrency": 6,
  "expected_cases": 145,
  "failed_cases": 0,
  "final_health": {
    "elapsed_ms": 6,
    "error": null,
    "http_status": 200,
    "ok": true
  },
  "finished_at": "2026-09-05T12:54:17.346595+00:00",
  "initial_health": {
    "elapsed_ms": 15,
    "error": null,
    "http_status": 200,
    "ok": true
  },
  "issue": 136,
  "model": "vcruz305/GLM-5.3-Flash-EXL3-K2",
  "redaction": "credentials, request bodies, response bodies, and headers omitted",
  "request_timeout_seconds": 120,
  "results": [
    {
      "elapsed_ms": 1579,
      "error": null,
      "http_status": 200,
      "label": "sequential-000-X",
      "lane": "strict-sequential",
      "ok": true
    },
    {
      "elapsed_ms": 1360,
      "error": null,
      "http_status": 200,
      "label": "sequential-001-XXXXXXXXXXXX",
      "lane": "strict-sequential",
      "ok": true
    },
    {
      "elapsed_ms": 1530,
      "error": null,
      "http_status": 200,
      "label": "sequential-002-XXXXXXXXXXXXXXXXXXXXXXX",
      "lane": "strict-sequential",
      "ok": true
    },
    {
      "elapsed_ms": 1499,
      "error": null,
      "http_status": 200,
      "label": "sequential-003-XXXXXXXXXXXXXXXXXXXXXXXXXXXXXXXXXX",
      "lane": "strict-sequential",
      "ok": true
    },
    {
      "elapsed_ms": 1661,
      "error": null,
      "http_status": 200,
      "label": "sequential-004-XXXXXXXXXXXXXXXXXXXXXXXXXXXXXXXXXXXXXXXXXXXXX",
      "lane": "strict-sequential",
      "ok": true
    },
    {
      "elapsed_ms": 1504,
      "error": null,
      "http_status": 200,
      "label": "sequential-005-XXXXXXXXXXXXXXXXXXXXXXXXXXXXXXXXXXXXXXXXXXXXXXXXXXXXXXXX",
      "lane": "strict-sequential",
      "ok": true
    },
    {
      "elapsed_ms": 1644,
      "error": null,
      "http_status": 200,
      "label": "sequential-006-XXXXXXXXXXXXXXXXXXXXXXXXXXXXXXXXXXXXXXXXXXXXXXXXXXXXXXXXXXXXXXXXXXX",
      "lane": "strict-sequential",
      "ok": true
    },
    {
      "elapsed_ms": 1366,
      "error": null,
      "http_status": 200,
      "label": "sequential-007-XXXXX",
      "lane": "strict-sequential",
      "ok": true
    },
    {
      "elapsed_ms": 1371,
      "error": null,
      "http_status": 200,
      "label": "sequential-008-XXXXXXXXXXXXXXXX",
      "lane": "strict-sequential",
      "ok": true
    },
    {
      "elapsed_ms": 1499,
      "error": null,
      "http_status": 200,
      "label": "sequential-009-XXXXXXXXXXXXXXXXXXXXXXXXXXX",
      "lane": "strict-sequential",
      "ok": true
    },
    {
      "elapsed_ms": 1507,
      "error": null,
      "http_status": 200,
      "label": "sequential-010-XXXXXXXXXXXXXXXXXXXXXXXXXXXXXXXXXXXXXX",
      "lane": "strict-sequential",
      "ok": true
    },
    {
      "elapsed_ms": 1662,
      "error": null,
      "http_status": 200,
      "label": "sequential-011-XXXXXXXXXXXXXXXXXXXXXXXXXXXXXXXXXXXXXXXXXXXXXXXXX",
      "lane": "strict-sequential",
      "ok": true
    },
    {
      "elapsed_ms": 1641,
      "error": null,
      "http_status": 200,
      "label": "sequential-012-XXXXXXXXXXXXXXXXXXXXXXXXXXXXXXXXXXXXXXXXXXXXXXXXXXXXXXXXXXXX",
      "lane": "strict-sequential",
      "ok": true
    },
    {
      "elapsed_ms": 1655,
      "error": null,
      "http_status": 200,
      "label": "sequential-013-XXXXXXXXXXXXXXXXXXXXXXXXXXXXXXXXXXXXXXXXXXXXXXXXXXXXXXXXXXXXXXXXXXXXXXX",
      "lane": "strict-sequential",
      "ok": true
    },
    {
      "elapsed_ms": 1369,
      "error": null,
      "http_status": 200,
      "label": "sequential-014-XXXXXXXXX",
      "lane": "strict-sequential",
      "ok": true
    },
    {
      "elapsed_ms": 1504,
      "error": null,
      "http_status": 200,
      "label": "sequential-015-XXXXXXXXXXXXXXXXXXXX",
      "lane": "strict-sequential",
      "ok": true
    },
    {
      "elapsed_ms": 1515,
      "error": null,
      "http_status": 200,
      "label": "sequential-016-XXXXXXXXXXXXXXXXXXXXXXXXXXXXXXX",
      "lane": "strict-sequential",
      "ok": true
    },
    {
      "elapsed_ms": 1505,
      "error": null,
      "http_status": 200,
      "label": "sequential-017-XXXXXXXXXXXXXXXXXXXXXXXXXXXXXXXXXXXXXXXXXX",
      "lane": "strict-sequential",
      "ok": true
    },
    {
      "elapsed_ms": 1661,
      "error": null,
      "http_status": 200,
      "label": "sequential-018-XXXXXXXXXXXXXXXXXXXXXXXXXXXXXXXXXXXXXXXXXXXXXXXXXXXXX",
      "lane": "strict-sequential",
      "ok": true
    },
    {
      "elapsed_ms": 1506,
      "error": null,
      "http_status": 200,
      "label": "sequential-019-XXXXXXXXXXXXXXXXXXXXXXXXXXXXXXXXXXXXXXXXXXXXXXXXXXXXXXXXXXXXXXXX",
      "lane": "strict-sequential",
      "ok": true
    },
    {
      "elapsed_ms": 2637,
      "error": null,
      "http_status": 200,
      "label": "concurrent-000-X",
      "lane": "strict-concurrency6-required",
      "ok": true
    },
    {
      "elapsed_ms": 2637,
      "error": null,
      "http_status": 200,
      "label": "concurrent-001-XXXXXXXXXXXX",
      "lane": "strict-concurrency6-named",
      "ok": true
    },
    {
      "elapsed_ms": 2636,
      "error": null,
      "http_status": 200,
      "label": "concurrent-002-XXXXXXXXXXXXXXXXXXXXXXX",
      "lane": "strict-concurrency6-required",
      "ok": true
    },
    {
      "elapsed_ms": 3251,
      "error": null,
      "http_status": 200,
      "label": "concurrent-003-XXXXXXXXXXXXXXXXXXXXXXXXXXXXXXXXXX",
      "lane": "strict-concurrency6-named",
      "ok": true
    },
    {
      "elapsed_ms": 5960,
      "error": null,
      "http_status": 200,
      "label": "concurrent-004-XXXXXXXXXXXXXXXXXXXXXXXXXXXXXXXXXXXXXXXXXXXXX",
      "lane": "strict-concurrency6-required",
      "ok": true
    },
    {
      "elapsed_ms": 2636,
      "error": null,
      "http_status": 200,
      "label": "concurrent-005-XXXXXXXXXXXXXXXXXXXXXXXXXXXXXXXXXXXXXXXXXXXXXXXXXXXXXXXX",
      "lane": "strict-concurrency6-named",
      "ok": true
    },
    {
      "elapsed_ms": 3954,
      "error": null,
      "http_status": 200,
      "label": "concurrent-006-XXXXXXXXXXXXXXXXXXXXXXXXXXXXXXXXXXXXXXXXXXXXXXXXXXXXXXXXXXXXXXXXXXX",
      "lane": "strict-concurrency6-required",
      "ok": true
    },
    {
      "elapsed_ms": 3323,
      "error": null,
      "http_status": 200,
      "label": "concurrent-007-XXXXX",
      "lane": "strict-concurrency6-named",
      "ok": true
    },
    {
      "elapsed_ms": 3953,
      "error": null,
      "http_status": 200,
      "label": "concurrent-008-XXXXXXXXXXXXXXXX",
      "lane": "strict-concurrency6-required",
      "ok": true
    },
    {
      "elapsed_ms": 3323,
      "error": null,
      "http_status": 200,
      "label": "concurrent-009-XXXXXXXXXXXXXXXXXXXXXXXXXXX",
      "lane": "strict-concurrency6-named",
      "ok": true
    },
    {
      "elapsed_ms": 5816,
      "error": null,
      "http_status": 200,
      "label": "concurrent-010-XXXXXXXXXXXXXXXXXXXXXXXXXXXXXXXXXXXXXX",
      "lane": "strict-concurrency6-required",
      "ok": true
    },
    {
      "elapsed_ms": 4009,
      "error": null,
      "http_status": 200,
      "label": "concurrent-011-XXXXXXXXXXXXXXXXXXXXXXXXXXXXXXXXXXXXXXXXXXXXXXXXX",
      "lane": "strict-concurrency6-named",
      "ok": true
    },
    {
      "elapsed_ms": 4638,
      "error": null,
      "http_status": 200,
      "label": "concurrent-012-XXXXXXXXXXXXXXXXXXXXXXXXXXXXXXXXXXXXXXXXXXXXXXXXXXXXXXXXXXXX",
      "lane": "strict-concurrency6-required",
      "ok": true
    },
    {
      "elapsed_ms": 4008,
      "error": null,
      "http_status": 200,
      "label": "concurrent-013-XXXXXXXXXXXXXXXXXXXXXXXXXXXXXXXXXXXXXXXXXXXXXXXXXXXXXXXXXXXXXXXXXXXXXXX",
      "lane": "strict-concurrency6-named",
      "ok": true
    },
    {
      "elapsed_ms": 3379,
      "error": null,
      "http_status": 200,
      "label": "concurrent-014-XXXXXXXXX",
      "lane": "strict-concurrency6-required",
      "ok": true
    },
    {
      "elapsed_ms": 5853,
      "error": null,
      "http_status": 200,
      "label": "concurrent-015-XXXXXXXXXXXXXXXXXXXX",
      "lane": "strict-concurrency6-named",
      "ok": true
    },
    {
      "elapsed_ms": 4295,
      "error": null,
      "http_status": 200,
      "label": "concurrent-016-XXXXXXXXXXXXXXXXXXXXXXXXXXXXXXX",
      "lane": "strict-concurrency6-required",
      "ok": true
    },
    {
      "elapsed_ms": 4300,
      "error": null,
      "http_status": 200,
      "label": "concurrent-017-XXXXXXXXXXXXXXXXXXXXXXXXXXXXXXXXXXXXXXXXXX",
      "lane": "strict-concurrency6-named",
      "ok": true
    },
    {
      "elapsed_ms": 4966,
      "error": null,
      "http_status": 200,
      "label": "concurrent-018-XXXXXXXXXXXXXXXXXXXXXXXXXXXXXXXXXXXXXXXXXXXXXXXXXXXXX",
      "lane": "strict-concurrency6-required",
      "ok": true
    },
    {
      "elapsed_ms": 4300,
      "error": null,
      "http_status": 200,
      "label": "concurrent-019-XXXXXXXXXXXXXXXXXXXXXXXXXXXXXXXXXXXXXXXXXXXXXXXXXXXXXXXXXXXXXXXX",
      "lane": "strict-concurrency6-named",
      "ok": true
    },
    {
      "elapsed_ms": 5050,
      "error": null,
      "http_status": 200,
      "label": "concurrent-020-XX",
      "lane": "strict-concurrency6-required",
      "ok": true
    },
    {
      "elapsed_ms": 4384,
      "error": null,
      "http_status": 200,
      "label": "concurrent-021-XXXXXXXXXXXXX",
      "lane": "strict-concurrency6-named",
      "ok": true
    },
    {
      "elapsed_ms": 4378,
      "error": null,
      "http_status": 200,
      "label": "concurrent-022-XXXXXXXXXXXXXXXXXXXXXXXX",
      "lane": "strict-concurrency6-required",
      "ok": true
    },
    {
      "elapsed_ms": 4154,
      "error": null,
      "http_status": 200,
      "label": "concurrent-023-XXXXXXXXXXXXXXXXXXXXXXXXXXXXXXXXXXX",
      "lane": "strict-concurrency6-named",
      "ok": true
    },
    {
      "elapsed_ms": 4800,
      "error": null,
      "http_status": 200,
      "label": "concurrent-024-XXXXXXXXXXXXXXXXXXXXXXXXXXXXXXXXXXXXXXXXXXXXXX",
      "lane": "strict-concurrency6-required",
      "ok": true
    },
    {
      "elapsed_ms": 4782,
      "error": null,
      "http_status": 200,
      "label": "concurrent-025-XXXXXXXXXXXXXXXXXXXXXXXXXXXXXXXXXXXXXXXXXXXXXXXXXXXXXXXXX",
      "lane": "strict-concurrency6-named",
      "ok": true
    },
    {
      "elapsed_ms": 5231,
      "error": null,
      "http_status": 200,
      "label": "concurrent-026-XXXXXXXXXXXXXXXXXXXXXXXXXXXXXXXXXXXXXXXXXXXXXXXXXXXXXXXXXXXXXXXXXXXX",
      "lane": "strict-concurrency6-required",
      "ok": true
    },
    {
      "elapsed_ms": 4741,
      "error": null,
      "http_status": 200,
      "label": "concurrent-027-XXXXXX",
      "lane": "strict-concurrency6-named",
      "ok": true
    },
    {
      "elapsed_ms": 4476,
      "error": null,
      "http_status": 200,
      "label": "concurrent-028-XXXXXXXXXXXXXXXXX",
      "lane": "strict-concurrency6-required",
      "ok": true
    },
    {
      "elapsed_ms": 4445,
      "error": null,
      "http_status": 200,
      "label": "concurrent-029-XXXXXXXXXXXXXXXXXXXXXXXXXXXX",
      "lane": "strict-concurrency6-named",
      "ok": true
    },
    {
      "elapsed_ms": 4447,
      "error": null,
      "http_status": 200,
      "label": "concurrent-030-XXXXXXXXXXXXXXXXXXXXXXXXXXXXXXXXXXXXXXX",
      "lane": "strict-concurrency6-required",
      "ok": true
    },
    {
      "elapsed_ms": 5215,
      "error": null,
      "http_status": 200,
      "label": "concurrent-031-XXXXXXXXXXXXXXXXXXXXXXXXXXXXXXXXXXXXXXXXXXXXXXXXXX",
      "lane": "strict-concurrency6-named",
      "ok": true
    },
    {
      "elapsed_ms": 4727,
      "error": null,
      "http_status": 200,
      "label": "concurrent-032-XXXXXXXXXXXXXXXXXXXXXXXXXXXXXXXXXXXXXXXXXXXXXXXXXXXXXXXXXXXXX",
      "lane": "strict-concurrency6-required",
      "ok": true
    },
    {
      "elapsed_ms": 4683,
      "error": null,
      "http_status": 200,
      "label": "concurrent-033-XXXXXXXXXXXXXXXXXXXXXXXXXXXXXXXXXXXXXXXXXXXXXXXXXXXXXXXXXXXXXXXXXXXXXXXX",
      "lane": "strict-concurrency6-named",
      "ok": true
    },
    {
      "elapsed_ms": 4036,
      "error": null,
      "http_status": 200,
      "label": "concurrent-034-XXXXXXXXXX",
      "lane": "strict-concurrency6-required",
      "ok": true
    },
    {
      "elapsed_ms": 4028,
      "error": null,
      "http_status": 200,
      "label": "concurrent-035-XXXXXXXXXXXXXXXXXXXXX",
      "lane": "strict-concurrency6-named",
      "ok": true
    },
    {
      "elapsed_ms": 4888,
      "error": null,
      "http_status": 200,
      "label": "concurrent-036-XXXXXXXXXXXXXXXXXXXXXXXXXXXXXXXX",
      "lane": "strict-concurrency6-required",
      "ok": true
    },
    {
      "elapsed_ms": 4155,
      "error": null,
      "http_status": 200,
      "label": "concurrent-037-XXXXXXXXXXXXXXXXXXXXXXXXXXXXXXXXXXXXXXXXXXX",
      "lane": "strict-concurrency6-named",
      "ok": true
    },
    {
      "elapsed_ms": 5011,
      "error": null,
      "http_status": 200,
      "label": "concurrent-038-XXXXXXXXXXXXXXXXXXXXXXXXXXXXXXXXXXXXXXXXXXXXXXXXXXXXXX",
      "lane": "strict-concurrency6-required",
      "ok": true
    },
    {
      "elapsed_ms": 4365,
      "error": null,
      "http_status": 200,
      "label": "concurrent-039-XXXXXXXXXXXXXXXXXXXXXXXXXXXXXXXXXXXXXXXXXXXXXXXXXXXXXXXXXXXXXXXXX",
      "lane": "strict-concurrency6-named",
      "ok": true
    },
    {
      "elapsed_ms": 3480,
      "error": null,
      "http_status": 200,
      "label": "concurrent-040-XXX",
      "lane": "strict-concurrency6-required",
      "ok": true
    },
    {
      "elapsed_ms": 5291,
      "error": null,
      "http_status": 200,
      "label": "concurrent-041-XXXXXXXXXXXXXX",
      "lane": "strict-concurrency6-named",
      "ok": true
    },
    {
      "elapsed_ms": 4468,
      "error": null,
      "http_status": 200,
      "label": "concurrent-042-XXXXXXXXXXXXXXXXXXXXXXXXX",
      "lane": "strict-concurrency6-required",
      "ok": true
    },
    {
      "elapsed_ms": 4433,
      "error": null,
      "http_status": 200,
      "label": "concurrent-043-XXXXXXXXXXXXXXXXXXXXXXXXXXXXXXXXXXXX",
      "lane": "strict-concurrency6-named",
      "ok": true
    },
    {
      "elapsed_ms": 4943,
      "error": null,
      "http_status": 200,
      "label": "concurrent-044-XXXXXXXXXXXXXXXXXXXXXXXXXXXXXXXXXXXXXXXXXXXXXXX",
      "lane": "strict-concurrency6-required",
      "ok": true
    },
    {
      "elapsed_ms": 5627,
      "error": null,
      "http_status": 200,
      "label": "concurrent-045-XXXXXXXXXXXXXXXXXXXXXXXXXXXXXXXXXXXXXXXXXXXXXXXXXXXXXXXXXX",
      "lane": "strict-concurrency6-named",
      "ok": true
    },
    {
      "elapsed_ms": 4741,
      "error": null,
      "http_status": 200,
      "label": "concurrent-046-XXXXXXXXXXXXXXXXXXXXXXXXXXXXXXXXXXXXXXXXXXXXXXXXXXXXXXXXXXXXXXXXXXXXX",
      "lane": "strict-concurrency6-required",
      "ok": true
    },
    {
      "elapsed_ms": 4056,
      "error": null,
      "http_status": 200,
      "label": "concurrent-047-XXXXXXX",
      "lane": "strict-concurrency6-named",
      "ok": true
    },
    {
      "elapsed_ms": 4039,
      "error": null,
      "http_status": 200,
      "label": "concurrent-048-XXXXXXXXXXXXXXXXXX",
      "lane": "strict-concurrency6-required",
      "ok": true
    },
    {
      "elapsed_ms": 4649,
      "error": null,
      "http_status": 200,
      "label": "concurrent-049-XXXXXXXXXXXXXXXXXXXXXXXXXXXXX",
      "lane": "strict-concurrency6-named",
      "ok": true
    },
    {
      "elapsed_ms": 4163,
      "error": null,
      "http_status": 200,
      "label": "concurrent-050-XXXXXXXXXXXXXXXXXXXXXXXXXXXXXXXXXXXXXXXX",
      "lane": "strict-concurrency6-required",
      "ok": true
    },
    {
      "elapsed_ms": 4640,
      "error": null,
      "http_status": 200,
      "label": "concurrent-051-XXXXXXXXXXXXXXXXXXXXXXXXXXXXXXXXXXXXXXXXXXXXXXXXXXX",
      "lane": "strict-concurrency6-named",
      "ok": true
    },
    {
      "elapsed_ms": 4442,
      "error": null,
      "http_status": 200,
      "label": "concurrent-052-XXXXXXXXXXXXXXXXXXXXXXXXXXXXXXXXXXXXXXXXXXXXXXXXXXXXXXXXXXXXXX",
      "lane": "strict-concurrency6-required",
      "ok": true
    },
    {
      "elapsed_ms": 5088,
      "error": null,
      "http_status": 200,
      "label": "concurrent-053-XXXXXXXXXXXXXXXXXXXXXXXXXXXXXXXXXXXXXXXXXXXXXXXXXXXXXXXXXXXXXXXXXXXXXXXXX",
      "lane": "strict-concurrency6-named",
      "ok": true
    },
    {
      "elapsed_ms": 5071,
      "error": null,
      "http_status": 200,
      "label": "concurrent-054-XXXXXXXXXXX",
      "lane": "strict-concurrency6-required",
      "ok": true
    },
    {
      "elapsed_ms": 4463,
      "error": null,
      "http_status": 200,
      "label": "concurrent-055-XXXXXXXXXXXXXXXXXXXXXX",
      "lane": "strict-concurrency6-named",
      "ok": true
    },
    {
      "elapsed_ms": 4946,
      "error": null,
      "http_status": 200,
      "label": "concurrent-056-XXXXXXXXXXXXXXXXXXXXXXXXXXXXXXXXX",
      "lane": "strict-concurrency6-required",
      "ok": true
    },
    {
      "elapsed_ms": 4464,
      "error": null,
      "http_status": 200,
      "label": "concurrent-057-XXXXXXXXXXXXXXXXXXXXXXXXXXXXXXXXXXXXXXXXXXXX",
      "lane": "strict-concurrency6-named",
      "ok": true
    },
    {
      "elapsed_ms": 5329,
      "error": null,
      "http_status": 200,
      "label": "concurrent-058-XXXXXXXXXXXXXXXXXXXXXXXXXXXXXXXXXXXXXXXXXXXXXXXXXXXXXXX",
      "lane": "strict-concurrency6-required",
      "ok": true
    },
    {
      "elapsed_ms": 4682,
      "error": null,
      "http_status": 200,
      "label": "concurrent-059-XXXXXXXXXXXXXXXXXXXXXXXXXXXXXXXXXXXXXXXXXXXXXXXXXXXXXXXXXXXXXXXXXX",
      "lane": "strict-concurrency6-named",
      "ok": true
    },
    {
      "elapsed_ms": 3364,
      "error": null,
      "http_status": 200,
      "label": "concurrent-060-XXXX",
      "lane": "strict-concurrency6-required",
      "ok": true
    },
    {
      "elapsed_ms": 4914,
      "error": null,
      "http_status": 200,
      "label": "concurrent-061-XXXXXXXXXXXXXXX",
      "lane": "strict-concurrency6-named",
      "ok": true
    },
    {
      "elapsed_ms": 4451,
      "error": null,
      "http_status": 200,
      "label": "concurrent-062-XXXXXXXXXXXXXXXXXXXXXXXXXX",
      "lane": "strict-concurrency6-required",
      "ok": true
    },
    {
      "elapsed_ms": 4676,
      "error": null,
      "http_status": 200,
      "label": "concurrent-063-XXXXXXXXXXXXXXXXXXXXXXXXXXXXXXXXXXXXX",
      "lane": "strict-concurrency6-named",
      "ok": true
    },
    {
      "elapsed_ms": 4704,
      "error": null,
      "http_status": 200,
      "label": "concurrent-064-XXXXXXXXXXXXXXXXXXXXXXXXXXXXXXXXXXXXXXXXXXXXXXXX",
      "lane": "strict-concurrency6-required",
      "ok": true
    },
    {
      "elapsed_ms": 4714,
      "error": null,
      "http_status": 200,
      "label": "concurrent-065-XXXXXXXXXXXXXXXXXXXXXXXXXXXXXXXXXXXXXXXXXXXXXXXXXXXXXXXXXXX",
      "lane": "strict-concurrency6-named",
      "ok": true
    },
    {
      "elapsed_ms": 6015,
      "error": null,
      "http_status": 200,
      "label": "concurrent-066-XXXXXXXXXXXXXXXXXXXXXXXXXXXXXXXXXXXXXXXXXXXXXXXXXXXXXXXXXXXXXXXXXXXXXX",
      "lane": "strict-concurrency6-required",
      "ok": true
    },
    {
      "elapsed_ms": 3832,
      "error": null,
      "http_status": 200,
      "label": "concurrent-067-XXXXXXXX",
      "lane": "strict-concurrency6-named",
      "ok": true
    },
    {
      "elapsed_ms": 4681,
      "error": null,
      "http_status": 200,
      "label": "concurrent-068-XXXXXXXXXXXXXXXXXXX",
      "lane": "strict-concurrency6-required",
      "ok": true
    },
    {
      "elapsed_ms": 4689,
      "error": null,
      "http_status": 200,
      "label": "concurrent-069-XXXXXXXXXXXXXXXXXXXXXXXXXXXXXX",
      "lane": "strict-concurrency6-named",
      "ok": true
    },
    {
      "elapsed_ms": 4453,
      "error": null,
      "http_status": 200,
      "label": "concurrent-070-XXXXXXXXXXXXXXXXXXXXXXXXXXXXXXXXXXXXXXXXX",
      "lane": "strict-concurrency6-required",
      "ok": true
    },
    {
      "elapsed_ms": 4661,
      "error": null,
      "http_status": 200,
      "label": "concurrent-071-XXXXXXXXXXXXXXXXXXXXXXXXXXXXXXXXXXXXXXXXXXXXXXXXXXXX",
      "lane": "strict-concurrency6-named",
      "ok": true
    },
    {
      "elapsed_ms": 4694,
      "error": null,
      "http_status": 200,
      "label": "concurrent-072-XXXXXXXXXXXXXXXXXXXXXXXXXXXXXXXXXXXXXXXXXXXXXXXXXXXXXXXXXXXXXXX",
      "lane": "strict-concurrency6-required",
      "ok": true
    },
    {
      "elapsed_ms": 4042,
      "error": null,
      "http_status": 200,
      "label": "concurrent-073-X",
      "lane": "strict-concurrency6-named",
      "ok": true
    },
    {
      "elapsed_ms": 4683,
      "error": null,
      "http_status": 200,
      "label": "concurrent-074-XXXXXXXXXXXX",
      "lane": "strict-concurrency6-required",
      "ok": true
    },
    {
      "elapsed_ms": 4461,
      "error": null,
      "http_status": 200,
      "label": "concurrent-075-XXXXXXXXXXXXXXXXXXXXXXX",
      "lane": "strict-concurrency6-named",
      "ok": true
    },
    {
      "elapsed_ms": 4670,
      "error": null,
      "http_status": 200,
      "label": "concurrent-076-XXXXXXXXXXXXXXXXXXXXXXXXXXXXXXXXXX",
      "lane": "strict-concurrency6-required",
      "ok": true
    },
    {
      "elapsed_ms": 4698,
      "error": null,
      "http_status": 200,
      "label": "concurrent-077-XXXXXXXXXXXXXXXXXXXXXXXXXXXXXXXXXXXXXXXXXXXXX",
      "lane": "strict-concurrency6-named",
      "ok": true
    },
    {
      "elapsed_ms": 4017,
      "error": null,
      "http_status": 200,
      "label": "concurrent-078-XXXXXXXXXXXXXXXXXXXXXXXXXXXXXXXXXXXXXXXXXXXXXXXXXXXXXXXX",
      "lane": "strict-concurrency6-required",
      "ok": true
    },
    {
      "elapsed_ms": 5565,
      "error": null,
      "http_status": 200,
      "label": "concurrent-079-XXXXXXXXXXXXXXXXXXXXXXXXXXXXXXXXXXXXXXXXXXXXXXXXXXXXXXXXXXXXXXXXXXX",
      "lane": "strict-concurrency6-named",
      "ok": true
    },
    {
      "elapsed_ms": 4035,
      "error": null,
      "http_status": 200,
      "label": "concurrent-080-XXXXX",
      "lane": "strict-concurrency6-required",
      "ok": true
    },
    {
      "elapsed_ms": 4678,
      "error": null,
      "http_status": 200,
      "label": "concurrent-081-XXXXXXXXXXXXXXXX",
      "lane": "strict-concurrency6-named",
      "ok": true
    },
    {
      "elapsed_ms": 4683,
      "error": null,
      "http_status": 200,
      "label": "concurrent-082-XXXXXXXXXXXXXXXXXXXXXXXXXXX",
      "lane": "strict-concurrency6-required",
      "ok": true
    },
    {
      "elapsed_ms": 5372,
      "error": null,
      "http_status": 200,
      "label": "concurrent-083-XXXXXXXXXXXXXXXXXXXXXXXXXXXXXXXXXXXXXX",
      "lane": "strict-concurrency6-named",
      "ok": true
    },
    {
      "elapsed_ms": 4692,
      "error": null,
      "http_status": 200,
      "label": "concurrent-084-XXXXXXXXXXXXXXXXXXXXXXXXXXXXXXXXXXXXXXXXXXXXXXXXX",
      "lane": "strict-concurrency6-required",
      "ok": true
    },
    {
      "elapsed_ms": 4709,
      "error": null,
      "http_status": 200,
      "label": "concurrent-085-XXXXXXXXXXXXXXXXXXXXXXXXXXXXXXXXXXXXXXXXXXXXXXXXXXXXXXXXXXXX",
      "lane": "strict-concurrency6-named",
      "ok": true
    },
    {
      "elapsed_ms": 5394,
      "error": null,
      "http_status": 200,
      "label": "concurrent-086-XXXXXXXXXXXXXXXXXXXXXXXXXXXXXXXXXXXXXXXXXXXXXXXXXXXXXXXXXXXXXXXXXXXXXXX",
      "lane": "strict-concurrency6-required",
      "ok": true
    },
    {
      "elapsed_ms": 4717,
      "error": null,
      "http_status": 200,
      "label": "concurrent-087-XXXXXXXXX",
      "lane": "strict-concurrency6-named",
      "ok": true
    },
    {
      "elapsed_ms": 4715,
      "error": null,
      "http_status": 200,
      "label": "concurrent-088-XXXXXXXXXXXXXXXXXXXX",
      "lane": "strict-concurrency6-required",
      "ok": true
    },
    {
      "elapsed_ms": 4482,
      "error": null,
      "http_status": 200,
      "label": "concurrent-089-XXXXXXXXXXXXXXXXXXXXXXXXXXXXXXX",
      "lane": "strict-concurrency6-named",
      "ok": true
    },
    {
      "elapsed_ms": 4689,
      "error": null,
      "http_status": 200,
      "label": "concurrent-090-XXXXXXXXXXXXXXXXXXXXXXXXXXXXXXXXXXXXXXXXXX",
      "lane": "strict-concurrency6-required",
      "ok": true
    },
    {
      "elapsed_ms": 4979,
      "error": null,
      "http_status": 200,
      "label": "concurrent-091-XXXXXXXXXXXXXXXXXXXXXXXXXXXXXXXXXXXXXXXXXXXXXXXXXXXXX",
      "lane": "strict-concurrency6-named",
      "ok": true
    },
    {
      "elapsed_ms": 4294,
      "error": null,
      "http_status": 200,
      "label": "concurrent-092-XXXXXXXXXXXXXXXXXXXXXXXXXXXXXXXXXXXXXXXXXXXXXXXXXXXXXXXXXXXXXXXX",
      "lane": "strict-concurrency6-required",
      "ok": true
    },
    {
      "elapsed_ms": 3642,
      "error": null,
      "http_status": 200,
      "label": "concurrent-093-XX",
      "lane": "strict-concurrency6-named",
      "ok": true
    },
    {
      "elapsed_ms": 4132,
      "error": null,
      "http_status": 200,
      "label": "concurrent-094-XXXXXXXXXXXXX",
      "lane": "strict-concurrency6-required",
      "ok": true
    },
    {
      "elapsed_ms": 4359,
      "error": null,
      "http_status": 200,
      "label": "concurrent-095-XXXXXXXXXXXXXXXXXXXXXXXX",
      "lane": "strict-concurrency6-named",
      "ok": true
    },
    {
      "elapsed_ms": 4190,
      "error": null,
      "http_status": 200,
      "label": "concurrent-096-XXXXXXXXXXXXXXXXXXXXXXXXXXXXXXXXXXX",
      "lane": "strict-concurrency6-required",
      "ok": true
    },
    {
      "elapsed_ms": 3673,
      "error": null,
      "http_status": 200,
      "label": "concurrent-097-XXXXXXXXXXXXXXXXXXXXXXXXXXXXXXXXXXXXXXXXXXXXXX",
      "lane": "strict-concurrency6-named",
      "ok": true
    },
    {
      "elapsed_ms": 3463,
      "error": null,
      "http_status": 200,
      "label": "concurrent-098-XXXXXXXXXXXXXXXXXXXXXXXXXXXXXXXXXXXXXXXXXXXXXXXXXXXXXXXXX",
      "lane": "strict-concurrency6-required",
      "ok": true
    },
    {
      "elapsed_ms": 3463,
      "error": null,
      "http_status": 200,
      "label": "concurrent-099-XXXXXXXXXXXXXXXXXXXXXXXXXXXXXXXXXXXXXXXXXXXXXXXXXXXXXXXXXXXXXXXXXXXX",
      "lane": "strict-concurrency6-named",
      "ok": true
    },
    {
      "elapsed_ms": 1849,
      "error": null,
      "http_status": 200,
      "label": "ignore-eos-000-X",
      "lane": "strict-json-ignore-eos",
      "ok": true
    },
    {
      "elapsed_ms": 1803,
      "error": null,
      "http_status": 200,
      "label": "ignore-eos-001-XXXXXXXXXXXX",
      "lane": "strict-json-ignore-eos",
      "ok": true
    },
    {
      "elapsed_ms": 1359,
      "error": null,
      "http_status": 200,
      "label": "ignore-eos-002-XXXXXXXXXXXXXXXXXXXXXXX",
      "lane": "strict-json-ignore-eos",
      "ok": true
    },
    {
      "elapsed_ms": 1703,
      "error": null,
      "http_status": 200,
      "label": "ignore-eos-003-XXXXXXXXXXXXXXXXXXXXXXXXXXXXXXXXXX",
      "lane": "strict-json-ignore-eos",
      "ok": true
    },
    {
      "elapsed_ms": 2144,
      "error": null,
      "http_status": 200,
      "label": "ignore-eos-004-XXXXXXXXXXXXXXXXXXXXXXXXXXXXXXXXXXXXXXXXXXXXX",
      "lane": "strict-json-ignore-eos",
      "ok": true
    },
    {
      "elapsed_ms": 1361,
      "error": null,
      "http_status": 200,
      "label": "ordinary-tool-000-X",
      "lane": "ordinary-tool-control",
      "ok": true
    },
    {
      "elapsed_ms": 1505,
      "error": null,
      "http_status": 200,
      "label": "ordinary-tool-001-XXXXXXXXXXXX",
      "lane": "ordinary-tool-control",
      "ok": true
    },
    {
      "elapsed_ms": 1518,
      "error": null,
      "http_status": 200,
      "label": "ordinary-tool-002-XXXXXXXXXXXXXXXXXXXXXXX",
      "lane": "ordinary-tool-control",
      "ok": true
    },
    {
      "elapsed_ms": 1514,
      "error": null,
      "http_status": 200,
      "label": "ordinary-tool-003-XXXXXXXXXXXXXXXXXXXXXXXXXXXXXXXXXX",
      "lane": "ordinary-tool-control",
      "ok": true
    },
    {
      "elapsed_ms": 1660,
      "error": null,
      "http_status": 200,
      "label": "ordinary-tool-004-XXXXXXXXXXXXXXXXXXXXXXXXXXXXXXXXXXXXXXXXXXXXX",
      "lane": "ordinary-tool-control",
      "ok": true
    },
    {
      "elapsed_ms": 1650,
      "error": null,
      "http_status": 200,
      "label": "ordinary-tool-005-XXXXXXXXXXXXXXXXXXXXXXXXXXXXXXXXXXXXXXXXXXXXXXXXXXXXXXXX",
      "lane": "ordinary-tool-control",
      "ok": true
    },
    {
      "elapsed_ms": 1656,
      "error": null,
      "http_status": 200,
      "label": "ordinary-tool-006-XXXXXXXXXXXXXXXXXXXXXXXXXXXXXXXXXXXXXXXXXXXXXXXXXXXXXXXXXXXXXXXXXXX",
      "lane": "ordinary-tool-control",
      "ok": true
    },
    {
      "elapsed_ms": 1507,
      "error": null,
      "http_status": 200,
      "label": "ordinary-tool-007-XXXXX",
      "lane": "ordinary-tool-control",
      "ok": true
    },
    {
      "elapsed_ms": 1518,
      "error": null,
      "http_status": 200,
      "label": "ordinary-tool-008-XXXXXXXXXXXXXXXX",
      "lane": "ordinary-tool-control",
      "ok": true
    },
    {
      "elapsed_ms": 1522,
      "error": null,
      "http_status": 200,
      "label": "ordinary-tool-009-XXXXXXXXXXXXXXXXXXXXXXXXXXX",
      "lane": "ordinary-tool-control",
      "ok": true
    },
    {
      "elapsed_ms": 664,
      "error": null,
      "http_status": 200,
      "label": "plain-chat-000-X",
      "lane": "plain-chat-control",
      "ok": true
    },
    {
      "elapsed_ms": 3624,
      "error": null,
      "http_status": 200,
      "label": "plain-chat-001-XXXXXXXXXXXX",
      "lane": "plain-chat-control",
      "ok": true
    },
    {
      "elapsed_ms": 4218,
      "error": null,
      "http_status": 200,
      "label": "plain-chat-002-XXXXXXXXXXXXXXXXXXXXXXX",
      "lane": "plain-chat-control",
      "ok": true
    },
    {
      "elapsed_ms": 2846,
      "error": null,
      "http_status": 200,
      "label": "plain-chat-003-XXXXXXXXXXXXXXXXXXXXXXXXXXXXXXXXXX",
      "lane": "plain-chat-control",
      "ok": true
    },
    {
      "elapsed_ms": 5144,
      "error": null,
      "http_status": 200,
      "label": "plain-chat-004-XXXXXXXXXXXXXXXXXXXXXXXXXXXXXXXXXXXXXXXXXXXXX",
      "lane": "plain-chat-control",
      "ok": true
    },
    {
      "elapsed_ms": 2088,
      "error": null,
      "http_status": 200,
      "label": "plain-chat-005-XXXXXXXXXXXXXXXXXXXXXXXXXXXXXXXXXXXXXXXXXXXXXXXXXXXXXXXX",
      "lane": "plain-chat-control",
      "ok": true
    },
    {
      "elapsed_ms": 4578,
      "error": null,
      "http_status": 200,
      "label": "plain-chat-006-XXXXXXXXXXXXXXXXXXXXXXXXXXXXXXXXXXXXXXXXXXXXXXXXXXXXXXXXXXXXXXXXXXX",
      "lane": "plain-chat-control",
      "ok": true
    },
    {
      "elapsed_ms": 570,
      "error": null,
      "http_status": 200,
      "label": "plain-chat-007-XXXXX",
      "lane": "plain-chat-control",
      "ok": true
    },
    {
      "elapsed_ms": 4828,
      "error": null,
      "http_status": 200,
      "label": "plain-chat-008-XXXXXXXXXXXXXXXX",
      "lane": "plain-chat-control",
      "ok": true
    },
    {
      "elapsed_ms": 3921,
      "error": null,
      "http_status": 200,
      "label": "plain-chat-009-XXXXXXXXXXXXXXXXXXXXXXXXXXX",
      "lane": "plain-chat-control",
      "ok": true
    }
  ],
  "schema_version": 2,
  "scope": "Strict tools require complete output and exact values; ignore-EOS lane checks transport/termination survival only, not JSON completeness",
  "started_at": "2026-09-05T12:51:35.029544+00:00",
  "status": "PASS"
}
