{
  "authenticated": false,
  "base_url": "http://kiwi:8001/v1",
  "completed_cases": 145,
  "concurrency": 6,
  "expected_cases": 145,
  "failed_cases": 1,
  "final_health": {
    "elapsed_ms": 4,
    "error": null,
    "http_status": 200,
    "ok": true
  },
  "finished_at": "2026-09-05T13:27:27.497877+00:00",
  "initial_health": {
    "elapsed_ms": 9,
    "error": null,
    "http_status": 200,
    "ok": true
  },
  "issue": 136,
  "model": "vcruz305/GLM-5.3-Flash-EXL3-K2",
  "redaction": "credentials, request bodies, response bodies, and headers omitted",
  "request_timeout_seconds": 120,
  "results": [
    {
      "elapsed_ms": 1217,
      "error": null,
      "http_status": 200,
      "label": "sequential-000-X",
      "lane": "strict-sequential",
      "ok": true
    },
    {
      "elapsed_ms": 1347,
      "error": null,
      "http_status": 200,
      "label": "sequential-001-XXXXXXXXXXXX",
      "lane": "strict-sequential",
      "ok": true
    },
    {
      "elapsed_ms": 1478,
      "error": null,
      "http_status": 200,
      "label": "sequential-002-XXXXXXXXXXXXXXXXXXXXXXX",
      "lane": "strict-sequential",
      "ok": true
    },
    {
      "elapsed_ms": 1479,
      "error": null,
      "http_status": 200,
      "label": "sequential-003-XXXXXXXXXXXXXXXXXXXXXXXXXXXXXXXXXX",
      "lane": "strict-sequential",
      "ok": true
    },
    {
      "elapsed_ms": 1637,
      "error": null,
      "http_status": 200,
      "label": "sequential-004-XXXXXXXXXXXXXXXXXXXXXXXXXXXXXXXXXXXXXXXXXXXXX",
      "lane": "strict-sequential",
      "ok": true
    },
    {
      "elapsed_ms": 1483,
      "error": null,
      "http_status": 200,
      "label": "sequential-005-XXXXXXXXXXXXXXXXXXXXXXXXXXXXXXXXXXXXXXXXXXXXXXXXXXXXXXXX",
      "lane": "strict-sequential",
      "ok": true
    },
    {
      "elapsed_ms": 1605,
      "error": null,
      "http_status": 200,
      "label": "sequential-006-XXXXXXXXXXXXXXXXXXXXXXXXXXXXXXXXXXXXXXXXXXXXXXXXXXXXXXXXXXXXXXXXXXX",
      "lane": "strict-sequential",
      "ok": true
    },
    {
      "elapsed_ms": 1356,
      "error": null,
      "http_status": 200,
      "label": "sequential-007-XXXXX",
      "lane": "strict-sequential",
      "ok": true
    },
    {
      "elapsed_ms": 1494,
      "error": null,
      "http_status": 200,
      "label": "sequential-008-XXXXXXXXXXXXXXXX",
      "lane": "strict-sequential",
      "ok": true
    },
    {
      "elapsed_ms": 1489,
      "error": null,
      "http_status": 200,
      "label": "sequential-009-XXXXXXXXXXXXXXXXXXXXXXXXXXX",
      "lane": "strict-sequential",
      "ok": true
    },
    {
      "elapsed_ms": 1488,
      "error": null,
      "http_status": 200,
      "label": "sequential-010-XXXXXXXXXXXXXXXXXXXXXXXXXXXXXXXXXXXXXX",
      "lane": "strict-sequential",
      "ok": true
    },
    {
      "elapsed_ms": 1646,
      "error": null,
      "http_status": 200,
      "label": "sequential-011-XXXXXXXXXXXXXXXXXXXXXXXXXXXXXXXXXXXXXXXXXXXXXXXXX",
      "lane": "strict-sequential",
      "ok": true
    },
    {
      "elapsed_ms": 1622,
      "error": null,
      "http_status": 200,
      "label": "sequential-012-XXXXXXXXXXXXXXXXXXXXXXXXXXXXXXXXXXXXXXXXXXXXXXXXXXXXXXXXXXXX",
      "lane": "strict-sequential",
      "ok": true
    },
    {
      "elapsed_ms": 1629,
      "error": null,
      "http_status": 200,
      "label": "sequential-013-XXXXXXXXXXXXXXXXXXXXXXXXXXXXXXXXXXXXXXXXXXXXXXXXXXXXXXXXXXXXXXXXXXXXXXX",
      "lane": "strict-sequential",
      "ok": true
    },
    {
      "elapsed_ms": 1359,
      "error": null,
      "http_status": 200,
      "label": "sequential-014-XXXXXXXXX",
      "lane": "strict-sequential",
      "ok": true
    },
    {
      "elapsed_ms": 1474,
      "error": null,
      "http_status": 200,
      "label": "sequential-015-XXXXXXXXXXXXXXXXXXXX",
      "lane": "strict-sequential",
      "ok": true
    },
    {
      "elapsed_ms": 1492,
      "error": null,
      "http_status": 200,
      "label": "sequential-016-XXXXXXXXXXXXXXXXXXXXXXXXXXXXXXX",
      "lane": "strict-sequential",
      "ok": true
    },
    {
      "elapsed_ms": 1495,
      "error": null,
      "http_status": 200,
      "label": "sequential-017-XXXXXXXXXXXXXXXXXXXXXXXXXXXXXXXXXXXXXXXXXX",
      "lane": "strict-sequential",
      "ok": true
    },
    {
      "elapsed_ms": 1799,
      "error": null,
      "http_status": 200,
      "label": "sequential-018-XXXXXXXXXXXXXXXXXXXXXXXXXXXXXXXXXXXXXXXXXXXXXXXXXXXXX",
      "lane": "strict-sequential",
      "ok": true
    },
    {
      "elapsed_ms": 1490,
      "error": null,
      "http_status": 200,
      "label": "sequential-019-XXXXXXXXXXXXXXXXXXXXXXXXXXXXXXXXXXXXXXXXXXXXXXXXXXXXXXXXXXXXXXXX",
      "lane": "strict-sequential",
      "ok": true
    },
    {
      "elapsed_ms": 2654,
      "error": null,
      "http_status": 200,
      "label": "concurrent-000-X",
      "lane": "strict-concurrency6-required",
      "ok": true
    },
    {
      "elapsed_ms": 2654,
      "error": null,
      "http_status": 200,
      "label": "concurrent-001-XXXXXXXXXXXX",
      "lane": "strict-concurrency6-named",
      "ok": true
    },
    {
      "elapsed_ms": 2925,
      "error": null,
      "http_status": 200,
      "label": "concurrent-002-XXXXXXXXXXXXXXXXXXXXXXX",
      "lane": "strict-concurrency6-required",
      "ok": true
    },
    {
      "elapsed_ms": 2925,
      "error": null,
      "http_status": 200,
      "label": "concurrent-003-XXXXXXXXXXXXXXXXXXXXXXXXXXXXXXXXXX",
      "lane": "strict-concurrency6-named",
      "ok": true
    },
    {
      "elapsed_ms": 3584,
      "error": null,
      "http_status": 200,
      "label": "concurrent-004-XXXXXXXXXXXXXXXXXXXXXXXXXXXXXXXXXXXXXXXXXXXXX",
      "lane": "strict-concurrency6-required",
      "ok": true
    },
    {
      "elapsed_ms": 2924,
      "error": null,
      "http_status": 200,
      "label": "concurrent-005-XXXXXXXXXXXXXXXXXXXXXXXXXXXXXXXXXXXXXXXXXXXXXXXXXXXXXXXX",
      "lane": "strict-concurrency6-named",
      "ok": true
    },
    {
      "elapsed_ms": 4102,
      "error": null,
      "http_status": 200,
      "label": "concurrent-006-XXXXXXXXXXXXXXXXXXXXXXXXXXXXXXXXXXXXXXXXXXXXXXXXXXXXXXXXXXXXXXXXXXX",
      "lane": "strict-concurrency6-required",
      "ok": true
    },
    {
      "elapsed_ms": 3219,
      "error": null,
      "http_status": 200,
      "label": "concurrent-007-XXXXX",
      "lane": "strict-concurrency6-named",
      "ok": true
    },
    {
      "elapsed_ms": 3831,
      "error": null,
      "http_status": 200,
      "label": "concurrent-008-XXXXXXXXXXXXXXXX",
      "lane": "strict-concurrency6-required",
      "ok": true
    },
    {
      "elapsed_ms": 3831,
      "error": null,
      "http_status": 200,
      "label": "concurrent-009-XXXXXXXXXXXXXXXXXXXXXXXXXXX",
      "lane": "strict-concurrency6-named",
      "ok": true
    },
    {
      "elapsed_ms": 3831,
      "error": null,
      "http_status": 200,
      "label": "concurrent-010-XXXXXXXXXXXXXXXXXXXXXXXXXXXXXXXXXXXXXX",
      "lane": "strict-concurrency6-required",
      "ok": true
    },
    {
      "elapsed_ms": 4214,
      "error": null,
      "http_status": 200,
      "label": "concurrent-011-XXXXXXXXXXXXXXXXXXXXXXXXXXXXXXXXXXXXXXXXXXXXXXXXX",
      "lane": "strict-concurrency6-named",
      "ok": true
    },
    {
      "elapsed_ms": 3674,
      "error": null,
      "http_status": 200,
      "label": "concurrent-012-XXXXXXXXXXXXXXXXXXXXXXXXXXXXXXXXXXXXXXXXXXXXXXXXXXXXXXXXXXXX",
      "lane": "strict-concurrency6-required",
      "ok": true
    },
    {
      "elapsed_ms": 3709,
      "error": null,
      "http_status": 200,
      "label": "concurrent-013-XXXXXXXXXXXXXXXXXXXXXXXXXXXXXXXXXXXXXXXXXXXXXXXXXXXXXXXXXXXXXXXXXXXXXXX",
      "lane": "strict-concurrency6-named",
      "ok": true
    },
    {
      "elapsed_ms": 3074,
      "error": null,
      "http_status": 200,
      "label": "concurrent-014-XXXXXXXXX",
      "lane": "strict-concurrency6-required",
      "ok": true
    },
    {
      "elapsed_ms": 3074,
      "error": null,
      "http_status": 200,
      "label": "concurrent-015-XXXXXXXXXXXXXXXXXXXX",
      "lane": "strict-concurrency6-named",
      "ok": true
    },
    {
      "elapsed_ms": 3074,
      "error": null,
      "http_status": 200,
      "label": "concurrent-016-XXXXXXXXXXXXXXXXXXXXXXXXXXXXXXX",
      "lane": "strict-concurrency6-required",
      "ok": true
    },
    {
      "elapsed_ms": 3435,
      "error": null,
      "http_status": 200,
      "label": "concurrent-017-XXXXXXXXXXXXXXXXXXXXXXXXXXXXXXXXXXXXXXXXXX",
      "lane": "strict-concurrency6-named",
      "ok": true
    },
    {
      "elapsed_ms": 4728,
      "error": null,
      "http_status": 200,
      "label": "concurrent-018-XXXXXXXXXXXXXXXXXXXXXXXXXXXXXXXXXXXXXXXXXXXXXXXXXXXXX",
      "lane": "strict-concurrency6-required",
      "ok": true
    },
    {
      "elapsed_ms": 4445,
      "error": null,
      "http_status": 200,
      "label": "concurrent-019-XXXXXXXXXXXXXXXXXXXXXXXXXXXXXXXXXXXXXXXXXXXXXXXXXXXXXXXXXXXXXXXX",
      "lane": "strict-concurrency6-named",
      "ok": true
    },
    {
      "elapsed_ms": 3550,
      "error": null,
      "http_status": 200,
      "label": "concurrent-020-XX",
      "lane": "strict-concurrency6-required",
      "ok": true
    },
    {
      "elapsed_ms": 3822,
      "error": null,
      "http_status": 200,
      "label": "concurrent-021-XXXXXXXXXXXXX",
      "lane": "strict-concurrency6-named",
      "ok": true
    },
    {
      "elapsed_ms": 3811,
      "error": null,
      "http_status": 200,
      "label": "concurrent-022-XXXXXXXXXXXXXXXXXXXXXXXX",
      "lane": "strict-concurrency6-required",
      "ok": true
    },
    {
      "elapsed_ms": 3668,
      "error": null,
      "http_status": 200,
      "label": "concurrent-023-XXXXXXXXXXXXXXXXXXXXXXXXXXXXXXXXXXX",
      "lane": "strict-concurrency6-named",
      "ok": true
    },
    {
      "elapsed_ms": 4046,
      "error": null,
      "http_status": 200,
      "label": "concurrent-024-XXXXXXXXXXXXXXXXXXXXXXXXXXXXXXXXXXXXXXXXXXXXXX",
      "lane": "strict-concurrency6-required",
      "ok": true
    },
    {
      "elapsed_ms": 4053,
      "error": null,
      "http_status": 200,
      "label": "concurrent-025-XXXXXXXXXXXXXXXXXXXXXXXXXXXXXXXXXXXXXXXXXXXXXXXXXXXXXXXXX",
      "lane": "strict-concurrency6-named",
      "ok": true
    },
    {
      "elapsed_ms": 4040,
      "error": null,
      "http_status": 200,
      "label": "concurrent-026-XXXXXXXXXXXXXXXXXXXXXXXXXXXXXXXXXXXXXXXXXXXXXXXXXXXXXXXXXXXXXXXXXXXX",
      "lane": "strict-concurrency6-required",
      "ok": true
    },
    {
      "elapsed_ms": 3431,
      "error": null,
      "http_status": 200,
      "label": "concurrent-027-XXXXXX",
      "lane": "strict-concurrency6-named",
      "ok": true
    },
    {
      "elapsed_ms": 3431,
      "error": null,
      "http_status": 200,
      "label": "concurrent-028-XXXXXXXXXXXXXXXXX",
      "lane": "strict-concurrency6-required",
      "ok": true
    },
    {
      "elapsed_ms": 3411,
      "error": null,
      "http_status": 200,
      "label": "concurrent-029-XXXXXXXXXXXXXXXXXXXXXXXXXXXX",
      "lane": "strict-concurrency6-named",
      "ok": true
    },
    {
      "elapsed_ms": 3485,
      "error": null,
      "http_status": 200,
      "label": "concurrent-030-XXXXXXXXXXXXXXXXXXXXXXXXXXXXXXXXXXXXXXX",
      "lane": "strict-concurrency6-required",
      "ok": true
    },
    {
      "elapsed_ms": 4073,
      "error": null,
      "http_status": 200,
      "label": "concurrent-031-XXXXXXXXXXXXXXXXXXXXXXXXXXXXXXXXXXXXXXXXXXXXXXXXXX",
      "lane": "strict-concurrency6-named",
      "ok": true
    },
    {
      "elapsed_ms": 4071,
      "error": null,
      "http_status": 200,
      "label": "concurrent-032-XXXXXXXXXXXXXXXXXXXXXXXXXXXXXXXXXXXXXXXXXXXXXXXXXXXXXXXXXXXXX",
      "lane": "strict-concurrency6-required",
      "ok": true
    },
    {
      "elapsed_ms": 4070,
      "error": null,
      "http_status": 200,
      "label": "concurrent-033-XXXXXXXXXXXXXXXXXXXXXXXXXXXXXXXXXXXXXXXXXXXXXXXXXXXXXXXXXXXXXXXXXXXXXXXX",
      "lane": "strict-concurrency6-named",
      "ok": true
    },
    {
      "elapsed_ms": 3463,
      "error": null,
      "http_status": 200,
      "label": "concurrent-034-XXXXXXXXXX",
      "lane": "strict-concurrency6-required",
      "ok": true
    },
    {
      "elapsed_ms": 3463,
      "error": null,
      "http_status": 200,
      "label": "concurrent-035-XXXXXXXXXXXXXXXXXXXXX",
      "lane": "strict-concurrency6-named",
      "ok": true
    },
    {
      "elapsed_ms": 3129,
      "error": null,
      "http_status": 200,
      "label": "concurrent-036-XXXXXXXXXXXXXXXXXXXXXXXXXXXXXXXX",
      "lane": "strict-concurrency6-required",
      "ok": true
    },
    {
      "elapsed_ms": 3162,
      "error": null,
      "http_status": 200,
      "label": "concurrent-037-XXXXXXXXXXXXXXXXXXXXXXXXXXXXXXXXXXXXXXXXXXX",
      "lane": "strict-concurrency6-named",
      "ok": true
    },
    {
      "elapsed_ms": 4522,
      "error": null,
      "http_status": 200,
      "label": "concurrent-038-XXXXXXXXXXXXXXXXXXXXXXXXXXXXXXXXXXXXXXXXXXXXXXXXXXXXXX",
      "lane": "strict-concurrency6-required",
      "ok": true
    },
    {
      "elapsed_ms": 3807,
      "error": null,
      "http_status": 200,
      "label": "concurrent-039-XXXXXXXXXXXXXXXXXXXXXXXXXXXXXXXXXXXXXXXXXXXXXXXXXXXXXXXXXXXXXXXXX",
      "lane": "strict-concurrency6-named",
      "ok": true
    },
    {
      "elapsed_ms": 2540,
      "error": null,
      "http_status": 200,
      "label": "concurrent-040-XXX",
      "lane": "strict-concurrency6-required",
      "ok": true
    },
    {
      "elapsed_ms": 3160,
      "error": null,
      "http_status": 200,
      "label": "concurrent-041-XXXXXXXXXXXXXX",
      "lane": "strict-concurrency6-named",
      "ok": true
    },
    {
      "elapsed_ms": 4103,
      "error": null,
      "http_status": 200,
      "label": "concurrent-042-XXXXXXXXXXXXXXXXXXXXXXXXX",
      "lane": "strict-concurrency6-required",
      "ok": true
    },
    {
      "elapsed_ms": 4116,
      "error": null,
      "http_status": 200,
      "label": "concurrent-043-XXXXXXXXXXXXXXXXXXXXXXXXXXXXXXXXXXXX",
      "lane": "strict-concurrency6-named",
      "ok": true
    },
    {
      "elapsed_ms": 4766,
      "error": null,
      "http_status": 200,
      "label": "concurrent-044-XXXXXXXXXXXXXXXXXXXXXXXXXXXXXXXXXXXXXXXXXXXXXXX",
      "lane": "strict-concurrency6-required",
      "ok": true
    },
    {
      "elapsed_ms": 4766,
      "error": null,
      "http_status": 200,
      "label": "concurrent-045-XXXXXXXXXXXXXXXXXXXXXXXXXXXXXXXXXXXXXXXXXXXXXXXXXXXXXXXXXX",
      "lane": "strict-concurrency6-named",
      "ok": true
    },
    {
      "elapsed_ms": 4369,
      "error": null,
      "http_status": 200,
      "label": "concurrent-046-XXXXXXXXXXXXXXXXXXXXXXXXXXXXXXXXXXXXXXXXXXXXXXXXXXXXXXXXXXXXXXXXXXXXX",
      "lane": "strict-concurrency6-required",
      "ok": true
    },
    {
      "elapsed_ms": 3655,
      "error": null,
      "http_status": 200,
      "label": "concurrent-047-XXXXXXX",
      "lane": "strict-concurrency6-named",
      "ok": true
    },
    {
      "elapsed_ms": 3785,
      "error": null,
      "http_status": 200,
      "label": "concurrent-048-XXXXXXXXXXXXXXXXXX",
      "lane": "strict-concurrency6-required",
      "ok": true
    },
    {
      "elapsed_ms": 3772,
      "error": null,
      "http_status": 200,
      "label": "concurrent-049-XXXXXXXXXXXXXXXXXXXXXXXXXXXXX",
      "lane": "strict-concurrency6-named",
      "ok": true
    },
    {
      "elapsed_ms": 3765,
      "error": null,
      "http_status": 200,
      "label": "concurrent-050-XXXXXXXXXXXXXXXXXXXXXXXXXXXXXXXXXXXXXXXX",
      "lane": "strict-concurrency6-required",
      "ok": true
    },
    {
      "elapsed_ms": 4014,
      "error": null,
      "http_status": 200,
      "label": "concurrent-051-XXXXXXXXXXXXXXXXXXXXXXXXXXXXXXXXXXXXXXXXXXXXXXXXXXX",
      "lane": "strict-concurrency6-named",
      "ok": true
    },
    {
      "elapsed_ms": 4399,
      "error": null,
      "http_status": 200,
      "label": "concurrent-052-XXXXXXXXXXXXXXXXXXXXXXXXXXXXXXXXXXXXXXXXXXXXXXXXXXXXXXXXXXXXXX",
      "lane": "strict-concurrency6-required",
      "ok": true
    },
    {
      "elapsed_ms": 4398,
      "error": null,
      "http_status": 200,
      "label": "concurrent-053-XXXXXXXXXXXXXXXXXXXXXXXXXXXXXXXXXXXXXXXXXXXXXXXXXXXXXXXXXXXXXXXXXXXXXXXXX",
      "lane": "strict-concurrency6-named",
      "ok": true
    },
    {
      "elapsed_ms": 4050,
      "error": null,
      "http_status": 200,
      "label": "concurrent-054-XXXXXXXXXXX",
      "lane": "strict-concurrency6-required",
      "ok": true
    },
    {
      "elapsed_ms": 4062,
      "error": null,
      "http_status": 200,
      "label": "concurrent-055-XXXXXXXXXXXXXXXXXXXXXX",
      "lane": "strict-concurrency6-named",
      "ok": true
    },
    {
      "elapsed_ms": 4079,
      "error": null,
      "http_status": 200,
      "label": "concurrent-056-XXXXXXXXXXXXXXXXXXXXXXXXXXXXXXXXX",
      "lane": "strict-concurrency6-required",
      "ok": true
    },
    {
      "elapsed_ms": 4078,
      "error": null,
      "http_status": 200,
      "label": "concurrent-057-XXXXXXXXXXXXXXXXXXXXXXXXXXXXXXXXXXXXXXXXXXXX",
      "lane": "strict-concurrency6-named",
      "ok": true
    },
    {
      "elapsed_ms": 4974,
      "error": null,
      "http_status": 200,
      "label": "concurrent-058-XXXXXXXXXXXXXXXXXXXXXXXXXXXXXXXXXXXXXXXXXXXXXXXXXXXXXXX",
      "lane": "strict-concurrency6-required",
      "ok": true
    },
    {
      "elapsed_ms": 4725,
      "error": null,
      "http_status": 200,
      "label": "concurrent-059-XXXXXXXXXXXXXXXXXXXXXXXXXXXXXXXXXXXXXXXXXXXXXXXXXXXXXXXXXXXXXXXXXX",
      "lane": "strict-concurrency6-named",
      "ok": true
    },
    {
      "elapsed_ms": 3998,
      "error": null,
      "http_status": 200,
      "label": "concurrent-060-XXXX",
      "lane": "strict-concurrency6-required",
      "ok": true
    },
    {
      "elapsed_ms": 4352,
      "error": null,
      "http_status": 200,
      "label": "concurrent-061-XXXXXXXXXXXXXXX",
      "lane": "strict-concurrency6-named",
      "ok": true
    },
    {
      "elapsed_ms": 4354,
      "error": null,
      "http_status": 200,
      "label": "concurrent-062-XXXXXXXXXXXXXXXXXXXXXXXXXX",
      "lane": "strict-concurrency6-required",
      "ok": true
    },
    {
      "elapsed_ms": 4354,
      "error": null,
      "http_status": 200,
      "label": "concurrent-063-XXXXXXXXXXXXXXXXXXXXXXXXXXXXXXXXXXXXX",
      "lane": "strict-concurrency6-named",
      "ok": true
    },
    {
      "elapsed_ms": 4599,
      "error": null,
      "http_status": 200,
      "label": "concurrent-064-XXXXXXXXXXXXXXXXXXXXXXXXXXXXXXXXXXXXXXXXXXXXXXXX",
      "lane": "strict-concurrency6-required",
      "ok": true
    },
    {
      "elapsed_ms": 4637,
      "error": null,
      "http_status": 200,
      "label": "concurrent-065-XXXXXXXXXXXXXXXXXXXXXXXXXXXXXXXXXXXXXXXXXXXXXXXXXXXXXXXXXXX",
      "lane": "strict-concurrency6-named",
      "ok": true
    },
    {
      "elapsed_ms": 4637,
      "error": null,
      "http_status": 200,
      "label": "concurrent-066-XXXXXXXXXXXXXXXXXXXXXXXXXXXXXXXXXXXXXXXXXXXXXXXXXXXXXXXXXXXXXXXXXXXXXX",
      "lane": "strict-concurrency6-required",
      "ok": true
    },
    {
      "elapsed_ms": 3345,
      "error": null,
      "http_status": 200,
      "label": "concurrent-067-XXXXXXXX",
      "lane": "strict-concurrency6-named",
      "ok": true
    },
    {
      "elapsed_ms": 4090,
      "error": null,
      "http_status": 200,
      "label": "concurrent-068-XXXXXXXXXXXXXXXXXXX",
      "lane": "strict-concurrency6-required",
      "ok": true
    },
    {
      "elapsed_ms": 4093,
      "error": null,
      "http_status": 200,
      "label": "concurrent-069-XXXXXXXXXXXXXXXXXXXXXXXXXXXXXX",
      "lane": "strict-concurrency6-named",
      "ok": true
    },
    {
      "elapsed_ms": 4086,
      "error": null,
      "http_status": 200,
      "label": "concurrent-070-XXXXXXXXXXXXXXXXXXXXXXXXXXXXXXXXXXXXXXXXX",
      "lane": "strict-concurrency6-required",
      "ok": true
    },
    {
      "elapsed_ms": 4724,
      "error": null,
      "http_status": 200,
      "label": "concurrent-071-XXXXXXXXXXXXXXXXXXXXXXXXXXXXXXXXXXXXXXXXXXXXXXXXXXXX",
      "lane": "strict-concurrency6-named",
      "ok": true
    },
    {
      "elapsed_ms": 4724,
      "error": null,
      "http_status": 200,
      "label": "concurrent-072-XXXXXXXXXXXXXXXXXXXXXXXXXXXXXXXXXXXXXXXXXXXXXXXXXXXXXXXXXXXXXXX",
      "lane": "strict-concurrency6-required",
      "ok": true
    },
    {
      "elapsed_ms": 3431,
      "error": null,
      "http_status": 200,
      "label": "concurrent-073-X",
      "lane": "strict-concurrency6-named",
      "ok": true
    },
    {
      "elapsed_ms": 4042,
      "error": null,
      "http_status": 200,
      "label": "concurrent-074-XXXXXXXXXXXX",
      "lane": "strict-concurrency6-required",
      "ok": true
    },
    {
      "elapsed_ms": 4072,
      "error": null,
      "http_status": 200,
      "label": "concurrent-075-XXXXXXXXXXXXXXXXXXXXXXX",
      "lane": "strict-concurrency6-named",
      "ok": true
    },
    {
      "elapsed_ms": 4074,
      "error": null,
      "http_status": 200,
      "label": "concurrent-076-XXXXXXXXXXXXXXXXXXXXXXXXXXXXXXXXXX",
      "lane": "strict-concurrency6-required",
      "ok": true
    },
    {
      "elapsed_ms": 4727,
      "error": null,
      "http_status": 200,
      "label": "concurrent-077-XXXXXXXXXXXXXXXXXXXXXXXXXXXXXXXXXXXXXXXXXXXXX",
      "lane": "strict-concurrency6-named",
      "ok": true
    },
    {
      "elapsed_ms": 4084,
      "error": null,
      "http_status": 200,
      "label": "concurrent-078-XXXXXXXXXXXXXXXXXXXXXXXXXXXXXXXXXXXXXXXXXXXXXXXXXXXXXXXX",
      "lane": "strict-concurrency6-required",
      "ok": true
    },
    {
      "elapsed_ms": 4333,
      "error": null,
      "http_status": 200,
      "label": "concurrent-079-XXXXXXXXXXXXXXXXXXXXXXXXXXXXXXXXXXXXXXXXXXXXXXXXXXXXXXXXXXXXXXXXXXX",
      "lane": "strict-concurrency6-named",
      "ok": true
    },
    {
      "elapsed_ms": 3666,
      "error": null,
      "http_status": 200,
      "label": "concurrent-080-XXXXX",
      "lane": "strict-concurrency6-required",
      "ok": true
    },
    {
      "elapsed_ms": 4059,
      "error": null,
      "http_status": 200,
      "label": "concurrent-081-XXXXXXXXXXXXXXXX",
      "lane": "strict-concurrency6-named",
      "ok": true
    },
    {
      "elapsed_ms": 4070,
      "error": null,
      "http_status": 200,
      "label": "concurrent-082-XXXXXXXXXXXXXXXXXXXXXXXXXXX",
      "lane": "strict-concurrency6-required",
      "ok": true
    },
    {
      "elapsed_ms": 4072,
      "error": null,
      "http_status": 200,
      "label": "concurrent-083-XXXXXXXXXXXXXXXXXXXXXXXXXXXXXXXXXXXXXX",
      "lane": "strict-concurrency6-named",
      "ok": true
    },
    {
      "elapsed_ms": 4322,
      "error": null,
      "http_status": 200,
      "label": "concurrent-084-XXXXXXXXXXXXXXXXXXXXXXXXXXXXXXXXXXXXXXXXXXXXXXXXX",
      "lane": "strict-concurrency6-required",
      "ok": true
    },
    {
      "elapsed_ms": 4714,
      "error": null,
      "http_status": 200,
      "label": "concurrent-085-XXXXXXXXXXXXXXXXXXXXXXXXXXXXXXXXXXXXXXXXXXXXXXXXXXXXXXXXXXXX",
      "lane": "strict-concurrency6-named",
      "ok": true
    },
    {
      "elapsed_ms": 4674,
      "error": null,
      "http_status": 200,
      "label": "concurrent-086-XXXXXXXXXXXXXXXXXXXXXXXXXXXXXXXXXXXXXXXXXXXXXXXXXXXXXXXXXXXXXXXXXXXXXXX",
      "lane": "strict-concurrency6-required",
      "ok": true
    },
    {
      "elapsed_ms": 4000,
      "error": null,
      "http_status": 200,
      "label": "concurrent-087-XXXXXXXXX",
      "lane": "strict-concurrency6-named",
      "ok": true
    },
    {
      "elapsed_ms": 4098,
      "error": null,
      "http_status": 200,
      "label": "concurrent-088-XXXXXXXXXXXXXXXXXXXX",
      "lane": "strict-concurrency6-required",
      "ok": true
    },
    {
      "elapsed_ms": 4087,
      "error": null,
      "http_status": 200,
      "label": "concurrent-089-XXXXXXXXXXXXXXXXXXXXXXXXXXXXXXX",
      "lane": "strict-concurrency6-named",
      "ok": true
    },
    {
      "elapsed_ms": 4088,
      "error": null,
      "http_status": 200,
      "label": "concurrent-090-XXXXXXXXXXXXXXXXXXXXXXXXXXXXXXXXXXXXXXXXXX",
      "lane": "strict-concurrency6-required",
      "ok": true
    },
    {
      "elapsed_ms": 5367,
      "error": null,
      "http_status": 200,
      "label": "concurrent-091-XXXXXXXXXXXXXXXXXXXXXXXXXXXXXXXXXXXXXXXXXXXXXXXXXXXXX",
      "lane": "strict-concurrency6-named",
      "ok": true
    },
    {
      "elapsed_ms": 4728,
      "error": null,
      "http_status": 200,
      "label": "concurrent-092-XXXXXXXXXXXXXXXXXXXXXXXXXXXXXXXXXXXXXXXXXXXXXXXXXXXXXXXXXXXXXXXX",
      "lane": "strict-concurrency6-required",
      "ok": true
    },
    {
      "elapsed_ms": 3444,
      "error": null,
      "http_status": 200,
      "label": "concurrent-093-XX",
      "lane": "strict-concurrency6-named",
      "ok": true
    },
    {
      "elapsed_ms": 4040,
      "error": null,
      "http_status": 200,
      "label": "concurrent-094-XXXXXXXXXXXXX",
      "lane": "strict-concurrency6-required",
      "ok": true
    },
    {
      "elapsed_ms": 3638,
      "error": null,
      "http_status": 200,
      "label": "concurrent-095-XXXXXXXXXXXXXXXXXXXXXXXX",
      "lane": "strict-concurrency6-named",
      "ok": true
    },
    {
      "elapsed_ms": 3634,
      "error": null,
      "http_status": 200,
      "label": "concurrent-096-XXXXXXXXXXXXXXXXXXXXXXXXXXXXXXXXXXX",
      "lane": "strict-concurrency6-required",
      "ok": true
    },
    {
      "elapsed_ms": 3409,
      "error": null,
      "http_status": 200,
      "label": "concurrent-097-XXXXXXXXXXXXXXXXXXXXXXXXXXXXXXXXXXXXXXXXXXXXXX",
      "lane": "strict-concurrency6-named",
      "ok": true
    },
    {
      "elapsed_ms": 2497,
      "error": null,
      "http_status": 200,
      "label": "concurrent-098-XXXXXXXXXXXXXXXXXXXXXXXXXXXXXXXXXXXXXXXXXXXXXXXXXXXXXXXXX",
      "lane": "strict-concurrency6-required",
      "ok": true
    },
    {
      "elapsed_ms": 2497,
      "error": null,
      "http_status": 200,
      "label": "concurrent-099-XXXXXXXXXXXXXXXXXXXXXXXXXXXXXXXXXXXXXXXXXXXXXXXXXXXXXXXXXXXXXXXXXXXX",
      "lane": "strict-concurrency6-named",
      "ok": true
    },
    {
      "elapsed_ms": 1598,
      "error": "http-500",
      "http_status": 500,
      "label": "ignore-eos-000-X",
      "lane": "strict-json-ignore-eos",
      "ok": false
    },
    {
      "elapsed_ms": 1927,
      "error": null,
      "http_status": 200,
      "label": "ignore-eos-001-XXXXXXXXXXXX",
      "lane": "strict-json-ignore-eos",
      "ok": true
    },
    {
      "elapsed_ms": 1768,
      "error": null,
      "http_status": 200,
      "label": "ignore-eos-002-XXXXXXXXXXXXXXXXXXXXXXX",
      "lane": "strict-json-ignore-eos",
      "ok": true
    },
    {
      "elapsed_ms": 1503,
      "error": null,
      "http_status": 200,
      "label": "ignore-eos-003-XXXXXXXXXXXXXXXXXXXXXXXXXXXXXXXXXX",
      "lane": "strict-json-ignore-eos",
      "ok": true
    },
    {
      "elapsed_ms": 1805,
      "error": null,
      "http_status": 200,
      "label": "ignore-eos-004-XXXXXXXXXXXXXXXXXXXXXXXXXXXXXXXXXXXXXXXXXXXXX",
      "lane": "strict-json-ignore-eos",
      "ok": true
    },
    {
      "elapsed_ms": 1359,
      "error": null,
      "http_status": 200,
      "label": "ordinary-tool-000-X",
      "lane": "ordinary-tool-control",
      "ok": true
    },
    {
      "elapsed_ms": 1498,
      "error": null,
      "http_status": 200,
      "label": "ordinary-tool-001-XXXXXXXXXXXX",
      "lane": "ordinary-tool-control",
      "ok": true
    },
    {
      "elapsed_ms": 1497,
      "error": null,
      "http_status": 200,
      "label": "ordinary-tool-002-XXXXXXXXXXXXXXXXXXXXXXX",
      "lane": "ordinary-tool-control",
      "ok": true
    },
    {
      "elapsed_ms": 1502,
      "error": null,
      "http_status": 200,
      "label": "ordinary-tool-003-XXXXXXXXXXXXXXXXXXXXXXXXXXXXXXXXXX",
      "lane": "ordinary-tool-control",
      "ok": true
    },
    {
      "elapsed_ms": 1649,
      "error": null,
      "http_status": 200,
      "label": "ordinary-tool-004-XXXXXXXXXXXXXXXXXXXXXXXXXXXXXXXXXXXXXXXXXXXXX",
      "lane": "ordinary-tool-control",
      "ok": true
    },
    {
      "elapsed_ms": 1631,
      "error": null,
      "http_status": 200,
      "label": "ordinary-tool-005-XXXXXXXXXXXXXXXXXXXXXXXXXXXXXXXXXXXXXXXXXXXXXXXXXXXXXXXX",
      "lane": "ordinary-tool-control",
      "ok": true
    },
    {
      "elapsed_ms": 1638,
      "error": null,
      "http_status": 200,
      "label": "ordinary-tool-006-XXXXXXXXXXXXXXXXXXXXXXXXXXXXXXXXXXXXXXXXXXXXXXXXXXXXXXXXXXXXXXXXXXX",
      "lane": "ordinary-tool-control",
      "ok": true
    },
    {
      "elapsed_ms": 1484,
      "error": null,
      "http_status": 200,
      "label": "ordinary-tool-007-XXXXX",
      "lane": "ordinary-tool-control",
      "ok": true
    },
    {
      "elapsed_ms": 1505,
      "error": null,
      "http_status": 200,
      "label": "ordinary-tool-008-XXXXXXXXXXXXXXXX",
      "lane": "ordinary-tool-control",
      "ok": true
    },
    {
      "elapsed_ms": 1506,
      "error": null,
      "http_status": 200,
      "label": "ordinary-tool-009-XXXXXXXXXXXXXXXXXXXXXXXXXXX",
      "lane": "ordinary-tool-control",
      "ok": true
    },
    {
      "elapsed_ms": 716,
      "error": null,
      "http_status": 200,
      "label": "plain-chat-000-X",
      "lane": "plain-chat-control",
      "ok": true
    },
    {
      "elapsed_ms": 3382,
      "error": null,
      "http_status": 200,
      "label": "plain-chat-001-XXXXXXXXXXXX",
      "lane": "plain-chat-control",
      "ok": true
    },
    {
      "elapsed_ms": 2775,
      "error": null,
      "http_status": 200,
      "label": "plain-chat-002-XXXXXXXXXXXXXXXXXXXXXXX",
      "lane": "plain-chat-control",
      "ok": true
    },
    {
      "elapsed_ms": 3071,
      "error": null,
      "http_status": 200,
      "label": "plain-chat-003-XXXXXXXXXXXXXXXXXXXXXXXXXXXXXXXXXX",
      "lane": "plain-chat-control",
      "ok": true
    },
    {
      "elapsed_ms": 977,
      "error": null,
      "http_status": 200,
      "label": "plain-chat-004-XXXXXXXXXXXXXXXXXXXXXXXXXXXXXXXXXXXXXXXXXXXXX",
      "lane": "plain-chat-control",
      "ok": true
    },
    {
      "elapsed_ms": 6667,
      "error": null,
      "http_status": 200,
      "label": "plain-chat-005-XXXXXXXXXXXXXXXXXXXXXXXXXXXXXXXXXXXXXXXXXXXXXXXXXXXXXXXX",
      "lane": "plain-chat-control",
      "ok": true
    },
    {
      "elapsed_ms": 2834,
      "error": null,
      "http_status": 200,
      "label": "plain-chat-006-XXXXXXXXXXXXXXXXXXXXXXXXXXXXXXXXXXXXXXXXXXXXXXXXXXXXXXXXXXXXXXXXXXX",
      "lane": "plain-chat-control",
      "ok": true
    },
    {
      "elapsed_ms": 508,
      "error": null,
      "http_status": 200,
      "label": "plain-chat-007-XXXXX",
      "lane": "plain-chat-control",
      "ok": true
    },
    {
      "elapsed_ms": 3069,
      "error": null,
      "http_status": 200,
      "label": "plain-chat-008-XXXXXXXXXXXXXXXX",
      "lane": "plain-chat-control",
      "ok": true
    },
    {
      "elapsed_ms": 7567,
      "error": null,
      "http_status": 200,
      "label": "plain-chat-009-XXXXXXXXXXXXXXXXXXXXXXXXXXX",
      "lane": "plain-chat-control",
      "ok": true
    }
  ],
  "schema_version": 2,
  "scope": "Strict tools require complete output and exact values; ignore-EOS lane checks transport/termination survival only, not JSON completeness",
  "started_at": "2026-09-05T13:24:56.355596+00:00",
  "status": "FAIL"
}
