sha256:b5ae51f7229f51d0afbb217461811411f9ea39f0cd167b893e5e59843139c3e9 arm64
528651526b055f24cf2781828d2c0d075625e2282b24642548e2b1a6a5695420  scripts/qualify-projection-mixed.py
{"gpu": "NVIDIA GB10", "torch": "2.13.0+cu130"}
INFO 09-05 15:46:36 [exl3.py:625] EXL3 standard fused MoE enabled for glm5_next: projection tiers (2, 3) via b12x
INFO 09-05 15:46:37 [exl3.py:2434] EXL3 projection-mixed Trellis model.language_model.layers.0.mlp.experts: tiers=(bits,gate,up,down)((2, 287, 1, 144), (3, 1, 287, 144))
b12x policy fallback: moe.decode is using a heuristic on nvidia gb10 (compute capability 12.1, 48 SMs) because profile 'nvidia.gb10.48sm' does not cover the query; query={'activation': 'silu', 'hidden_size': 4096, 'intermediate_size': 2048, 'num_experts': 288, 'num_tokens': 8, 'quant_mode': 'w4a16', 'routed_rows': 64, 'source_format': 'b12x_trellis', 'top_k': 8}
{"tiers": [2, 3], "experts": 288, "rows": 1, "capacity": 8, "hidden": 4096, "intermediate": 2048, "topk": 8, "relative_error": 0.00039724737871438265, "cosine": 0.9999998807907104, "graph_replay": true, "stable_allocation": true}
{"tiers": [2, 3], "experts": 288, "rows": 6, "capacity": 8, "hidden": 4096, "intermediate": 2048, "topk": 8, "relative_error": 0.00041646676254458725, "cosine": 0.9999998807907104, "graph_replay": true, "stable_allocation": true}
{"tiers": [2, 3], "experts": 288, "rows": 8, "capacity": 8, "hidden": 4096, "intermediate": 2048, "topk": 8, "relative_error": 0.0004135671188123524, "cosine": 1.0, "graph_replay": true, "stable_allocation": true}
b12x policy fallback: moe.decode is using a heuristic on nvidia gb10 (compute capability 12.1, 48 SMs) because profile 'nvidia.gb10.48sm' does not cover the query; query={'activation': 'silu', 'hidden_size': 4096, 'intermediate_size': 2048, 'num_experts': 288, 'num_tokens': 128, 'quant_mode': 'w4a16', 'routed_rows': 1024, 'source_format': 'b12x_trellis', 'top_k': 8}
{"tiers": [2, 3], "experts": 288, "rows": 36, "capacity": 128, "hidden": 4096, "intermediate": 2048, "topk": 8, "relative_error": 0.0004049974668305367, "cosine": 0.9999998807907104, "graph_replay": true, "stable_allocation": true}
{"tiers": [2, 3], "experts": 288, "rows": 65, "capacity": 128, "hidden": 4096, "intermediate": 2048, "topk": 8, "relative_error": 0.00040878719300962985, "cosine": 0.9999999403953552, "graph_replay": true, "stable_allocation": true}
{"tiers": [2, 3], "experts": 288, "rows": 128, "capacity": 128, "hidden": 4096, "intermediate": 2048, "topk": 8, "relative_error": 0.0004085871041752398, "cosine": 0.9999998211860657, "graph_replay": true, "stable_allocation": true}
INFO 09-05 15:46:54 [exl3.py:625] EXL3 standard fused MoE enabled for glm5_next: projection tiers (3, 4) via b12x
INFO 09-05 15:46:54 [exl3.py:2434] EXL3 projection-mixed Trellis model.language_model.layers.0.mlp.experts: tiers=(bits,gate,up,down)((3, 287, 1, 144), (4, 1, 287, 144))
{"tiers": [3, 4], "experts": 288, "rows": 1, "capacity": 8, "hidden": 4096, "intermediate": 2048, "topk": 8, "relative_error": 0.000410738488426432, "cosine": 0.9999999403953552, "graph_replay": true, "stable_allocation": true}
{"tiers": [3, 4], "experts": 288, "rows": 6, "capacity": 8, "hidden": 4096, "intermediate": 2048, "topk": 8, "relative_error": 0.0004152761830482632, "cosine": 0.9999998807907104, "graph_replay": true, "stable_allocation": true}
{"tiers": [3, 4], "experts": 288, "rows": 8, "capacity": 8, "hidden": 4096, "intermediate": 2048, "topk": 8, "relative_error": 0.00041164830327033997, "cosine": 0.9999997615814209, "graph_replay": true, "stable_allocation": true}
{"tiers": [3, 4], "experts": 288, "rows": 36, "capacity": 128, "hidden": 4096, "intermediate": 2048, "topk": 8, "relative_error": 0.0004093717143405229, "cosine": 0.9999997615814209, "graph_replay": true, "stable_allocation": true}
{"tiers": [3, 4], "experts": 288, "rows": 65, "capacity": 128, "hidden": 4096, "intermediate": 2048, "topk": 8, "relative_error": 0.00040705702849663794, "cosine": 0.9999999403953552, "graph_replay": true, "stable_allocation": true}
{"tiers": [3, 4], "experts": 288, "rows": 128, "capacity": 128, "hidden": 4096, "intermediate": 2048, "topk": 8, "relative_error": 0.00040937980520538986, "cosine": 0.9999998807907104, "graph_replay": true, "stable_allocation": true}
{"gpu": "NVIDIA GB10", "torch": "2.13.0+cu130"}
INFO 09-05 15:47:23 [exl3.py:625] EXL3 standard fused MoE enabled for glm5_next: projection tiers (4, 5) via b12x
INFO 09-05 15:47:23 [exl3.py:2434] EXL3 projection-mixed Trellis model.language_model.layers.0.mlp.experts: tiers=(bits,gate,up,down)((4, 3, 2, 1), (5, 1, 2, 3))
b12x policy fallback: moe.decode is using a heuristic on nvidia gb10 (compute capability 12.1, 48 SMs) because profile 'nvidia.gb10.48sm' does not cover the query; query={'activation': 'silu', 'hidden_size': 128, 'intermediate_size': 128, 'num_experts': 4, 'num_tokens': 8, 'quant_mode': 'w4a16', 'routed_rows': 16, 'source_format': 'b12x_trellis', 'top_k': 2}
{"tiers": [4, 5], "experts": 4, "rows": 1, "capacity": 8, "hidden": 128, "intermediate": 128, "topk": 2, "relative_error": 0.0005632855463773012, "cosine": 0.9999999403953552, "graph_replay": true, "stable_allocation": true}
{"tiers": [4, 5], "experts": 4, "rows": 6, "capacity": 8, "hidden": 128, "intermediate": 128, "topk": 2, "relative_error": 0.0006323860725387931, "cosine": 0.9999998807907104, "graph_replay": true, "stable_allocation": true}
{"tiers": [4, 5], "experts": 4, "rows": 8, "capacity": 8, "hidden": 128, "intermediate": 128, "topk": 2, "relative_error": 0.0006149118416942656, "cosine": 0.9999997615814209, "graph_replay": true, "stable_allocation": true}
b12x policy fallback: moe.decode is using a heuristic on nvidia gb10 (compute capability 12.1, 48 SMs) because profile 'nvidia.gb10.48sm' does not cover the query; query={'activation': 'silu', 'hidden_size': 128, 'intermediate_size': 128, 'num_experts': 4, 'num_tokens': 128, 'quant_mode': 'w4a16', 'routed_rows': 256, 'source_format': 'b12x_trellis', 'top_k': 2}
b12x policy fallback: moe.decode is using a heuristic on nvidia gb10 (compute capability 12.1, 48 SMs) because profile 'nvidia.gb10.48sm' does not cover the query; query={'activation': 'silu', 'hidden_size': 128, 'intermediate_size': 128, 'num_experts': 4, 'num_tokens': 32, 'quant_mode': 'w4a16', 'routed_rows': 64, 'source_format': 'b12x_trellis', 'top_k': 2}
{"tiers": [4, 5], "experts": 4, "rows": 36, "capacity": 128, "hidden": 128, "intermediate": 128, "topk": 2, "relative_error": 0.0006491935346275568, "cosine": 0.9999998807907104, "graph_replay": true, "stable_allocation": true}
{"tiers": [4, 5], "experts": 4, "rows": 65, "capacity": 128, "hidden": 128, "intermediate": 128, "topk": 2, "relative_error": 0.0006187992403283715, "cosine": 0.9999998807907104, "graph_replay": true, "stable_allocation": true}
{"tiers": [4, 5], "experts": 4, "rows": 128, "capacity": 128, "hidden": 128, "intermediate": 128, "topk": 2, "relative_error": 0.0006124235223978758, "cosine": 0.9999997615814209, "graph_replay": true, "stable_allocation": true}
INFO 09-05 15:47:39 [exl3.py:625] EXL3 standard fused MoE enabled for glm5_next: projection tiers (5, 6) via b12x
INFO 09-05 15:47:39 [exl3.py:2434] EXL3 projection-mixed Trellis model.language_model.layers.0.mlp.experts: tiers=(bits,gate,up,down)((5, 3, 2, 1), (6, 1, 2, 3))
{"tiers": [5, 6], "experts": 4, "rows": 1, "capacity": 8, "hidden": 128, "intermediate": 128, "topk": 2, "relative_error": 0.0005349764251150191, "cosine": 0.9999998211860657, "graph_replay": true, "stable_allocation": true}
{"tiers": [5, 6], "experts": 4, "rows": 6, "capacity": 8, "hidden": 128, "intermediate": 128, "topk": 2, "relative_error": 0.0006835755193606019, "cosine": 0.9999997615814209, "graph_replay": true, "stable_allocation": true}
{"tiers": [5, 6], "experts": 4, "rows": 8, "capacity": 8, "hidden": 128, "intermediate": 128, "topk": 2, "relative_error": 0.0006158401956781745, "cosine": 0.9999998807907104, "graph_replay": true, "stable_allocation": true}
{"tiers": [5, 6], "experts": 4, "rows": 36, "capacity": 128, "hidden": 128, "intermediate": 128, "topk": 2, "relative_error": 0.0006254012114368379, "cosine": 0.9999998807907104, "graph_replay": true, "stable_allocation": true}
{"tiers": [5, 6], "experts": 4, "rows": 65, "capacity": 128, "hidden": 128, "intermediate": 128, "topk": 2, "relative_error": 0.0006200972711667418, "cosine": 0.9999997019767761, "graph_replay": true, "stable_allocation": true}
{"tiers": [5, 6], "experts": 4, "rows": 128, "capacity": 128, "hidden": 128, "intermediate": 128, "topk": 2, "relative_error": 0.0006249828147701919, "cosine": 0.9999998807907104, "graph_replay": true, "stable_allocation": true}
INFO 09-05 15:47:53 [exl3.py:2434] EXL3 projection-mixed Trellis model.language_model.layers.0.mlp.experts: tiers=(bits,gate,up,down)((4, 287, 1, 144), (5, 1, 287, 144))
b12x policy fallback: moe.decode is using a heuristic on nvidia gb10 (compute capability 12.1, 48 SMs) because profile 'nvidia.gb10.48sm' does not cover the query; query={'activation': 'silu', 'hidden_size': 128, 'intermediate_size': 128, 'num_experts': 288, 'num_tokens': 8, 'quant_mode': 'w4a16', 'routed_rows': 16, 'source_format': 'b12x_trellis', 'top_k': 2}
{"tiers": [4, 5], "experts": 288, "rows": 1, "capacity": 8, "hidden": 128, "intermediate": 128, "topk": 2, "relative_error": 0.0006569005781784654, "cosine": 0.9999998211860657, "graph_replay": true, "stable_allocation": true}
{"tiers": [4, 5], "experts": 288, "rows": 6, "capacity": 8, "hidden": 128, "intermediate": 128, "topk": 2, "relative_error": 0.0006268689758144319, "cosine": 0.9999998211860657, "graph_replay": true, "stable_allocation": true}
{"tiers": [4, 5], "experts": 288, "rows": 8, "capacity": 8, "hidden": 128, "intermediate": 128, "topk": 2, "relative_error": 0.0006444231839850545, "cosine": 0.9999997615814209, "graph_replay": true, "stable_allocation": true}
b12x policy fallback: moe.decode is using a heuristic on nvidia gb10 (compute capability 12.1, 48 SMs) because profile 'nvidia.gb10.48sm' does not cover the query; query={'activation': 'silu', 'hidden_size': 128, 'intermediate_size': 128, 'num_experts': 288, 'num_tokens': 128, 'quant_mode': 'w4a16', 'routed_rows': 256, 'source_format': 'b12x_trellis', 'top_k': 2}
b12x policy fallback: moe.decode is using a heuristic on nvidia gb10 (compute capability 12.1, 48 SMs) because profile 'nvidia.gb10.48sm' does not cover the query; query={'activation': 'silu', 'hidden_size': 128, 'intermediate_size': 128, 'num_experts': 288, 'num_tokens': 32, 'quant_mode': 'w4a16', 'routed_rows': 64, 'source_format': 'b12x_trellis', 'top_k': 2}
{"tiers": [4, 5], "experts": 288, "rows": 36, "capacity": 128, "hidden": 128, "intermediate": 128, "topk": 2, "relative_error": 0.00062431680271402, "cosine": 0.9999997615814209, "graph_replay": true, "stable_allocation": true}
{"tiers": [4, 5], "experts": 288, "rows": 65, "capacity": 128, "hidden": 128, "intermediate": 128, "topk": 2, "relative_error": 0.0006357191596180201, "cosine": 0.9999997019767761, "graph_replay": true, "stable_allocation": true}
{"tiers": [4, 5], "experts": 288, "rows": 128, "capacity": 128, "hidden": 128, "intermediate": 128, "topk": 2, "relative_error": 0.0006273558246903121, "cosine": 0.9999997615814209, "graph_replay": true, "stable_allocation": true}
INFO 09-05 15:49:25 [exl3.py:2434] EXL3 projection-mixed Trellis model.language_model.layers.0.mlp.experts: tiers=(bits,gate,up,down)((5, 287, 1, 144), (6, 1, 287, 144))
{"tiers": [5, 6], "experts": 288, "rows": 1, "capacity": 8, "hidden": 128, "intermediate": 128, "topk": 2, "relative_error": 0.00048358822823502123, "cosine": 0.9999998211860657, "graph_replay": true, "stable_allocation": true}
{"tiers": [5, 6], "experts": 288, "rows": 6, "capacity": 8, "hidden": 128, "intermediate": 128, "topk": 2, "relative_error": 0.0006357798702083528, "cosine": 0.9999998211860657, "graph_replay": true, "stable_allocation": true}
{"tiers": [5, 6], "experts": 288, "rows": 8, "capacity": 8, "hidden": 128, "intermediate": 128, "topk": 2, "relative_error": 0.000605400069616735, "cosine": 0.9999998211860657, "graph_replay": true, "stable_allocation": true}
{"tiers": [5, 6], "experts": 288, "rows": 36, "capacity": 128, "hidden": 128, "intermediate": 128, "topk": 2, "relative_error": 0.000618819089140743, "cosine": 0.9999997615814209, "graph_replay": true, "stable_allocation": true}
{"tiers": [5, 6], "experts": 288, "rows": 65, "capacity": 128, "hidden": 128, "intermediate": 128, "topk": 2, "relative_error": 0.0006243130192160606, "cosine": 0.9999997615814209, "graph_replay": true, "stable_allocation": true}
{"tiers": [5, 6], "experts": 288, "rows": 128, "capacity": 128, "hidden": 128, "intermediate": 128, "topk": 2, "relative_error": 0.0006344799767248333, "cosine": 0.9999997615814209, "graph_replay": true, "stable_allocation": true}
