{
  "authenticated": false,
  "base_url": "http://ostrich:8001/v1",
  "completed_cases": 145,
  "concurrency": 6,
  "expected_cases": 145,
  "failed_cases": 0,
  "final_health": {
    "elapsed_ms": 15,
    "error": null,
    "http_status": 200,
    "ok": true
  },
  "finished_at": "2026-09-05T13:50:50.763891+00:00",
  "initial_health": {
    "elapsed_ms": 14,
    "error": null,
    "http_status": 200,
    "ok": true
  },
  "issue": 136,
  "model": "vcruz305/GLM-5.3-Flash-EXL3-K2",
  "redaction": "credentials, request bodies, response bodies, and headers omitted",
  "request_timeout_seconds": 120,
  "results": [
    {
      "elapsed_ms": 1210,
      "error": null,
      "http_status": 200,
      "label": "sequential-000-X",
      "lane": "strict-sequential",
      "ok": true
    },
    {
      "elapsed_ms": 1341,
      "error": null,
      "http_status": 200,
      "label": "sequential-001-XXXXXXXXXXXX",
      "lane": "strict-sequential",
      "ok": true
    },
    {
      "elapsed_ms": 1470,
      "error": null,
      "http_status": 200,
      "label": "sequential-002-XXXXXXXXXXXXXXXXXXXXXXX",
      "lane": "strict-sequential",
      "ok": true
    },
    {
      "elapsed_ms": 1475,
      "error": null,
      "http_status": 200,
      "label": "sequential-003-XXXXXXXXXXXXXXXXXXXXXXXXXXXXXXXXXX",
      "lane": "strict-sequential",
      "ok": true
    },
    {
      "elapsed_ms": 1631,
      "error": null,
      "http_status": 200,
      "label": "sequential-004-XXXXXXXXXXXXXXXXXXXXXXXXXXXXXXXXXXXXXXXXXXXXX",
      "lane": "strict-sequential",
      "ok": true
    },
    {
      "elapsed_ms": 1480,
      "error": null,
      "http_status": 200,
      "label": "sequential-005-XXXXXXXXXXXXXXXXXXXXXXXXXXXXXXXXXXXXXXXXXXXXXXXXXXXXXXXX",
      "lane": "strict-sequential",
      "ok": true
    },
    {
      "elapsed_ms": 1631,
      "error": null,
      "http_status": 200,
      "label": "sequential-006-XXXXXXXXXXXXXXXXXXXXXXXXXXXXXXXXXXXXXXXXXXXXXXXXXXXXXXXXXXXXXXXXXXX",
      "lane": "strict-sequential",
      "ok": true
    },
    {
      "elapsed_ms": 1344,
      "error": null,
      "http_status": 200,
      "label": "sequential-007-XXXXX",
      "lane": "strict-sequential",
      "ok": true
    },
    {
      "elapsed_ms": 1343,
      "error": null,
      "http_status": 200,
      "label": "sequential-008-XXXXXXXXXXXXXXXX",
      "lane": "strict-sequential",
      "ok": true
    },
    {
      "elapsed_ms": 1471,
      "error": null,
      "http_status": 200,
      "label": "sequential-009-XXXXXXXXXXXXXXXXXXXXXXXXXXX",
      "lane": "strict-sequential",
      "ok": true
    },
    {
      "elapsed_ms": 1476,
      "error": null,
      "http_status": 200,
      "label": "sequential-010-XXXXXXXXXXXXXXXXXXXXXXXXXXXXXXXXXXXXXX",
      "lane": "strict-sequential",
      "ok": true
    },
    {
      "elapsed_ms": 1632,
      "error": null,
      "http_status": 200,
      "label": "sequential-011-XXXXXXXXXXXXXXXXXXXXXXXXXXXXXXXXXXXXXXXXXXXXXXXXX",
      "lane": "strict-sequential",
      "ok": true
    },
    {
      "elapsed_ms": 1610,
      "error": null,
      "http_status": 200,
      "label": "sequential-012-XXXXXXXXXXXXXXXXXXXXXXXXXXXXXXXXXXXXXXXXXXXXXXXXXXXXXXXXXXXX",
      "lane": "strict-sequential",
      "ok": true
    },
    {
      "elapsed_ms": 1618,
      "error": null,
      "http_status": 200,
      "label": "sequential-013-XXXXXXXXXXXXXXXXXXXXXXXXXXXXXXXXXXXXXXXXXXXXXXXXXXXXXXXXXXXXXXXXXXXXXXX",
      "lane": "strict-sequential",
      "ok": true
    },
    {
      "elapsed_ms": 1346,
      "error": null,
      "http_status": 200,
      "label": "sequential-014-XXXXXXXXX",
      "lane": "strict-sequential",
      "ok": true
    },
    {
      "elapsed_ms": 1477,
      "error": null,
      "http_status": 200,
      "label": "sequential-015-XXXXXXXXXXXXXXXXXXXX",
      "lane": "strict-sequential",
      "ok": true
    },
    {
      "elapsed_ms": 1516,
      "error": null,
      "http_status": 200,
      "label": "sequential-016-XXXXXXXXXXXXXXXXXXXXXXXXXXXXXXX",
      "lane": "strict-sequential",
      "ok": true
    },
    {
      "elapsed_ms": 1479,
      "error": null,
      "http_status": 200,
      "label": "sequential-017-XXXXXXXXXXXXXXXXXXXXXXXXXXXXXXXXXXXXXXXXXX",
      "lane": "strict-sequential",
      "ok": true
    },
    {
      "elapsed_ms": 1626,
      "error": null,
      "http_status": 200,
      "label": "sequential-018-XXXXXXXXXXXXXXXXXXXXXXXXXXXXXXXXXXXXXXXXXXXXXXXXXXXXX",
      "lane": "strict-sequential",
      "ok": true
    },
    {
      "elapsed_ms": 1479,
      "error": null,
      "http_status": 200,
      "label": "sequential-019-XXXXXXXXXXXXXXXXXXXXXXXXXXXXXXXXXXXXXXXXXXXXXXXXXXXXXXXXXXXXXXXX",
      "lane": "strict-sequential",
      "ok": true
    },
    {
      "elapsed_ms": 2656,
      "error": null,
      "http_status": 200,
      "label": "concurrent-000-X",
      "lane": "strict-concurrency6-required",
      "ok": true
    },
    {
      "elapsed_ms": 2655,
      "error": null,
      "http_status": 200,
      "label": "concurrent-001-XXXXXXXXXXXX",
      "lane": "strict-concurrency6-named",
      "ok": true
    },
    {
      "elapsed_ms": 2926,
      "error": null,
      "http_status": 200,
      "label": "concurrent-002-XXXXXXXXXXXXXXXXXXXXXXX",
      "lane": "strict-concurrency6-required",
      "ok": true
    },
    {
      "elapsed_ms": 2926,
      "error": null,
      "http_status": 200,
      "label": "concurrent-003-XXXXXXXXXXXXXXXXXXXXXXXXXXXXXXXXXX",
      "lane": "strict-concurrency6-named",
      "ok": true
    },
    {
      "elapsed_ms": 3598,
      "error": null,
      "http_status": 200,
      "label": "concurrent-004-XXXXXXXXXXXXXXXXXXXXXXXXXXXXXXXXXXXXXXXXXXXXX",
      "lane": "strict-concurrency6-required",
      "ok": true
    },
    {
      "elapsed_ms": 2924,
      "error": null,
      "http_status": 200,
      "label": "concurrent-005-XXXXXXXXXXXXXXXXXXXXXXXXXXXXXXXXXXXXXXXXXXXXXXXXXXXXXXXX",
      "lane": "strict-concurrency6-named",
      "ok": true
    },
    {
      "elapsed_ms": 4115,
      "error": null,
      "http_status": 200,
      "label": "concurrent-006-XXXXXXXXXXXXXXXXXXXXXXXXXXXXXXXXXXXXXXXXXXXXXXXXXXXXXXXXXXXXXXXXXXX",
      "lane": "strict-concurrency6-required",
      "ok": true
    },
    {
      "elapsed_ms": 3224,
      "error": null,
      "http_status": 200,
      "label": "concurrent-007-XXXXX",
      "lane": "strict-concurrency6-named",
      "ok": true
    },
    {
      "elapsed_ms": 3845,
      "error": null,
      "http_status": 200,
      "label": "concurrent-008-XXXXXXXXXXXXXXXX",
      "lane": "strict-concurrency6-required",
      "ok": true
    },
    {
      "elapsed_ms": 3844,
      "error": null,
      "http_status": 200,
      "label": "concurrent-009-XXXXXXXXXXXXXXXXXXXXXXXXXXX",
      "lane": "strict-concurrency6-named",
      "ok": true
    },
    {
      "elapsed_ms": 3844,
      "error": null,
      "http_status": 200,
      "label": "concurrent-010-XXXXXXXXXXXXXXXXXXXXXXXXXXXXXXXXXXXXXX",
      "lane": "strict-concurrency6-required",
      "ok": true
    },
    {
      "elapsed_ms": 4217,
      "error": null,
      "http_status": 200,
      "label": "concurrent-011-XXXXXXXXXXXXXXXXXXXXXXXXXXXXXXXXXXXXXXXXXXXXXXXXX",
      "lane": "strict-concurrency6-named",
      "ok": true
    },
    {
      "elapsed_ms": 3681,
      "error": null,
      "http_status": 200,
      "label": "concurrent-012-XXXXXXXXXXXXXXXXXXXXXXXXXXXXXXXXXXXXXXXXXXXXXXXXXXXXXXXXXXXX",
      "lane": "strict-concurrency6-required",
      "ok": true
    },
    {
      "elapsed_ms": 3706,
      "error": null,
      "http_status": 200,
      "label": "concurrent-013-XXXXXXXXXXXXXXXXXXXXXXXXXXXXXXXXXXXXXXXXXXXXXXXXXXXXXXXXXXXXXXXXXXXXXXX",
      "lane": "strict-concurrency6-named",
      "ok": true
    },
    {
      "elapsed_ms": 3070,
      "error": null,
      "http_status": 200,
      "label": "concurrent-014-XXXXXXXXX",
      "lane": "strict-concurrency6-required",
      "ok": true
    },
    {
      "elapsed_ms": 3070,
      "error": null,
      "http_status": 200,
      "label": "concurrent-015-XXXXXXXXXXXXXXXXXXXX",
      "lane": "strict-concurrency6-named",
      "ok": true
    },
    {
      "elapsed_ms": 3069,
      "error": null,
      "http_status": 200,
      "label": "concurrent-016-XXXXXXXXXXXXXXXXXXXXXXXXXXXXXXX",
      "lane": "strict-concurrency6-required",
      "ok": true
    },
    {
      "elapsed_ms": 3433,
      "error": null,
      "http_status": 200,
      "label": "concurrent-017-XXXXXXXXXXXXXXXXXXXXXXXXXXXXXXXXXXXXXXXXXX",
      "lane": "strict-concurrency6-named",
      "ok": true
    },
    {
      "elapsed_ms": 4742,
      "error": null,
      "http_status": 200,
      "label": "concurrent-018-XXXXXXXXXXXXXXXXXXXXXXXXXXXXXXXXXXXXXXXXXXXXXXXXXXXXX",
      "lane": "strict-concurrency6-required",
      "ok": true
    },
    {
      "elapsed_ms": 4464,
      "error": null,
      "http_status": 200,
      "label": "concurrent-019-XXXXXXXXXXXXXXXXXXXXXXXXXXXXXXXXXXXXXXXXXXXXXXXXXXXXXXXXXXXXXXXX",
      "lane": "strict-concurrency6-named",
      "ok": true
    },
    {
      "elapsed_ms": 3555,
      "error": null,
      "http_status": 200,
      "label": "concurrent-020-XX",
      "lane": "strict-concurrency6-required",
      "ok": true
    },
    {
      "elapsed_ms": 3829,
      "error": null,
      "http_status": 200,
      "label": "concurrent-021-XXXXXXXXXXXXX",
      "lane": "strict-concurrency6-named",
      "ok": true
    },
    {
      "elapsed_ms": 3827,
      "error": null,
      "http_status": 200,
      "label": "concurrent-022-XXXXXXXXXXXXXXXXXXXXXXXX",
      "lane": "strict-concurrency6-required",
      "ok": true
    },
    {
      "elapsed_ms": 3683,
      "error": null,
      "http_status": 200,
      "label": "concurrent-023-XXXXXXXXXXXXXXXXXXXXXXXXXXXXXXXXXXX",
      "lane": "strict-concurrency6-named",
      "ok": true
    },
    {
      "elapsed_ms": 4064,
      "error": null,
      "http_status": 200,
      "label": "concurrent-024-XXXXXXXXXXXXXXXXXXXXXXXXXXXXXXXXXXXXXXXXXXXXXX",
      "lane": "strict-concurrency6-required",
      "ok": true
    },
    {
      "elapsed_ms": 4068,
      "error": null,
      "http_status": 200,
      "label": "concurrent-025-XXXXXXXXXXXXXXXXXXXXXXXXXXXXXXXXXXXXXXXXXXXXXXXXXXXXXXXXX",
      "lane": "strict-concurrency6-named",
      "ok": true
    },
    {
      "elapsed_ms": 4045,
      "error": null,
      "http_status": 200,
      "label": "concurrent-026-XXXXXXXXXXXXXXXXXXXXXXXXXXXXXXXXXXXXXXXXXXXXXXXXXXXXXXXXXXXXXXXXXXXX",
      "lane": "strict-concurrency6-required",
      "ok": true
    },
    {
      "elapsed_ms": 3435,
      "error": null,
      "http_status": 200,
      "label": "concurrent-027-XXXXXX",
      "lane": "strict-concurrency6-named",
      "ok": true
    },
    {
      "elapsed_ms": 3435,
      "error": null,
      "http_status": 200,
      "label": "concurrent-028-XXXXXXXXXXXXXXXXX",
      "lane": "strict-concurrency6-required",
      "ok": true
    },
    {
      "elapsed_ms": 3416,
      "error": null,
      "http_status": 200,
      "label": "concurrent-029-XXXXXXXXXXXXXXXXXXXXXXXXXXXX",
      "lane": "strict-concurrency6-named",
      "ok": true
    },
    {
      "elapsed_ms": 3496,
      "error": null,
      "http_status": 200,
      "label": "concurrent-030-XXXXXXXXXXXXXXXXXXXXXXXXXXXXXXXXXXXXXXX",
      "lane": "strict-concurrency6-required",
      "ok": true
    },
    {
      "elapsed_ms": 4073,
      "error": null,
      "http_status": 200,
      "label": "concurrent-031-XXXXXXXXXXXXXXXXXXXXXXXXXXXXXXXXXXXXXXXXXXXXXXXXXX",
      "lane": "strict-concurrency6-named",
      "ok": true
    },
    {
      "elapsed_ms": 4072,
      "error": null,
      "http_status": 200,
      "label": "concurrent-032-XXXXXXXXXXXXXXXXXXXXXXXXXXXXXXXXXXXXXXXXXXXXXXXXXXXXXXXXXXXXX",
      "lane": "strict-concurrency6-required",
      "ok": true
    },
    {
      "elapsed_ms": 4073,
      "error": null,
      "http_status": 200,
      "label": "concurrent-033-XXXXXXXXXXXXXXXXXXXXXXXXXXXXXXXXXXXXXXXXXXXXXXXXXXXXXXXXXXXXXXXXXXXXXXXX",
      "lane": "strict-concurrency6-named",
      "ok": true
    },
    {
      "elapsed_ms": 3463,
      "error": null,
      "http_status": 200,
      "label": "concurrent-034-XXXXXXXXXX",
      "lane": "strict-concurrency6-required",
      "ok": true
    },
    {
      "elapsed_ms": 3463,
      "error": null,
      "http_status": 200,
      "label": "concurrent-035-XXXXXXXXXXXXXXXXXXXXX",
      "lane": "strict-concurrency6-named",
      "ok": true
    },
    {
      "elapsed_ms": 3109,
      "error": null,
      "http_status": 200,
      "label": "concurrent-036-XXXXXXXXXXXXXXXXXXXXXXXXXXXXXXXX",
      "lane": "strict-concurrency6-required",
      "ok": true
    },
    {
      "elapsed_ms": 3147,
      "error": null,
      "http_status": 200,
      "label": "concurrent-037-XXXXXXXXXXXXXXXXXXXXXXXXXXXXXXXXXXXXXXXXXXX",
      "lane": "strict-concurrency6-named",
      "ok": true
    },
    {
      "elapsed_ms": 3390,
      "error": null,
      "http_status": 200,
      "label": "concurrent-038-XXXXXXXXXXXXXXXXXXXXXXXXXXXXXXXXXXXXXXXXXXXXXXXXXXXXXX",
      "lane": "strict-concurrency6-required",
      "ok": true
    },
    {
      "elapsed_ms": 3389,
      "error": null,
      "http_status": 200,
      "label": "concurrent-039-XXXXXXXXXXXXXXXXXXXXXXXXXXXXXXXXXXXXXXXXXXXXXXXXXXXXXXXXXXXXXXXXX",
      "lane": "strict-concurrency6-named",
      "ok": true
    },
    {
      "elapsed_ms": 2527,
      "error": null,
      "http_status": 200,
      "label": "concurrent-040-XXX",
      "lane": "strict-concurrency6-required",
      "ok": true
    },
    {
      "elapsed_ms": 3146,
      "error": null,
      "http_status": 200,
      "label": "concurrent-041-XXXXXXXXXXXXXX",
      "lane": "strict-concurrency6-named",
      "ok": true
    },
    {
      "elapsed_ms": 1918,
      "error": null,
      "http_status": 200,
      "label": "concurrent-042-XXXXXXXXXXXXXXXXXXXXXXXXX",
      "lane": "strict-concurrency6-required",
      "ok": true
    },
    {
      "elapsed_ms": 5321,
      "error": null,
      "http_status": 200,
      "label": "concurrent-043-XXXXXXXXXXXXXXXXXXXXXXXXXXXXXXXXXXXX",
      "lane": "strict-concurrency6-named",
      "ok": true
    },
    {
      "elapsed_ms": 4702,
      "error": null,
      "http_status": 200,
      "label": "concurrent-044-XXXXXXXXXXXXXXXXXXXXXXXXXXXXXXXXXXXXXXXXXXXXXXX",
      "lane": "strict-concurrency6-required",
      "ok": true
    },
    {
      "elapsed_ms": 4963,
      "error": null,
      "http_status": 200,
      "label": "concurrent-045-XXXXXXXXXXXXXXXXXXXXXXXXXXXXXXXXXXXXXXXXXXXXXXXXXXXXXXXXXX",
      "lane": "strict-concurrency6-named",
      "ok": true
    },
    {
      "elapsed_ms": 4721,
      "error": null,
      "http_status": 200,
      "label": "concurrent-046-XXXXXXXXXXXXXXXXXXXXXXXXXXXXXXXXXXXXXXXXXXXXXXXXXXXXXXXXXXXXXXXXXXXXX",
      "lane": "strict-concurrency6-required",
      "ok": true
    },
    {
      "elapsed_ms": 4458,
      "error": null,
      "http_status": 200,
      "label": "concurrent-047-XXXXXXX",
      "lane": "strict-concurrency6-named",
      "ok": true
    },
    {
      "elapsed_ms": 3676,
      "error": null,
      "http_status": 200,
      "label": "concurrent-048-XXXXXXXXXXXXXXXXXX",
      "lane": "strict-concurrency6-required",
      "ok": true
    },
    {
      "elapsed_ms": 4986,
      "error": null,
      "http_status": 200,
      "label": "concurrent-049-XXXXXXXXXXXXXXXXXXXXXXXXXXXXX",
      "lane": "strict-concurrency6-named",
      "ok": true
    },
    {
      "elapsed_ms": 5264,
      "error": null,
      "http_status": 200,
      "label": "concurrent-050-XXXXXXXXXXXXXXXXXXXXXXXXXXXXXXXXXXXXXXXX",
      "lane": "strict-concurrency6-required",
      "ok": true
    },
    {
      "elapsed_ms": 5887,
      "error": null,
      "http_status": 200,
      "label": "concurrent-051-XXXXXXXXXXXXXXXXXXXXXXXXXXXXXXXXXXXXXXXXXXXXXXXXXXX",
      "lane": "strict-concurrency6-named",
      "ok": true
    },
    {
      "elapsed_ms": 5887,
      "error": null,
      "http_status": 200,
      "label": "concurrent-052-XXXXXXXXXXXXXXXXXXXXXXXXXXXXXXXXXXXXXXXXXXXXXXXXXXXXXXXXXXXXXX",
      "lane": "strict-concurrency6-required",
      "ok": true
    },
    {
      "elapsed_ms": 6322,
      "error": null,
      "http_status": 200,
      "label": "concurrent-053-XXXXXXXXXXXXXXXXXXXXXXXXXXXXXXXXXXXXXXXXXXXXXXXXXXXXXXXXXXXXXXXXXXXXXXXXX",
      "lane": "strict-concurrency6-named",
      "ok": true
    },
    {
      "elapsed_ms": 5002,
      "error": null,
      "http_status": 200,
      "label": "concurrent-054-XXXXXXXXXXX",
      "lane": "strict-concurrency6-required",
      "ok": true
    },
    {
      "elapsed_ms": 3306,
      "error": null,
      "http_status": 200,
      "label": "concurrent-055-XXXXXXXXXXXXXXXXXXXXXX",
      "lane": "strict-concurrency6-named",
      "ok": true
    },
    {
      "elapsed_ms": 3275,
      "error": null,
      "http_status": 200,
      "label": "concurrent-056-XXXXXXXXXXXXXXXXXXXXXXXXXXXXXXXXX",
      "lane": "strict-concurrency6-required",
      "ok": true
    },
    {
      "elapsed_ms": 3274,
      "error": null,
      "http_status": 200,
      "label": "concurrent-057-XXXXXXXXXXXXXXXXXXXXXXXXXXXXXXXXXXXXXXXXXXXX",
      "lane": "strict-concurrency6-named",
      "ok": true
    },
    {
      "elapsed_ms": 4033,
      "error": null,
      "http_status": 200,
      "label": "concurrent-058-XXXXXXXXXXXXXXXXXXXXXXXXXXXXXXXXXXXXXXXXXXXXXXXXXXXXXXX",
      "lane": "strict-concurrency6-required",
      "ok": true
    },
    {
      "elapsed_ms": 3677,
      "error": null,
      "http_status": 200,
      "label": "concurrent-059-XXXXXXXXXXXXXXXXXXXXXXXXXXXXXXXXXXXXXXXXXXXXXXXXXXXXXXXXXXXXXXXXXX",
      "lane": "strict-concurrency6-named",
      "ok": true
    },
    {
      "elapsed_ms": 5098,
      "error": null,
      "http_status": 200,
      "label": "concurrent-060-XXXX",
      "lane": "strict-concurrency6-required",
      "ok": true
    },
    {
      "elapsed_ms": 3668,
      "error": null,
      "http_status": 200,
      "label": "concurrent-061-XXXXXXXXXXXXXXX",
      "lane": "strict-concurrency6-named",
      "ok": true
    },
    {
      "elapsed_ms": 3422,
      "error": null,
      "http_status": 200,
      "label": "concurrent-062-XXXXXXXXXXXXXXXXXXXXXXXXXX",
      "lane": "strict-concurrency6-required",
      "ok": true
    },
    {
      "elapsed_ms": 3421,
      "error": null,
      "http_status": 200,
      "label": "concurrent-063-XXXXXXXXXXXXXXXXXXXXXXXXXXXXXXXXXXXXX",
      "lane": "strict-concurrency6-named",
      "ok": true
    },
    {
      "elapsed_ms": 4119,
      "error": null,
      "http_status": 200,
      "label": "concurrent-064-XXXXXXXXXXXXXXXXXXXXXXXXXXXXXXXXXXXXXXXXXXXXXXXX",
      "lane": "strict-concurrency6-required",
      "ok": true
    },
    {
      "elapsed_ms": 4028,
      "error": null,
      "http_status": 200,
      "label": "concurrent-065-XXXXXXXXXXXXXXXXXXXXXXXXXXXXXXXXXXXXXXXXXXXXXXXXXXXXXXXXXXX",
      "lane": "strict-concurrency6-named",
      "ok": true
    },
    {
      "elapsed_ms": 4060,
      "error": null,
      "http_status": 200,
      "label": "concurrent-066-XXXXXXXXXXXXXXXXXXXXXXXXXXXXXXXXXXXXXXXXXXXXXXXXXXXXXXXXXXXXXXXXXXXXXX",
      "lane": "strict-concurrency6-required",
      "ok": true
    },
    {
      "elapsed_ms": 3508,
      "error": null,
      "http_status": 200,
      "label": "concurrent-067-XXXXXXXX",
      "lane": "strict-concurrency6-named",
      "ok": true
    },
    {
      "elapsed_ms": 3782,
      "error": null,
      "http_status": 200,
      "label": "concurrent-068-XXXXXXXXXXXXXXXXXXX",
      "lane": "strict-concurrency6-required",
      "ok": true
    },
    {
      "elapsed_ms": 3781,
      "error": null,
      "http_status": 200,
      "label": "concurrent-069-XXXXXXXXXXXXXXXXXXXXXXXXXXXXXX",
      "lane": "strict-concurrency6-named",
      "ok": true
    },
    {
      "elapsed_ms": 2660,
      "error": null,
      "http_status": 200,
      "label": "concurrent-070-XXXXXXXXXXXXXXXXXXXXXXXXXXXXXXXXXXXXXXXXX",
      "lane": "strict-concurrency6-required",
      "ok": true
    },
    {
      "elapsed_ms": 2734,
      "error": null,
      "http_status": 200,
      "label": "concurrent-071-XXXXXXXXXXXXXXXXXXXXXXXXXXXXXXXXXXXXXXXXXXXXXXXXXXXX",
      "lane": "strict-concurrency6-named",
      "ok": true
    },
    {
      "elapsed_ms": 7859,
      "error": null,
      "http_status": 200,
      "label": "concurrent-072-XXXXXXXXXXXXXXXXXXXXXXXXXXXXXXXXXXXXXXXXXXXXXXXXXXXXXXXXXXXXXXX",
      "lane": "strict-concurrency6-required",
      "ok": true
    },
    {
      "elapsed_ms": 6641,
      "error": null,
      "http_status": 200,
      "label": "concurrent-073-X",
      "lane": "strict-concurrency6-named",
      "ok": true
    },
    {
      "elapsed_ms": 6908,
      "error": null,
      "http_status": 200,
      "label": "concurrent-074-XXXXXXXXXXXX",
      "lane": "strict-concurrency6-required",
      "ok": true
    },
    {
      "elapsed_ms": 6908,
      "error": null,
      "http_status": 200,
      "label": "concurrent-075-XXXXXXXXXXXXXXXXXXXXXXX",
      "lane": "strict-concurrency6-named",
      "ok": true
    },
    {
      "elapsed_ms": 6038,
      "error": null,
      "http_status": 200,
      "label": "concurrent-076-XXXXXXXXXXXXXXXXXXXXXXXXXXXXXXXXXX",
      "lane": "strict-concurrency6-required",
      "ok": true
    },
    {
      "elapsed_ms": 6646,
      "error": null,
      "http_status": 200,
      "label": "concurrent-077-XXXXXXXXXXXXXXXXXXXXXXXXXXXXXXXXXXXXXXXXXXXXX",
      "lane": "strict-concurrency6-named",
      "ok": true
    },
    {
      "elapsed_ms": 3085,
      "error": null,
      "http_status": 200,
      "label": "concurrent-078-XXXXXXXXXXXXXXXXXXXXXXXXXXXXXXXXXXXXXXXXXXXXXXXXXXXXXXXX",
      "lane": "strict-concurrency6-required",
      "ok": true
    },
    {
      "elapsed_ms": 3344,
      "error": null,
      "http_status": 200,
      "label": "concurrent-079-XXXXXXXXXXXXXXXXXXXXXXXXXXXXXXXXXXXXXXXXXXXXXXXXXXXXXXXXXXXXXXXXXXX",
      "lane": "strict-concurrency6-named",
      "ok": true
    },
    {
      "elapsed_ms": 3691,
      "error": null,
      "http_status": 200,
      "label": "concurrent-080-XXXXX",
      "lane": "strict-concurrency6-required",
      "ok": true
    },
    {
      "elapsed_ms": 3690,
      "error": null,
      "http_status": 200,
      "label": "concurrent-081-XXXXXXXXXXXXXXXX",
      "lane": "strict-concurrency6-named",
      "ok": true
    },
    {
      "elapsed_ms": 3013,
      "error": null,
      "http_status": 200,
      "label": "concurrent-082-XXXXXXXXXXXXXXXXXXXXXXXXXXX",
      "lane": "strict-concurrency6-required",
      "ok": true
    },
    {
      "elapsed_ms": 3013,
      "error": null,
      "http_status": 200,
      "label": "concurrent-083-XXXXXXXXXXXXXXXXXXXXXXXXXXXXXXXXXXXXXX",
      "lane": "strict-concurrency6-named",
      "ok": true
    },
    {
      "elapsed_ms": 3726,
      "error": null,
      "http_status": 200,
      "label": "concurrent-084-XXXXXXXXXXXXXXXXXXXXXXXXXXXXXXXXXXXXXXXXXXXXXXXXX",
      "lane": "strict-concurrency6-required",
      "ok": true
    },
    {
      "elapsed_ms": 3739,
      "error": null,
      "http_status": 200,
      "label": "concurrent-085-XXXXXXXXXXXXXXXXXXXXXXXXXXXXXXXXXXXXXXXXXXXXXXXXXXXXXXXXXXXX",
      "lane": "strict-concurrency6-named",
      "ok": true
    },
    {
      "elapsed_ms": 3722,
      "error": null,
      "http_status": 200,
      "label": "concurrent-086-XXXXXXXXXXXXXXXXXXXXXXXXXXXXXXXXXXXXXXXXXXXXXXXXXXXXXXXXXXXXXXXXXXXXXXX",
      "lane": "strict-concurrency6-required",
      "ok": true
    },
    {
      "elapsed_ms": 3125,
      "error": null,
      "http_status": 200,
      "label": "concurrent-087-XXXXXXXXX",
      "lane": "strict-concurrency6-named",
      "ok": true
    },
    {
      "elapsed_ms": 3125,
      "error": null,
      "http_status": 200,
      "label": "concurrent-088-XXXXXXXXXXXXXXXXXXXX",
      "lane": "strict-concurrency6-required",
      "ok": true
    },
    {
      "elapsed_ms": 3125,
      "error": null,
      "http_status": 200,
      "label": "concurrent-089-XXXXXXXXXXXXXXXXXXXXXXXXXXXXXXX",
      "lane": "strict-concurrency6-named",
      "ok": true
    },
    {
      "elapsed_ms": 3515,
      "error": null,
      "http_status": 200,
      "label": "concurrent-090-XXXXXXXXXXXXXXXXXXXXXXXXXXXXXXXXXXXXXXXXXX",
      "lane": "strict-concurrency6-required",
      "ok": true
    },
    {
      "elapsed_ms": 4190,
      "error": null,
      "http_status": 200,
      "label": "concurrent-091-XXXXXXXXXXXXXXXXXXXXXXXXXXXXXXXXXXXXXXXXXXXXXXXXXXXXX",
      "lane": "strict-concurrency6-named",
      "ok": true
    },
    {
      "elapsed_ms": 4190,
      "error": null,
      "http_status": 200,
      "label": "concurrent-092-XXXXXXXXXXXXXXXXXXXXXXXXXXXXXXXXXXXXXXXXXXXXXXXXXXXXXXXXXXXXXXXX",
      "lane": "strict-concurrency6-required",
      "ok": true
    },
    {
      "elapsed_ms": 3242,
      "error": null,
      "http_status": 200,
      "label": "concurrent-093-XX",
      "lane": "strict-concurrency6-named",
      "ok": true
    },
    {
      "elapsed_ms": 3521,
      "error": null,
      "http_status": 200,
      "label": "concurrent-094-XXXXXXXXXXXXX",
      "lane": "strict-concurrency6-required",
      "ok": true
    },
    {
      "elapsed_ms": 3593,
      "error": null,
      "http_status": 200,
      "label": "concurrent-095-XXXXXXXXXXXXXXXXXXXXXXXX",
      "lane": "strict-concurrency6-named",
      "ok": true
    },
    {
      "elapsed_ms": 3134,
      "error": null,
      "http_status": 200,
      "label": "concurrent-096-XXXXXXXXXXXXXXXXXXXXXXXXXXXXXXXXXXX",
      "lane": "strict-concurrency6-required",
      "ok": true
    },
    {
      "elapsed_ms": 3355,
      "error": null,
      "http_status": 200,
      "label": "concurrent-097-XXXXXXXXXXXXXXXXXXXXXXXXXXXXXXXXXXXXXXXXXXXXXX",
      "lane": "strict-concurrency6-named",
      "ok": true
    },
    {
      "elapsed_ms": 3276,
      "error": null,
      "http_status": 200,
      "label": "concurrent-098-XXXXXXXXXXXXXXXXXXXXXXXXXXXXXXXXXXXXXXXXXXXXXXXXXXXXXXXXX",
      "lane": "strict-concurrency6-required",
      "ok": true
    },
    {
      "elapsed_ms": 2786,
      "error": null,
      "http_status": 200,
      "label": "concurrent-099-XXXXXXXXXXXXXXXXXXXXXXXXXXXXXXXXXXXXXXXXXXXXXXXXXXXXXXXXXXXXXXXXXXXX",
      "lane": "strict-concurrency6-named",
      "ok": true
    },
    {
      "elapsed_ms": 1761,
      "error": null,
      "http_status": 200,
      "label": "ignore-eos-000-X",
      "lane": "strict-json-ignore-eos",
      "ok": true
    },
    {
      "elapsed_ms": 2213,
      "error": null,
      "http_status": 200,
      "label": "ignore-eos-001-XXXXXXXXXXXX",
      "lane": "strict-json-ignore-eos",
      "ok": true
    },
    {
      "elapsed_ms": 2505,
      "error": null,
      "http_status": 200,
      "label": "ignore-eos-002-XXXXXXXXXXXXXXXXXXXXXXX",
      "lane": "strict-json-ignore-eos",
      "ok": true
    },
    {
      "elapsed_ms": 1966,
      "error": null,
      "http_status": 200,
      "label": "ignore-eos-003-XXXXXXXXXXXXXXXXXXXXXXXXXXXXXXXXXX",
      "lane": "strict-json-ignore-eos",
      "ok": true
    },
    {
      "elapsed_ms": 2260,
      "error": null,
      "http_status": 200,
      "label": "ignore-eos-004-XXXXXXXXXXXXXXXXXXXXXXXXXXXXXXXXXXXXXXXXXXXXX",
      "lane": "strict-json-ignore-eos",
      "ok": true
    },
    {
      "elapsed_ms": 1386,
      "error": null,
      "http_status": 200,
      "label": "ordinary-tool-000-X",
      "lane": "ordinary-tool-control",
      "ok": true
    },
    {
      "elapsed_ms": 1508,
      "error": null,
      "http_status": 200,
      "label": "ordinary-tool-001-XXXXXXXXXXXX",
      "lane": "ordinary-tool-control",
      "ok": true
    },
    {
      "elapsed_ms": 1519,
      "error": null,
      "http_status": 200,
      "label": "ordinary-tool-002-XXXXXXXXXXXXXXXXXXXXXXX",
      "lane": "ordinary-tool-control",
      "ok": true
    },
    {
      "elapsed_ms": 1507,
      "error": null,
      "http_status": 200,
      "label": "ordinary-tool-003-XXXXXXXXXXXXXXXXXXXXXXXXXXXXXXXXXX",
      "lane": "ordinary-tool-control",
      "ok": true
    },
    {
      "elapsed_ms": 1632,
      "error": null,
      "http_status": 200,
      "label": "ordinary-tool-004-XXXXXXXXXXXXXXXXXXXXXXXXXXXXXXXXXXXXXXXXXXXXX",
      "lane": "ordinary-tool-control",
      "ok": true
    },
    {
      "elapsed_ms": 1620,
      "error": null,
      "http_status": 200,
      "label": "ordinary-tool-005-XXXXXXXXXXXXXXXXXXXXXXXXXXXXXXXXXXXXXXXXXXXXXXXXXXXXXXXX",
      "lane": "ordinary-tool-control",
      "ok": true
    },
    {
      "elapsed_ms": 1627,
      "error": null,
      "http_status": 200,
      "label": "ordinary-tool-006-XXXXXXXXXXXXXXXXXXXXXXXXXXXXXXXXXXXXXXXXXXXXXXXXXXXXXXXXXXXXXXXXXXX",
      "lane": "ordinary-tool-control",
      "ok": true
    },
    {
      "elapsed_ms": 1494,
      "error": null,
      "http_status": 200,
      "label": "ordinary-tool-007-XXXXX",
      "lane": "ordinary-tool-control",
      "ok": true
    },
    {
      "elapsed_ms": 1491,
      "error": null,
      "http_status": 200,
      "label": "ordinary-tool-008-XXXXXXXXXXXXXXXX",
      "lane": "ordinary-tool-control",
      "ok": true
    },
    {
      "elapsed_ms": 1495,
      "error": null,
      "http_status": 200,
      "label": "ordinary-tool-009-XXXXXXXXXXXXXXXXXXXXXXXXXXX",
      "lane": "ordinary-tool-control",
      "ok": true
    },
    {
      "elapsed_ms": 716,
      "error": null,
      "http_status": 200,
      "label": "plain-chat-000-X",
      "lane": "plain-chat-control",
      "ok": true
    },
    {
      "elapsed_ms": 6354,
      "error": null,
      "http_status": 200,
      "label": "plain-chat-001-XXXXXXXXXXXX",
      "lane": "plain-chat-control",
      "ok": true
    },
    {
      "elapsed_ms": 2151,
      "error": null,
      "http_status": 200,
      "label": "plain-chat-002-XXXXXXXXXXXXXXXXXXXXXXX",
      "lane": "plain-chat-control",
      "ok": true
    },
    {
      "elapsed_ms": 2715,
      "error": null,
      "http_status": 200,
      "label": "plain-chat-003-XXXXXXXXXXXXXXXXXXXXXXXXXXXXXXXXXX",
      "lane": "plain-chat-control",
      "ok": true
    },
    {
      "elapsed_ms": 5022,
      "error": null,
      "http_status": 200,
      "label": "plain-chat-004-XXXXXXXXXXXXXXXXXXXXXXXXXXXXXXXXXXXXXXXXXXXXX",
      "lane": "plain-chat-control",
      "ok": true
    },
    {
      "elapsed_ms": 9984,
      "error": null,
      "http_status": 200,
      "label": "plain-chat-005-XXXXXXXXXXXXXXXXXXXXXXXXXXXXXXXXXXXXXXXXXXXXXXXXXXXXXXXX",
      "lane": "plain-chat-control",
      "ok": true
    },
    {
      "elapsed_ms": 8657,
      "error": null,
      "http_status": 200,
      "label": "plain-chat-006-XXXXXXXXXXXXXXXXXXXXXXXXXXXXXXXXXXXXXXXXXXXXXXXXXXXXXXXXXXXXXXXXXXX",
      "lane": "plain-chat-control",
      "ok": true
    },
    {
      "elapsed_ms": 537,
      "error": null,
      "http_status": 200,
      "label": "plain-chat-007-XXXXX",
      "lane": "plain-chat-control",
      "ok": true
    },
    {
      "elapsed_ms": 5498,
      "error": null,
      "http_status": 200,
      "label": "plain-chat-008-XXXXXXXXXXXXXXXX",
      "lane": "plain-chat-control",
      "ok": true
    },
    {
      "elapsed_ms": 3198,
      "error": null,
      "http_status": 200,
      "label": "plain-chat-009-XXXXXXXXXXXXXXXXXXXXXXXXXXX",
      "lane": "plain-chat-control",
      "ok": true
    }
  ],
  "schema_version": 2,
  "scope": "Strict tools require complete output and exact values; ignore-EOS lane checks transport/termination survival only, not JSON completeness",
  "started_at": "2026-09-05T13:48:04.154898+00:00",
  "status": "PASS"
}
