{
  "authenticated": false,
  "base_url": "http://emu:8001/v1",
  "completed_cases": 145,
  "concurrency": 6,
  "expected_cases": 145,
  "failed_cases": 0,
  "final_health": {
    "elapsed_ms": 5,
    "error": null,
    "http_status": 200,
    "ok": true
  },
  "finished_at": "2026-09-05T13:15:00.695668+00:00",
  "initial_health": {
    "elapsed_ms": 15,
    "error": null,
    "http_status": 200,
    "ok": true
  },
  "issue": 136,
  "model": "vcruz305/GLM-5.3-Flash-EXL3-K2",
  "redaction": "credentials, request bodies, response bodies, and headers omitted",
  "request_timeout_seconds": 120,
  "results": [
    {
      "elapsed_ms": 1549,
      "error": null,
      "http_status": 200,
      "label": "sequential-000-X",
      "lane": "strict-sequential",
      "ok": true
    },
    {
      "elapsed_ms": 1811,
      "error": null,
      "http_status": 200,
      "label": "sequential-001-XXXXXXXXXXXX",
      "lane": "strict-sequential",
      "ok": true
    },
    {
      "elapsed_ms": 1814,
      "error": null,
      "http_status": 200,
      "label": "sequential-002-XXXXXXXXXXXXXXXXXXXXXXX",
      "lane": "strict-sequential",
      "ok": true
    },
    {
      "elapsed_ms": 1949,
      "error": null,
      "http_status": 200,
      "label": "sequential-003-XXXXXXXXXXXXXXXXXXXXXXXXXXXXXXXXXX",
      "lane": "strict-sequential",
      "ok": true
    },
    {
      "elapsed_ms": 2100,
      "error": null,
      "http_status": 200,
      "label": "sequential-004-XXXXXXXXXXXXXXXXXXXXXXXXXXXXXXXXXXXXXXXXXXXXX",
      "lane": "strict-sequential",
      "ok": true
    },
    {
      "elapsed_ms": 1952,
      "error": null,
      "http_status": 200,
      "label": "sequential-005-XXXXXXXXXXXXXXXXXXXXXXXXXXXXXXXXXXXXXXXXXXXXXXXXXXXXXXXX",
      "lane": "strict-sequential",
      "ok": true
    },
    {
      "elapsed_ms": 2087,
      "error": null,
      "http_status": 200,
      "label": "sequential-006-XXXXXXXXXXXXXXXXXXXXXXXXXXXXXXXXXXXXXXXXXXXXXXXXXXXXXXXXXXXXXXXXXXX",
      "lane": "strict-sequential",
      "ok": true
    },
    {
      "elapsed_ms": 1826,
      "error": null,
      "http_status": 200,
      "label": "sequential-007-XXXXX",
      "lane": "strict-sequential",
      "ok": true
    },
    {
      "elapsed_ms": 1817,
      "error": null,
      "http_status": 200,
      "label": "sequential-008-XXXXXXXXXXXXXXXX",
      "lane": "strict-sequential",
      "ok": true
    },
    {
      "elapsed_ms": 1945,
      "error": null,
      "http_status": 200,
      "label": "sequential-009-XXXXXXXXXXXXXXXXXXXXXXXXXXX",
      "lane": "strict-sequential",
      "ok": true
    },
    {
      "elapsed_ms": 1964,
      "error": null,
      "http_status": 200,
      "label": "sequential-010-XXXXXXXXXXXXXXXXXXXXXXXXXXXXXXXXXXXXXX",
      "lane": "strict-sequential",
      "ok": true
    },
    {
      "elapsed_ms": 2083,
      "error": null,
      "http_status": 200,
      "label": "sequential-011-XXXXXXXXXXXXXXXXXXXXXXXXXXXXXXXXXXXXXXXXXXXXXXXXX",
      "lane": "strict-sequential",
      "ok": true
    },
    {
      "elapsed_ms": 2091,
      "error": null,
      "http_status": 200,
      "label": "sequential-012-XXXXXXXXXXXXXXXXXXXXXXXXXXXXXXXXXXXXXXXXXXXXXXXXXXXXXXXXXXXX",
      "lane": "strict-sequential",
      "ok": true
    },
    {
      "elapsed_ms": 2103,
      "error": null,
      "http_status": 200,
      "label": "sequential-013-XXXXXXXXXXXXXXXXXXXXXXXXXXXXXXXXXXXXXXXXXXXXXXXXXXXXXXXXXXXXXXXXXXXXXXX",
      "lane": "strict-sequential",
      "ok": true
    },
    {
      "elapsed_ms": 1842,
      "error": null,
      "http_status": 200,
      "label": "sequential-014-XXXXXXXXX",
      "lane": "strict-sequential",
      "ok": true
    },
    {
      "elapsed_ms": 1822,
      "error": null,
      "http_status": 200,
      "label": "sequential-015-XXXXXXXXXXXXXXXXXXXX",
      "lane": "strict-sequential",
      "ok": true
    },
    {
      "elapsed_ms": 1946,
      "error": null,
      "http_status": 200,
      "label": "sequential-016-XXXXXXXXXXXXXXXXXXXXXXXXXXXXXXX",
      "lane": "strict-sequential",
      "ok": true
    },
    {
      "elapsed_ms": 2088,
      "error": null,
      "http_status": 200,
      "label": "sequential-017-XXXXXXXXXXXXXXXXXXXXXXXXXXXXXXXXXXXXXXXXXX",
      "lane": "strict-sequential",
      "ok": true
    },
    {
      "elapsed_ms": 2102,
      "error": null,
      "http_status": 200,
      "label": "sequential-018-XXXXXXXXXXXXXXXXXXXXXXXXXXXXXXXXXXXXXXXXXXXXXXXXXXXXX",
      "lane": "strict-sequential",
      "ok": true
    },
    {
      "elapsed_ms": 2150,
      "error": null,
      "http_status": 200,
      "label": "sequential-019-XXXXXXXXXXXXXXXXXXXXXXXXXXXXXXXXXXXXXXXXXXXXXXXXXXXXXXXXXXXXXXXX",
      "lane": "strict-sequential",
      "ok": true
    },
    {
      "elapsed_ms": 3177,
      "error": null,
      "http_status": 200,
      "label": "concurrent-000-X",
      "lane": "strict-concurrency6-required",
      "ok": true
    },
    {
      "elapsed_ms": 3176,
      "error": null,
      "http_status": 200,
      "label": "concurrent-001-XXXXXXXXXXXX",
      "lane": "strict-concurrency6-named",
      "ok": true
    },
    {
      "elapsed_ms": 3373,
      "error": null,
      "http_status": 200,
      "label": "concurrent-002-XXXXXXXXXXXXXXXXXXXXXXX",
      "lane": "strict-concurrency6-required",
      "ok": true
    },
    {
      "elapsed_ms": 4059,
      "error": null,
      "http_status": 200,
      "label": "concurrent-003-XXXXXXXXXXXXXXXXXXXXXXXXXXXXXXXXXX",
      "lane": "strict-concurrency6-named",
      "ok": true
    },
    {
      "elapsed_ms": 4058,
      "error": null,
      "http_status": 200,
      "label": "concurrent-004-XXXXXXXXXXXXXXXXXXXXXXXXXXXXXXXXXXXXXXXXXXXXX",
      "lane": "strict-concurrency6-required",
      "ok": true
    },
    {
      "elapsed_ms": 4058,
      "error": null,
      "http_status": 200,
      "label": "concurrent-005-XXXXXXXXXXXXXXXXXXXXXXXXXXXXXXXXXXXXXXXXXXXXXXXXXXXXXXXX",
      "lane": "strict-concurrency6-named",
      "ok": true
    },
    {
      "elapsed_ms": 5367,
      "error": null,
      "http_status": 200,
      "label": "concurrent-006-XXXXXXXXXXXXXXXXXXXXXXXXXXXXXXXXXXXXXXXXXXXXXXXXXXXXXXXXXXXXXXXXXXX",
      "lane": "strict-concurrency6-required",
      "ok": true
    },
    {
      "elapsed_ms": 3785,
      "error": null,
      "http_status": 200,
      "label": "concurrent-007-XXXXX",
      "lane": "strict-concurrency6-named",
      "ok": true
    },
    {
      "elapsed_ms": 3837,
      "error": null,
      "http_status": 200,
      "label": "concurrent-008-XXXXXXXXXXXXXXXX",
      "lane": "strict-concurrency6-required",
      "ok": true
    },
    {
      "elapsed_ms": 4484,
      "error": null,
      "http_status": 200,
      "label": "concurrent-009-XXXXXXXXXXXXXXXXXXXXXXXXXXX",
      "lane": "strict-concurrency6-named",
      "ok": true
    },
    {
      "elapsed_ms": 4484,
      "error": null,
      "http_status": 200,
      "label": "concurrent-010-XXXXXXXXXXXXXXXXXXXXXXXXXXXXXXXXXXXXXX",
      "lane": "strict-concurrency6-required",
      "ok": true
    },
    {
      "elapsed_ms": 4707,
      "error": null,
      "http_status": 200,
      "label": "concurrent-011-XXXXXXXXXXXXXXXXXXXXXXXXXXXXXXXXXXXXXXXXXXXXXXXXX",
      "lane": "strict-concurrency6-named",
      "ok": true
    },
    {
      "elapsed_ms": 4690,
      "error": null,
      "http_status": 200,
      "label": "concurrent-012-XXXXXXXXXXXXXXXXXXXXXXXXXXXXXXXXXXXXXXXXXXXXXXXXXXXXXXXXXXXX",
      "lane": "strict-concurrency6-required",
      "ok": true
    },
    {
      "elapsed_ms": 5318,
      "error": null,
      "http_status": 200,
      "label": "concurrent-013-XXXXXXXXXXXXXXXXXXXXXXXXXXXXXXXXXXXXXXXXXXXXXXXXXXXXXXXXXXXXXXXXXXXXXXX",
      "lane": "strict-concurrency6-named",
      "ok": true
    },
    {
      "elapsed_ms": 3356,
      "error": null,
      "http_status": 200,
      "label": "concurrent-014-XXXXXXXXX",
      "lane": "strict-concurrency6-required",
      "ok": true
    },
    {
      "elapsed_ms": 3986,
      "error": null,
      "http_status": 200,
      "label": "concurrent-015-XXXXXXXXXXXXXXXXXXXX",
      "lane": "strict-concurrency6-named",
      "ok": true
    },
    {
      "elapsed_ms": 3986,
      "error": null,
      "http_status": 200,
      "label": "concurrent-016-XXXXXXXXXXXXXXXXXXXXXXXXXXXXXXX",
      "lane": "strict-concurrency6-required",
      "ok": true
    },
    {
      "elapsed_ms": 4415,
      "error": null,
      "http_status": 200,
      "label": "concurrent-017-XXXXXXXXXXXXXXXXXXXXXXXXXXXXXXXXXXXXXXXXXX",
      "lane": "strict-concurrency6-named",
      "ok": true
    },
    {
      "elapsed_ms": 4708,
      "error": null,
      "http_status": 200,
      "label": "concurrent-018-XXXXXXXXXXXXXXXXXXXXXXXXXXXXXXXXXXXXXXXXXXXXXXXXXXXXX",
      "lane": "strict-concurrency6-required",
      "ok": true
    },
    {
      "elapsed_ms": 4677,
      "error": null,
      "http_status": 200,
      "label": "concurrent-019-XXXXXXXXXXXXXXXXXXXXXXXXXXXXXXXXXXXXXXXXXXXXXXXXXXXXXXXXXXXXXXXX",
      "lane": "strict-concurrency6-named",
      "ok": true
    },
    {
      "elapsed_ms": 3830,
      "error": null,
      "http_status": 200,
      "label": "concurrent-020-XX",
      "lane": "strict-concurrency6-required",
      "ok": true
    },
    {
      "elapsed_ms": 4047,
      "error": null,
      "http_status": 200,
      "label": "concurrent-021-XXXXXXXXXXXXX",
      "lane": "strict-concurrency6-named",
      "ok": true
    },
    {
      "elapsed_ms": 4046,
      "error": null,
      "http_status": 200,
      "label": "concurrent-022-XXXXXXXXXXXXXXXXXXXXXXXX",
      "lane": "strict-concurrency6-required",
      "ok": true
    },
    {
      "elapsed_ms": 4076,
      "error": null,
      "http_status": 200,
      "label": "concurrent-023-XXXXXXXXXXXXXXXXXXXXXXXXXXXXXXXXXXX",
      "lane": "strict-concurrency6-named",
      "ok": true
    },
    {
      "elapsed_ms": 4245,
      "error": null,
      "http_status": 200,
      "label": "concurrent-024-XXXXXXXXXXXXXXXXXXXXXXXXXXXXXXXXXXXXXXXXXXXXXX",
      "lane": "strict-concurrency6-required",
      "ok": true
    },
    {
      "elapsed_ms": 4245,
      "error": null,
      "http_status": 200,
      "label": "concurrent-025-XXXXXXXXXXXXXXXXXXXXXXXXXXXXXXXXXXXXXXXXXXXXXXXXXXXXXXXXX",
      "lane": "strict-concurrency6-named",
      "ok": true
    },
    {
      "elapsed_ms": 5481,
      "error": null,
      "http_status": 200,
      "label": "concurrent-026-XXXXXXXXXXXXXXXXXXXXXXXXXXXXXXXXXXXXXXXXXXXXXXXXXXXXXXXXXXXXXXXXXXXX",
      "lane": "strict-concurrency6-required",
      "ok": true
    },
    {
      "elapsed_ms": 3807,
      "error": null,
      "http_status": 200,
      "label": "concurrent-027-XXXXXX",
      "lane": "strict-concurrency6-named",
      "ok": true
    },
    {
      "elapsed_ms": 4028,
      "error": null,
      "http_status": 200,
      "label": "concurrent-028-XXXXXXXXXXXXXXXXX",
      "lane": "strict-concurrency6-required",
      "ok": true
    },
    {
      "elapsed_ms": 3974,
      "error": null,
      "http_status": 200,
      "label": "concurrent-029-XXXXXXXXXXXXXXXXXXXXXXXXXXXX",
      "lane": "strict-concurrency6-named",
      "ok": true
    },
    {
      "elapsed_ms": 4659,
      "error": null,
      "http_status": 200,
      "label": "concurrent-030-XXXXXXXXXXXXXXXXXXXXXXXXXXXXXXXXXXXXXXX",
      "lane": "strict-concurrency6-required",
      "ok": true
    },
    {
      "elapsed_ms": 4646,
      "error": null,
      "http_status": 200,
      "label": "concurrent-031-XXXXXXXXXXXXXXXXXXXXXXXXXXXXXXXXXXXXXXXXXXXXXXXXXX",
      "lane": "strict-concurrency6-named",
      "ok": true
    },
    {
      "elapsed_ms": 4646,
      "error": null,
      "http_status": 200,
      "label": "concurrent-032-XXXXXXXXXXXXXXXXXXXXXXXXXXXXXXXXXXXXXXXXXXXXXXXXXXXXXXXXXXXXX",
      "lane": "strict-concurrency6-required",
      "ok": true
    },
    {
      "elapsed_ms": 4645,
      "error": null,
      "http_status": 200,
      "label": "concurrent-033-XXXXXXXXXXXXXXXXXXXXXXXXXXXXXXXXXXXXXXXXXXXXXXXXXXXXXXXXXXXXXXXXXXXXXXXX",
      "lane": "strict-concurrency6-named",
      "ok": true
    },
    {
      "elapsed_ms": 3813,
      "error": null,
      "http_status": 200,
      "label": "concurrent-034-XXXXXXXXXX",
      "lane": "strict-concurrency6-required",
      "ok": true
    },
    {
      "elapsed_ms": 3867,
      "error": null,
      "http_status": 200,
      "label": "concurrent-035-XXXXXXXXXXXXXXXXXXXXX",
      "lane": "strict-concurrency6-named",
      "ok": true
    },
    {
      "elapsed_ms": 4032,
      "error": null,
      "http_status": 200,
      "label": "concurrent-036-XXXXXXXXXXXXXXXXXXXXXXXXXXXXXXXX",
      "lane": "strict-concurrency6-required",
      "ok": true
    },
    {
      "elapsed_ms": 4032,
      "error": null,
      "http_status": 200,
      "label": "concurrent-037-XXXXXXXXXXXXXXXXXXXXXXXXXXXXXXXXXXXXXXXXXXX",
      "lane": "strict-concurrency6-named",
      "ok": true
    },
    {
      "elapsed_ms": 4811,
      "error": null,
      "http_status": 200,
      "label": "concurrent-038-XXXXXXXXXXXXXXXXXXXXXXXXXXXXXXXXXXXXXXXXXXXXXXXXXXXXXX",
      "lane": "strict-concurrency6-required",
      "ok": true
    },
    {
      "elapsed_ms": 5093,
      "error": null,
      "http_status": 200,
      "label": "concurrent-039-XXXXXXXXXXXXXXXXXXXXXXXXXXXXXXXXXXXXXXXXXXXXXXXXXXXXXXXXXXXXXXXXX",
      "lane": "strict-concurrency6-named",
      "ok": true
    },
    {
      "elapsed_ms": 3825,
      "error": null,
      "http_status": 200,
      "label": "concurrent-040-XXX",
      "lane": "strict-concurrency6-required",
      "ok": true
    },
    {
      "elapsed_ms": 4136,
      "error": null,
      "http_status": 200,
      "label": "concurrent-041-XXXXXXXXXXXXXX",
      "lane": "strict-concurrency6-named",
      "ok": true
    },
    {
      "elapsed_ms": 4048,
      "error": null,
      "http_status": 200,
      "label": "concurrent-042-XXXXXXXXXXXXXXXXXXXXXXXXX",
      "lane": "strict-concurrency6-required",
      "ok": true
    },
    {
      "elapsed_ms": 4282,
      "error": null,
      "http_status": 200,
      "label": "concurrent-043-XXXXXXXXXXXXXXXXXXXXXXXXXXXXXXXXXXXX",
      "lane": "strict-concurrency6-named",
      "ok": true
    },
    {
      "elapsed_ms": 4283,
      "error": null,
      "http_status": 200,
      "label": "concurrent-044-XXXXXXXXXXXXXXXXXXXXXXXXXXXXXXXXXXXXXXXXXXXXXXX",
      "lane": "strict-concurrency6-required",
      "ok": true
    },
    {
      "elapsed_ms": 4677,
      "error": null,
      "http_status": 200,
      "label": "concurrent-045-XXXXXXXXXXXXXXXXXXXXXXXXXXXXXXXXXXXXXXXXXXXXXXXXXXXXXXXXXX",
      "lane": "strict-concurrency6-named",
      "ok": true
    },
    {
      "elapsed_ms": 5378,
      "error": null,
      "http_status": 200,
      "label": "concurrent-046-XXXXXXXXXXXXXXXXXXXXXXXXXXXXXXXXXXXXXXXXXXXXXXXXXXXXXXXXXXXXXXXXXXXXX",
      "lane": "strict-concurrency6-required",
      "ok": true
    },
    {
      "elapsed_ms": 3634,
      "error": null,
      "http_status": 200,
      "label": "concurrent-047-XXXXXXX",
      "lane": "strict-concurrency6-named",
      "ok": true
    },
    {
      "elapsed_ms": 4847,
      "error": null,
      "http_status": 200,
      "label": "concurrent-048-XXXXXXXXXXXXXXXXXX",
      "lane": "strict-concurrency6-required",
      "ok": true
    },
    {
      "elapsed_ms": 4857,
      "error": null,
      "http_status": 200,
      "label": "concurrent-049-XXXXXXXXXXXXXXXXXXXXXXXXXXXXX",
      "lane": "strict-concurrency6-named",
      "ok": true
    },
    {
      "elapsed_ms": 4857,
      "error": null,
      "http_status": 200,
      "label": "concurrent-050-XXXXXXXXXXXXXXXXXXXXXXXXXXXXXXXXXXXXXXXX",
      "lane": "strict-concurrency6-required",
      "ok": true
    },
    {
      "elapsed_ms": 5637,
      "error": null,
      "http_status": 200,
      "label": "concurrent-051-XXXXXXXXXXXXXXXXXXXXXXXXXXXXXXXXXXXXXXXXXXXXXXXXXXX",
      "lane": "strict-concurrency6-named",
      "ok": true
    },
    {
      "elapsed_ms": 5145,
      "error": null,
      "http_status": 200,
      "label": "concurrent-052-XXXXXXXXXXXXXXXXXXXXXXXXXXXXXXXXXXXXXXXXXXXXXXXXXXXXXXXXXXXXXX",
      "lane": "strict-concurrency6-required",
      "ok": true
    },
    {
      "elapsed_ms": 5742,
      "error": null,
      "http_status": 200,
      "label": "concurrent-053-XXXXXXXXXXXXXXXXXXXXXXXXXXXXXXXXXXXXXXXXXXXXXXXXXXXXXXXXXXXXXXXXXXXXXXXXX",
      "lane": "strict-concurrency6-named",
      "ok": true
    },
    {
      "elapsed_ms": 4602,
      "error": null,
      "http_status": 200,
      "label": "concurrent-054-XXXXXXXXXXX",
      "lane": "strict-concurrency6-required",
      "ok": true
    },
    {
      "elapsed_ms": 5271,
      "error": null,
      "http_status": 200,
      "label": "concurrent-055-XXXXXXXXXXXXXXXXXXXXXX",
      "lane": "strict-concurrency6-named",
      "ok": true
    },
    {
      "elapsed_ms": 5510,
      "error": null,
      "http_status": 200,
      "label": "concurrent-056-XXXXXXXXXXXXXXXXXXXXXXXXXXXXXXXXX",
      "lane": "strict-concurrency6-required",
      "ok": true
    },
    {
      "elapsed_ms": 5419,
      "error": null,
      "http_status": 200,
      "label": "concurrent-057-XXXXXXXXXXXXXXXXXXXXXXXXXXXXXXXXXXXXXXXXXXXX",
      "lane": "strict-concurrency6-named",
      "ok": true
    },
    {
      "elapsed_ms": 5389,
      "error": null,
      "http_status": 200,
      "label": "concurrent-058-XXXXXXXXXXXXXXXXXXXXXXXXXXXXXXXXXXXXXXXXXXXXXXXXXXXXXXX",
      "lane": "strict-concurrency6-required",
      "ok": true
    },
    {
      "elapsed_ms": 5653,
      "error": null,
      "http_status": 200,
      "label": "concurrent-059-XXXXXXXXXXXXXXXXXXXXXXXXXXXXXXXXXXXXXXXXXXXXXXXXXXXXXXXXXXXXXXXXXX",
      "lane": "strict-concurrency6-named",
      "ok": true
    },
    {
      "elapsed_ms": 4507,
      "error": null,
      "http_status": 200,
      "label": "concurrent-060-XXXX",
      "lane": "strict-concurrency6-required",
      "ok": true
    },
    {
      "elapsed_ms": 5185,
      "error": null,
      "http_status": 200,
      "label": "concurrent-061-XXXXXXXXXXXXXXX",
      "lane": "strict-concurrency6-named",
      "ok": true
    },
    {
      "elapsed_ms": 5182,
      "error": null,
      "http_status": 200,
      "label": "concurrent-062-XXXXXXXXXXXXXXXXXXXXXXXXXX",
      "lane": "strict-concurrency6-required",
      "ok": true
    },
    {
      "elapsed_ms": 5417,
      "error": null,
      "http_status": 200,
      "label": "concurrent-063-XXXXXXXXXXXXXXXXXXXXXXXXXXXXXXXXXXXXX",
      "lane": "strict-concurrency6-named",
      "ok": true
    },
    {
      "elapsed_ms": 5179,
      "error": null,
      "http_status": 200,
      "label": "concurrent-064-XXXXXXXXXXXXXXXXXXXXXXXXXXXXXXXXXXXXXXXXXXXXXXXX",
      "lane": "strict-concurrency6-required",
      "ok": true
    },
    {
      "elapsed_ms": 5084,
      "error": null,
      "http_status": 200,
      "label": "concurrent-065-XXXXXXXXXXXXXXXXXXXXXXXXXXXXXXXXXXXXXXXXXXXXXXXXXXXXXXXXXXX",
      "lane": "strict-concurrency6-named",
      "ok": true
    },
    {
      "elapsed_ms": 5739,
      "error": null,
      "http_status": 200,
      "label": "concurrent-066-XXXXXXXXXXXXXXXXXXXXXXXXXXXXXXXXXXXXXXXXXXXXXXXXXXXXXXXXXXXXXXXXXXXXXX",
      "lane": "strict-concurrency6-required",
      "ok": true
    },
    {
      "elapsed_ms": 4148,
      "error": null,
      "http_status": 200,
      "label": "concurrent-067-XXXXXXXX",
      "lane": "strict-concurrency6-named",
      "ok": true
    },
    {
      "elapsed_ms": 4863,
      "error": null,
      "http_status": 200,
      "label": "concurrent-068-XXXXXXXXXXXXXXXXXXX",
      "lane": "strict-concurrency6-required",
      "ok": true
    },
    {
      "elapsed_ms": 4464,
      "error": null,
      "http_status": 200,
      "label": "concurrent-069-XXXXXXXXXXXXXXXXXXXXXXXXXXXXXX",
      "lane": "strict-concurrency6-named",
      "ok": true
    },
    {
      "elapsed_ms": 4464,
      "error": null,
      "http_status": 200,
      "label": "concurrent-070-XXXXXXXXXXXXXXXXXXXXXXXXXXXXXXXXXXXXXXXXX",
      "lane": "strict-concurrency6-required",
      "ok": true
    },
    {
      "elapsed_ms": 4709,
      "error": null,
      "http_status": 200,
      "label": "concurrent-071-XXXXXXXXXXXXXXXXXXXXXXXXXXXXXXXXXXXXXXXXXXXXXXXXXXXX",
      "lane": "strict-concurrency6-named",
      "ok": true
    },
    {
      "elapsed_ms": 4762,
      "error": null,
      "http_status": 200,
      "label": "concurrent-072-XXXXXXXXXXXXXXXXXXXXXXXXXXXXXXXXXXXXXXXXXXXXXXXXXXXXXXXXXXXXXXX",
      "lane": "strict-concurrency6-required",
      "ok": true
    },
    {
      "elapsed_ms": 3808,
      "error": null,
      "http_status": 200,
      "label": "concurrent-073-X",
      "lane": "strict-concurrency6-named",
      "ok": true
    },
    {
      "elapsed_ms": 3809,
      "error": null,
      "http_status": 200,
      "label": "concurrent-074-XXXXXXXXXXXX",
      "lane": "strict-concurrency6-required",
      "ok": true
    },
    {
      "elapsed_ms": 4132,
      "error": null,
      "http_status": 200,
      "label": "concurrent-075-XXXXXXXXXXXXXXXXXXXXXXX",
      "lane": "strict-concurrency6-named",
      "ok": true
    },
    {
      "elapsed_ms": 4376,
      "error": null,
      "http_status": 200,
      "label": "concurrent-076-XXXXXXXXXXXXXXXXXXXXXXXXXXXXXXXXXX",
      "lane": "strict-concurrency6-required",
      "ok": true
    },
    {
      "elapsed_ms": 4661,
      "error": null,
      "http_status": 200,
      "label": "concurrent-077-XXXXXXXXXXXXXXXXXXXXXXXXXXXXXXXXXXXXXXXXXXXXX",
      "lane": "strict-concurrency6-named",
      "ok": true
    },
    {
      "elapsed_ms": 4662,
      "error": null,
      "http_status": 200,
      "label": "concurrent-078-XXXXXXXXXXXXXXXXXXXXXXXXXXXXXXXXXXXXXXXXXXXXXXXXXXXXXXXX",
      "lane": "strict-concurrency6-required",
      "ok": true
    },
    {
      "elapsed_ms": 5038,
      "error": null,
      "http_status": 200,
      "label": "concurrent-079-XXXXXXXXXXXXXXXXXXXXXXXXXXXXXXXXXXXXXXXXXXXXXXXXXXXXXXXXXXXXXXXXXXX",
      "lane": "strict-concurrency6-named",
      "ok": true
    },
    {
      "elapsed_ms": 3708,
      "error": null,
      "http_status": 200,
      "label": "concurrent-080-XXXXX",
      "lane": "strict-concurrency6-required",
      "ok": true
    },
    {
      "elapsed_ms": 3808,
      "error": null,
      "http_status": 200,
      "label": "concurrent-081-XXXXXXXXXXXXXXXX",
      "lane": "strict-concurrency6-named",
      "ok": true
    },
    {
      "elapsed_ms": 4874,
      "error": null,
      "http_status": 200,
      "label": "concurrent-082-XXXXXXXXXXXXXXXXXXXXXXXXXXX",
      "lane": "strict-concurrency6-required",
      "ok": true
    },
    {
      "elapsed_ms": 4692,
      "error": null,
      "http_status": 200,
      "label": "concurrent-083-XXXXXXXXXXXXXXXXXXXXXXXXXXXXXXXXXXXXXX",
      "lane": "strict-concurrency6-named",
      "ok": true
    },
    {
      "elapsed_ms": 4692,
      "error": null,
      "http_status": 200,
      "label": "concurrent-084-XXXXXXXXXXXXXXXXXXXXXXXXXXXXXXXXXXXXXXXXXXXXXXXXX",
      "lane": "strict-concurrency6-required",
      "ok": true
    },
    {
      "elapsed_ms": 4692,
      "error": null,
      "http_status": 200,
      "label": "concurrent-085-XXXXXXXXXXXXXXXXXXXXXXXXXXXXXXXXXXXXXXXXXXXXXXXXXXXXXXXXXXXX",
      "lane": "strict-concurrency6-named",
      "ok": true
    },
    {
      "elapsed_ms": 5307,
      "error": null,
      "http_status": 200,
      "label": "concurrent-086-XXXXXXXXXXXXXXXXXXXXXXXXXXXXXXXXXXXXXXXXXXXXXXXXXXXXXXXXXXXXXXXXXXXXXXX",
      "lane": "strict-concurrency6-required",
      "ok": true
    },
    {
      "elapsed_ms": 4146,
      "error": null,
      "http_status": 200,
      "label": "concurrent-087-XXXXXXXXX",
      "lane": "strict-concurrency6-named",
      "ok": true
    },
    {
      "elapsed_ms": 3998,
      "error": null,
      "http_status": 200,
      "label": "concurrent-088-XXXXXXXXXXXXXXXXXXXX",
      "lane": "strict-concurrency6-required",
      "ok": true
    },
    {
      "elapsed_ms": 4447,
      "error": null,
      "http_status": 200,
      "label": "concurrent-089-XXXXXXXXXXXXXXXXXXXXXXXXXXXXXXX",
      "lane": "strict-concurrency6-named",
      "ok": true
    },
    {
      "elapsed_ms": 4446,
      "error": null,
      "http_status": 200,
      "label": "concurrent-090-XXXXXXXXXXXXXXXXXXXXXXXXXXXXXXXXXXXXXXXXXX",
      "lane": "strict-concurrency6-required",
      "ok": true
    },
    {
      "elapsed_ms": 4684,
      "error": null,
      "http_status": 200,
      "label": "concurrent-091-XXXXXXXXXXXXXXXXXXXXXXXXXXXXXXXXXXXXXXXXXXXXXXXXXXXXX",
      "lane": "strict-concurrency6-named",
      "ok": true
    },
    {
      "elapsed_ms": 5099,
      "error": null,
      "http_status": 200,
      "label": "concurrent-092-XXXXXXXXXXXXXXXXXXXXXXXXXXXXXXXXXXXXXXXXXXXXXXXXXXXXXXXXXXXXXXXX",
      "lane": "strict-concurrency6-required",
      "ok": true
    },
    {
      "elapsed_ms": 4174,
      "error": null,
      "http_status": 200,
      "label": "concurrent-093-XX",
      "lane": "strict-concurrency6-named",
      "ok": true
    },
    {
      "elapsed_ms": 4878,
      "error": null,
      "http_status": 200,
      "label": "concurrent-094-XXXXXXXXXXXXX",
      "lane": "strict-concurrency6-required",
      "ok": true
    },
    {
      "elapsed_ms": 4003,
      "error": null,
      "http_status": 200,
      "label": "concurrent-095-XXXXXXXXXXXXXXXXXXXXXXXX",
      "lane": "strict-concurrency6-named",
      "ok": true
    },
    {
      "elapsed_ms": 4205,
      "error": null,
      "http_status": 200,
      "label": "concurrent-096-XXXXXXXXXXXXXXXXXXXXXXXXXXXXXXXXXXX",
      "lane": "strict-concurrency6-required",
      "ok": true
    },
    {
      "elapsed_ms": 4165,
      "error": null,
      "http_status": 200,
      "label": "concurrent-097-XXXXXXXXXXXXXXXXXXXXXXXXXXXXXXXXXXXXXXXXXXXXXX",
      "lane": "strict-concurrency6-named",
      "ok": true
    },
    {
      "elapsed_ms": 3079,
      "error": null,
      "http_status": 200,
      "label": "concurrent-098-XXXXXXXXXXXXXXXXXXXXXXXXXXXXXXXXXXXXXXXXXXXXXXXXXXXXXXXXX",
      "lane": "strict-concurrency6-required",
      "ok": true
    },
    {
      "elapsed_ms": 3227,
      "error": null,
      "http_status": 200,
      "label": "concurrent-099-XXXXXXXXXXXXXXXXXXXXXXXXXXXXXXXXXXXXXXXXXXXXXXXXXXXXXXXXXXXXXXXXXXXX",
      "lane": "strict-concurrency6-named",
      "ok": true
    },
    {
      "elapsed_ms": 1825,
      "error": null,
      "http_status": 200,
      "label": "ignore-eos-000-X",
      "lane": "strict-json-ignore-eos",
      "ok": true
    },
    {
      "elapsed_ms": 1826,
      "error": null,
      "http_status": 200,
      "label": "ignore-eos-001-XXXXXXXXXXXX",
      "lane": "strict-json-ignore-eos",
      "ok": true
    },
    {
      "elapsed_ms": 1958,
      "error": null,
      "http_status": 200,
      "label": "ignore-eos-002-XXXXXXXXXXXXXXXXXXXXXXX",
      "lane": "strict-json-ignore-eos",
      "ok": true
    },
    {
      "elapsed_ms": 1976,
      "error": null,
      "http_status": 200,
      "label": "ignore-eos-003-XXXXXXXXXXXXXXXXXXXXXXXXXXXXXXXXXX",
      "lane": "strict-json-ignore-eos",
      "ok": true
    },
    {
      "elapsed_ms": 2306,
      "error": null,
      "http_status": 200,
      "label": "ignore-eos-004-XXXXXXXXXXXXXXXXXXXXXXXXXXXXXXXXXXXXXXXXXXXXX",
      "lane": "strict-json-ignore-eos",
      "ok": true
    },
    {
      "elapsed_ms": 1803,
      "error": null,
      "http_status": 200,
      "label": "ordinary-tool-000-X",
      "lane": "ordinary-tool-control",
      "ok": true
    },
    {
      "elapsed_ms": 1824,
      "error": null,
      "http_status": 200,
      "label": "ordinary-tool-001-XXXXXXXXXXXX",
      "lane": "ordinary-tool-control",
      "ok": true
    },
    {
      "elapsed_ms": 1957,
      "error": null,
      "http_status": 200,
      "label": "ordinary-tool-002-XXXXXXXXXXXXXXXXXXXXXXX",
      "lane": "ordinary-tool-control",
      "ok": true
    },
    {
      "elapsed_ms": 1965,
      "error": null,
      "http_status": 200,
      "label": "ordinary-tool-003-XXXXXXXXXXXXXXXXXXXXXXXXXXXXXXXXXX",
      "lane": "ordinary-tool-control",
      "ok": true
    },
    {
      "elapsed_ms": 2092,
      "error": null,
      "http_status": 200,
      "label": "ordinary-tool-004-XXXXXXXXXXXXXXXXXXXXXXXXXXXXXXXXXXXXXXXXXXXXX",
      "lane": "ordinary-tool-control",
      "ok": true
    },
    {
      "elapsed_ms": 2098,
      "error": null,
      "http_status": 200,
      "label": "ordinary-tool-005-XXXXXXXXXXXXXXXXXXXXXXXXXXXXXXXXXXXXXXXXXXXXXXXXXXXXXXXX",
      "lane": "ordinary-tool-control",
      "ok": true
    },
    {
      "elapsed_ms": 2232,
      "error": null,
      "http_status": 200,
      "label": "ordinary-tool-006-XXXXXXXXXXXXXXXXXXXXXXXXXXXXXXXXXXXXXXXXXXXXXXXXXXXXXXXXXXXXXXXXXXX",
      "lane": "ordinary-tool-control",
      "ok": true
    },
    {
      "elapsed_ms": 1821,
      "error": null,
      "http_status": 200,
      "label": "ordinary-tool-007-XXXXX",
      "lane": "ordinary-tool-control",
      "ok": true
    },
    {
      "elapsed_ms": 1830,
      "error": null,
      "http_status": 200,
      "label": "ordinary-tool-008-XXXXXXXXXXXXXXXX",
      "lane": "ordinary-tool-control",
      "ok": true
    },
    {
      "elapsed_ms": 1959,
      "error": null,
      "http_status": 200,
      "label": "ordinary-tool-009-XXXXXXXXXXXXXXXXXXXXXXXXXXX",
      "lane": "ordinary-tool-control",
      "ok": true
    },
    {
      "elapsed_ms": 818,
      "error": null,
      "http_status": 200,
      "label": "plain-chat-000-X",
      "lane": "plain-chat-control",
      "ok": true
    },
    {
      "elapsed_ms": 7295,
      "error": null,
      "http_status": 200,
      "label": "plain-chat-001-XXXXXXXXXXXX",
      "lane": "plain-chat-control",
      "ok": true
    },
    {
      "elapsed_ms": 2663,
      "error": null,
      "http_status": 200,
      "label": "plain-chat-002-XXXXXXXXXXXXXXXXXXXXXXX",
      "lane": "plain-chat-control",
      "ok": true
    },
    {
      "elapsed_ms": 3377,
      "error": null,
      "http_status": 200,
      "label": "plain-chat-003-XXXXXXXXXXXXXXXXXXXXXXXXXXXXXXXXXX",
      "lane": "plain-chat-control",
      "ok": true
    },
    {
      "elapsed_ms": 8439,
      "error": null,
      "http_status": 200,
      "label": "plain-chat-004-XXXXXXXXXXXXXXXXXXXXXXXXXXXXXXXXXXXXXXXXXXXXX",
      "lane": "plain-chat-control",
      "ok": true
    },
    {
      "elapsed_ms": 2520,
      "error": null,
      "http_status": 200,
      "label": "plain-chat-005-XXXXXXXXXXXXXXXXXXXXXXXXXXXXXXXXXXXXXXXXXXXXXXXXXXXXXXXX",
      "lane": "plain-chat-control",
      "ok": true
    },
    {
      "elapsed_ms": 9926,
      "error": null,
      "http_status": 200,
      "label": "plain-chat-006-XXXXXXXXXXXXXXXXXXXXXXXXXXXXXXXXXXXXXXXXXXXXXXXXXXXXXXXXXXXXXXXXXXX",
      "lane": "plain-chat-control",
      "ok": true
    },
    {
      "elapsed_ms": 590,
      "error": null,
      "http_status": 200,
      "label": "plain-chat-007-XXXXX",
      "lane": "plain-chat-control",
      "ok": true
    },
    {
      "elapsed_ms": 7534,
      "error": null,
      "http_status": 200,
      "label": "plain-chat-008-XXXXXXXXXXXXXXXX",
      "lane": "plain-chat-control",
      "ok": true
    },
    {
      "elapsed_ms": 3539,
      "error": null,
      "http_status": 200,
      "label": "plain-chat-009-XXXXXXXXXXXXXXXXXXXXXXXXXXX",
      "lane": "plain-chat-control",
      "ok": true
    }
  ],
  "schema_version": 2,
  "scope": "Strict tools require complete output and exact values; ignore-EOS lane checks transport/termination survival only, not JSON completeness",
  "started_at": "2026-09-05T13:11:50.122757+00:00",
  "status": "PASS"
}
