{
  "authenticated": false,
  "base_url": "http://ostrich:8001/v1",
  "completed_cases": 145,
  "concurrency": 6,
  "expected_cases": 145,
  "failed_cases": 0,
  "final_health": {
    "elapsed_ms": 6,
    "error": null,
    "http_status": 200,
    "ok": true
  },
  "finished_at": "2026-09-05T13:17:24.058309+00:00",
  "initial_health": {
    "elapsed_ms": 12,
    "error": null,
    "http_status": 200,
    "ok": true
  },
  "issue": 136,
  "model": "vcruz305/GLM-5.3-Flash-EXL3-K2",
  "redaction": "credentials, request bodies, response bodies, and headers omitted",
  "request_timeout_seconds": 120,
  "results": [
    {
      "elapsed_ms": 1598,
      "error": null,
      "http_status": 200,
      "label": "sequential-000-X",
      "lane": "strict-sequential",
      "ok": true
    },
    {
      "elapsed_ms": 1338,
      "error": null,
      "http_status": 200,
      "label": "sequential-001-XXXXXXXXXXXX",
      "lane": "strict-sequential",
      "ok": true
    },
    {
      "elapsed_ms": 1471,
      "error": null,
      "http_status": 200,
      "label": "sequential-002-XXXXXXXXXXXXXXXXXXXXXXX",
      "lane": "strict-sequential",
      "ok": true
    },
    {
      "elapsed_ms": 1525,
      "error": null,
      "http_status": 200,
      "label": "sequential-003-XXXXXXXXXXXXXXXXXXXXXXXXXXXXXXXXXX",
      "lane": "strict-sequential",
      "ok": true
    },
    {
      "elapsed_ms": 1626,
      "error": null,
      "http_status": 200,
      "label": "sequential-004-XXXXXXXXXXXXXXXXXXXXXXXXXXXXXXXXXXXXXXXXXXXXX",
      "lane": "strict-sequential",
      "ok": true
    },
    {
      "elapsed_ms": 1473,
      "error": null,
      "http_status": 200,
      "label": "sequential-005-XXXXXXXXXXXXXXXXXXXXXXXXXXXXXXXXXXXXXXXXXXXXXXXXXXXXXXXX",
      "lane": "strict-sequential",
      "ok": true
    },
    {
      "elapsed_ms": 1608,
      "error": null,
      "http_status": 200,
      "label": "sequential-006-XXXXXXXXXXXXXXXXXXXXXXXXXXXXXXXXXXXXXXXXXXXXXXXXXXXXXXXXXXXXXXXXXXX",
      "lane": "strict-sequential",
      "ok": true
    },
    {
      "elapsed_ms": 1338,
      "error": null,
      "http_status": 200,
      "label": "sequential-007-XXXXX",
      "lane": "strict-sequential",
      "ok": true
    },
    {
      "elapsed_ms": 1346,
      "error": null,
      "http_status": 200,
      "label": "sequential-008-XXXXXXXXXXXXXXXX",
      "lane": "strict-sequential",
      "ok": true
    },
    {
      "elapsed_ms": 1463,
      "error": null,
      "http_status": 200,
      "label": "sequential-009-XXXXXXXXXXXXXXXXXXXXXXXXXXX",
      "lane": "strict-sequential",
      "ok": true
    },
    {
      "elapsed_ms": 1472,
      "error": null,
      "http_status": 200,
      "label": "sequential-010-XXXXXXXXXXXXXXXXXXXXXXXXXXXXXXXXXXXXXX",
      "lane": "strict-sequential",
      "ok": true
    },
    {
      "elapsed_ms": 1622,
      "error": null,
      "http_status": 200,
      "label": "sequential-011-XXXXXXXXXXXXXXXXXXXXXXXXXXXXXXXXXXXXXXXXXXXXXXXXX",
      "lane": "strict-sequential",
      "ok": true
    },
    {
      "elapsed_ms": 1604,
      "error": null,
      "http_status": 200,
      "label": "sequential-012-XXXXXXXXXXXXXXXXXXXXXXXXXXXXXXXXXXXXXXXXXXXXXXXXXXXXXXXXXXXX",
      "lane": "strict-sequential",
      "ok": true
    },
    {
      "elapsed_ms": 1610,
      "error": null,
      "http_status": 200,
      "label": "sequential-013-XXXXXXXXXXXXXXXXXXXXXXXXXXXXXXXXXXXXXXXXXXXXXXXXXXXXXXXXXXXXXXXXXXXXXXX",
      "lane": "strict-sequential",
      "ok": true
    },
    {
      "elapsed_ms": 1340,
      "error": null,
      "http_status": 200,
      "label": "sequential-014-XXXXXXXXX",
      "lane": "strict-sequential",
      "ok": true
    },
    {
      "elapsed_ms": 1472,
      "error": null,
      "http_status": 200,
      "label": "sequential-015-XXXXXXXXXXXXXXXXXXXX",
      "lane": "strict-sequential",
      "ok": true
    },
    {
      "elapsed_ms": 1480,
      "error": null,
      "http_status": 200,
      "label": "sequential-016-XXXXXXXXXXXXXXXXXXXXXXXXXXXXXXX",
      "lane": "strict-sequential",
      "ok": true
    },
    {
      "elapsed_ms": 1471,
      "error": null,
      "http_status": 200,
      "label": "sequential-017-XXXXXXXXXXXXXXXXXXXXXXXXXXXXXXXXXXXXXXXXXX",
      "lane": "strict-sequential",
      "ok": true
    },
    {
      "elapsed_ms": 1617,
      "error": null,
      "http_status": 200,
      "label": "sequential-018-XXXXXXXXXXXXXXXXXXXXXXXXXXXXXXXXXXXXXXXXXXXXXXXXXXXXX",
      "lane": "strict-sequential",
      "ok": true
    },
    {
      "elapsed_ms": 1475,
      "error": null,
      "http_status": 200,
      "label": "sequential-019-XXXXXXXXXXXXXXXXXXXXXXXXXXXXXXXXXXXXXXXXXXXXXXXXXXXXXXXXXXXXXXXX",
      "lane": "strict-sequential",
      "ok": true
    },
    {
      "elapsed_ms": 2656,
      "error": null,
      "http_status": 200,
      "label": "concurrent-000-X",
      "lane": "strict-concurrency6-required",
      "ok": true
    },
    {
      "elapsed_ms": 2655,
      "error": null,
      "http_status": 200,
      "label": "concurrent-001-XXXXXXXXXXXX",
      "lane": "strict-concurrency6-named",
      "ok": true
    },
    {
      "elapsed_ms": 2924,
      "error": null,
      "http_status": 200,
      "label": "concurrent-002-XXXXXXXXXXXXXXXXXXXXXXX",
      "lane": "strict-concurrency6-required",
      "ok": true
    },
    {
      "elapsed_ms": 2924,
      "error": null,
      "http_status": 200,
      "label": "concurrent-003-XXXXXXXXXXXXXXXXXXXXXXXXXXXXXXXXXX",
      "lane": "strict-concurrency6-named",
      "ok": true
    },
    {
      "elapsed_ms": 3592,
      "error": null,
      "http_status": 200,
      "label": "concurrent-004-XXXXXXXXXXXXXXXXXXXXXXXXXXXXXXXXXXXXXXXXXXXXX",
      "lane": "strict-concurrency6-required",
      "ok": true
    },
    {
      "elapsed_ms": 2924,
      "error": null,
      "http_status": 200,
      "label": "concurrent-005-XXXXXXXXXXXXXXXXXXXXXXXXXXXXXXXXXXXXXXXXXXXXXXXXXXXXXXXX",
      "lane": "strict-concurrency6-named",
      "ok": true
    },
    {
      "elapsed_ms": 4108,
      "error": null,
      "http_status": 200,
      "label": "concurrent-006-XXXXXXXXXXXXXXXXXXXXXXXXXXXXXXXXXXXXXXXXXXXXXXXXXXXXXXXXXXXXXXXXXXX",
      "lane": "strict-concurrency6-required",
      "ok": true
    },
    {
      "elapsed_ms": 3220,
      "error": null,
      "http_status": 200,
      "label": "concurrent-007-XXXXX",
      "lane": "strict-concurrency6-named",
      "ok": true
    },
    {
      "elapsed_ms": 3838,
      "error": null,
      "http_status": 200,
      "label": "concurrent-008-XXXXXXXXXXXXXXXX",
      "lane": "strict-concurrency6-required",
      "ok": true
    },
    {
      "elapsed_ms": 3837,
      "error": null,
      "http_status": 200,
      "label": "concurrent-009-XXXXXXXXXXXXXXXXXXXXXXXXXXX",
      "lane": "strict-concurrency6-named",
      "ok": true
    },
    {
      "elapsed_ms": 3836,
      "error": null,
      "http_status": 200,
      "label": "concurrent-010-XXXXXXXXXXXXXXXXXXXXXXXXXXXXXXXXXXXXXX",
      "lane": "strict-concurrency6-required",
      "ok": true
    },
    {
      "elapsed_ms": 4213,
      "error": null,
      "http_status": 200,
      "label": "concurrent-011-XXXXXXXXXXXXXXXXXXXXXXXXXXXXXXXXXXXXXXXXXXXXXXXXX",
      "lane": "strict-concurrency6-named",
      "ok": true
    },
    {
      "elapsed_ms": 3671,
      "error": null,
      "http_status": 200,
      "label": "concurrent-012-XXXXXXXXXXXXXXXXXXXXXXXXXXXXXXXXXXXXXXXXXXXXXXXXXXXXXXXXXXXX",
      "lane": "strict-concurrency6-required",
      "ok": true
    },
    {
      "elapsed_ms": 3697,
      "error": null,
      "http_status": 200,
      "label": "concurrent-013-XXXXXXXXXXXXXXXXXXXXXXXXXXXXXXXXXXXXXXXXXXXXXXXXXXXXXXXXXXXXXXXXXXXXXXX",
      "lane": "strict-concurrency6-named",
      "ok": true
    },
    {
      "elapsed_ms": 3066,
      "error": null,
      "http_status": 200,
      "label": "concurrent-014-XXXXXXXXX",
      "lane": "strict-concurrency6-required",
      "ok": true
    },
    {
      "elapsed_ms": 3066,
      "error": null,
      "http_status": 200,
      "label": "concurrent-015-XXXXXXXXXXXXXXXXXXXX",
      "lane": "strict-concurrency6-named",
      "ok": true
    },
    {
      "elapsed_ms": 3067,
      "error": null,
      "http_status": 200,
      "label": "concurrent-016-XXXXXXXXXXXXXXXXXXXXXXXXXXXXXXX",
      "lane": "strict-concurrency6-required",
      "ok": true
    },
    {
      "elapsed_ms": 3427,
      "error": null,
      "http_status": 200,
      "label": "concurrent-017-XXXXXXXXXXXXXXXXXXXXXXXXXXXXXXXXXXXXXXXXXX",
      "lane": "strict-concurrency6-named",
      "ok": true
    },
    {
      "elapsed_ms": 4728,
      "error": null,
      "http_status": 200,
      "label": "concurrent-018-XXXXXXXXXXXXXXXXXXXXXXXXXXXXXXXXXXXXXXXXXXXXXXXXXXXXX",
      "lane": "strict-concurrency6-required",
      "ok": true
    },
    {
      "elapsed_ms": 4446,
      "error": null,
      "http_status": 200,
      "label": "concurrent-019-XXXXXXXXXXXXXXXXXXXXXXXXXXXXXXXXXXXXXXXXXXXXXXXXXXXXXXXXXXXXXXXX",
      "lane": "strict-concurrency6-named",
      "ok": true
    },
    {
      "elapsed_ms": 3539,
      "error": null,
      "http_status": 200,
      "label": "concurrent-020-XX",
      "lane": "strict-concurrency6-required",
      "ok": true
    },
    {
      "elapsed_ms": 3813,
      "error": null,
      "http_status": 200,
      "label": "concurrent-021-XXXXXXXXXXXXX",
      "lane": "strict-concurrency6-named",
      "ok": true
    },
    {
      "elapsed_ms": 3815,
      "error": null,
      "http_status": 200,
      "label": "concurrent-022-XXXXXXXXXXXXXXXXXXXXXXXX",
      "lane": "strict-concurrency6-required",
      "ok": true
    },
    {
      "elapsed_ms": 3670,
      "error": null,
      "http_status": 200,
      "label": "concurrent-023-XXXXXXXXXXXXXXXXXXXXXXXXXXXXXXXXXXX",
      "lane": "strict-concurrency6-named",
      "ok": true
    },
    {
      "elapsed_ms": 4058,
      "error": null,
      "http_status": 200,
      "label": "concurrent-024-XXXXXXXXXXXXXXXXXXXXXXXXXXXXXXXXXXXXXXXXXXXXXX",
      "lane": "strict-concurrency6-required",
      "ok": true
    },
    {
      "elapsed_ms": 4061,
      "error": null,
      "http_status": 200,
      "label": "concurrent-025-XXXXXXXXXXXXXXXXXXXXXXXXXXXXXXXXXXXXXXXXXXXXXXXXXXXXXXXXX",
      "lane": "strict-concurrency6-named",
      "ok": true
    },
    {
      "elapsed_ms": 4031,
      "error": null,
      "http_status": 200,
      "label": "concurrent-026-XXXXXXXXXXXXXXXXXXXXXXXXXXXXXXXXXXXXXXXXXXXXXXXXXXXXXXXXXXXXXXXXXXXX",
      "lane": "strict-concurrency6-required",
      "ok": true
    },
    {
      "elapsed_ms": 3429,
      "error": null,
      "http_status": 200,
      "label": "concurrent-027-XXXXXX",
      "lane": "strict-concurrency6-named",
      "ok": true
    },
    {
      "elapsed_ms": 3429,
      "error": null,
      "http_status": 200,
      "label": "concurrent-028-XXXXXXXXXXXXXXXXX",
      "lane": "strict-concurrency6-required",
      "ok": true
    },
    {
      "elapsed_ms": 3403,
      "error": null,
      "http_status": 200,
      "label": "concurrent-029-XXXXXXXXXXXXXXXXXXXXXXXXXXXX",
      "lane": "strict-concurrency6-named",
      "ok": true
    },
    {
      "elapsed_ms": 3479,
      "error": null,
      "http_status": 200,
      "label": "concurrent-030-XXXXXXXXXXXXXXXXXXXXXXXXXXXXXXXXXXXXXXX",
      "lane": "strict-concurrency6-required",
      "ok": true
    },
    {
      "elapsed_ms": 4056,
      "error": null,
      "http_status": 200,
      "label": "concurrent-031-XXXXXXXXXXXXXXXXXXXXXXXXXXXXXXXXXXXXXXXXXXXXXXXXXX",
      "lane": "strict-concurrency6-named",
      "ok": true
    },
    {
      "elapsed_ms": 4056,
      "error": null,
      "http_status": 200,
      "label": "concurrent-032-XXXXXXXXXXXXXXXXXXXXXXXXXXXXXXXXXXXXXXXXXXXXXXXXXXXXXXXXXXXXX",
      "lane": "strict-concurrency6-required",
      "ok": true
    },
    {
      "elapsed_ms": 4055,
      "error": null,
      "http_status": 200,
      "label": "concurrent-033-XXXXXXXXXXXXXXXXXXXXXXXXXXXXXXXXXXXXXXXXXXXXXXXXXXXXXXXXXXXXXXXXXXXXXXXX",
      "lane": "strict-concurrency6-named",
      "ok": true
    },
    {
      "elapsed_ms": 3454,
      "error": null,
      "http_status": 200,
      "label": "concurrent-034-XXXXXXXXXX",
      "lane": "strict-concurrency6-required",
      "ok": true
    },
    {
      "elapsed_ms": 3454,
      "error": null,
      "http_status": 200,
      "label": "concurrent-035-XXXXXXXXXXXXXXXXXXXXX",
      "lane": "strict-concurrency6-named",
      "ok": true
    },
    {
      "elapsed_ms": 3111,
      "error": null,
      "http_status": 200,
      "label": "concurrent-036-XXXXXXXXXXXXXXXXXXXXXXXXXXXXXXXX",
      "lane": "strict-concurrency6-required",
      "ok": true
    },
    {
      "elapsed_ms": 3164,
      "error": null,
      "http_status": 200,
      "label": "concurrent-037-XXXXXXXXXXXXXXXXXXXXXXXXXXXXXXXXXXXXXXXXXXX",
      "lane": "strict-concurrency6-named",
      "ok": true
    },
    {
      "elapsed_ms": 4503,
      "error": null,
      "http_status": 200,
      "label": "concurrent-038-XXXXXXXXXXXXXXXXXXXXXXXXXXXXXXXXXXXXXXXXXXXXXXXXXXXXXX",
      "lane": "strict-concurrency6-required",
      "ok": true
    },
    {
      "elapsed_ms": 3794,
      "error": null,
      "http_status": 200,
      "label": "concurrent-039-XXXXXXXXXXXXXXXXXXXXXXXXXXXXXXXXXXXXXXXXXXXXXXXXXXXXXXXXXXXXXXXXX",
      "lane": "strict-concurrency6-named",
      "ok": true
    },
    {
      "elapsed_ms": 2531,
      "error": null,
      "http_status": 200,
      "label": "concurrent-040-XXX",
      "lane": "strict-concurrency6-required",
      "ok": true
    },
    {
      "elapsed_ms": 3163,
      "error": null,
      "http_status": 200,
      "label": "concurrent-041-XXXXXXXXXXXXXX",
      "lane": "strict-concurrency6-named",
      "ok": true
    },
    {
      "elapsed_ms": 4103,
      "error": null,
      "http_status": 200,
      "label": "concurrent-042-XXXXXXXXXXXXXXXXXXXXXXXXX",
      "lane": "strict-concurrency6-required",
      "ok": true
    },
    {
      "elapsed_ms": 4111,
      "error": null,
      "http_status": 200,
      "label": "concurrent-043-XXXXXXXXXXXXXXXXXXXXXXXXXXXXXXXXXXXX",
      "lane": "strict-concurrency6-named",
      "ok": true
    },
    {
      "elapsed_ms": 4795,
      "error": null,
      "http_status": 200,
      "label": "concurrent-044-XXXXXXXXXXXXXXXXXXXXXXXXXXXXXXXXXXXXXXXXXXXXXXX",
      "lane": "strict-concurrency6-required",
      "ok": true
    },
    {
      "elapsed_ms": 4795,
      "error": null,
      "http_status": 200,
      "label": "concurrent-045-XXXXXXXXXXXXXXXXXXXXXXXXXXXXXXXXXXXXXXXXXXXXXXXXXXXXXXXXXX",
      "lane": "strict-concurrency6-named",
      "ok": true
    },
    {
      "elapsed_ms": 4412,
      "error": null,
      "http_status": 200,
      "label": "concurrent-046-XXXXXXXXXXXXXXXXXXXXXXXXXXXXXXXXXXXXXXXXXXXXXXXXXXXXXXXXXXXXXXXXXXXXX",
      "lane": "strict-concurrency6-required",
      "ok": true
    },
    {
      "elapsed_ms": 3703,
      "error": null,
      "http_status": 200,
      "label": "concurrent-047-XXXXXXX",
      "lane": "strict-concurrency6-named",
      "ok": true
    },
    {
      "elapsed_ms": 3844,
      "error": null,
      "http_status": 200,
      "label": "concurrent-048-XXXXXXXXXXXXXXXXXX",
      "lane": "strict-concurrency6-required",
      "ok": true
    },
    {
      "elapsed_ms": 3843,
      "error": null,
      "http_status": 200,
      "label": "concurrent-049-XXXXXXXXXXXXXXXXXXXXXXXXXXXXX",
      "lane": "strict-concurrency6-named",
      "ok": true
    },
    {
      "elapsed_ms": 3810,
      "error": null,
      "http_status": 200,
      "label": "concurrent-050-XXXXXXXXXXXXXXXXXXXXXXXXXXXXXXXXXXXXXXXX",
      "lane": "strict-concurrency6-required",
      "ok": true
    },
    {
      "elapsed_ms": 4059,
      "error": null,
      "http_status": 200,
      "label": "concurrent-051-XXXXXXXXXXXXXXXXXXXXXXXXXXXXXXXXXXXXXXXXXXXXXXXXXXX",
      "lane": "strict-concurrency6-named",
      "ok": true
    },
    {
      "elapsed_ms": 4475,
      "error": null,
      "http_status": 200,
      "label": "concurrent-052-XXXXXXXXXXXXXXXXXXXXXXXXXXXXXXXXXXXXXXXXXXXXXXXXXXXXXXXXXXXXXX",
      "lane": "strict-concurrency6-required",
      "ok": true
    },
    {
      "elapsed_ms": 5120,
      "error": null,
      "http_status": 200,
      "label": "concurrent-053-XXXXXXXXXXXXXXXXXXXXXXXXXXXXXXXXXXXXXXXXXXXXXXXXXXXXXXXXXXXXXXXXXXXXXXXXX",
      "lane": "strict-concurrency6-named",
      "ok": true
    },
    {
      "elapsed_ms": 4418,
      "error": null,
      "http_status": 200,
      "label": "concurrent-054-XXXXXXXXXXX",
      "lane": "strict-concurrency6-required",
      "ok": true
    },
    {
      "elapsed_ms": 4386,
      "error": null,
      "http_status": 200,
      "label": "concurrent-055-XXXXXXXXXXXXXXXXXXXXXX",
      "lane": "strict-concurrency6-named",
      "ok": true
    },
    {
      "elapsed_ms": 4408,
      "error": null,
      "http_status": 200,
      "label": "concurrent-056-XXXXXXXXXXXXXXXXXXXXXXXXXXXXXXXXX",
      "lane": "strict-concurrency6-required",
      "ok": true
    },
    {
      "elapsed_ms": 4406,
      "error": null,
      "http_status": 200,
      "label": "concurrent-057-XXXXXXXXXXXXXXXXXXXXXXXXXXXXXXXXXXXXXXXXXXXX",
      "lane": "strict-concurrency6-named",
      "ok": true
    },
    {
      "elapsed_ms": 5275,
      "error": null,
      "http_status": 200,
      "label": "concurrent-058-XXXXXXXXXXXXXXXXXXXXXXXXXXXXXXXXXXXXXXXXXXXXXXXXXXXXXXX",
      "lane": "strict-concurrency6-required",
      "ok": true
    },
    {
      "elapsed_ms": 4630,
      "error": null,
      "http_status": 200,
      "label": "concurrent-059-XXXXXXXXXXXXXXXXXXXXXXXXXXXXXXXXXXXXXXXXXXXXXXXXXXXXXXXXXXXXXXXXXX",
      "lane": "strict-concurrency6-named",
      "ok": true
    },
    {
      "elapsed_ms": 3334,
      "error": null,
      "http_status": 200,
      "label": "concurrent-060-XXXX",
      "lane": "strict-concurrency6-required",
      "ok": true
    },
    {
      "elapsed_ms": 4113,
      "error": null,
      "http_status": 200,
      "label": "concurrent-061-XXXXXXXXXXXXXXX",
      "lane": "strict-concurrency6-named",
      "ok": true
    },
    {
      "elapsed_ms": 3743,
      "error": null,
      "http_status": 200,
      "label": "concurrent-062-XXXXXXXXXXXXXXXXXXXXXXXXXX",
      "lane": "strict-concurrency6-required",
      "ok": true
    },
    {
      "elapsed_ms": 3741,
      "error": null,
      "http_status": 200,
      "label": "concurrent-063-XXXXXXXXXXXXXXXXXXXXXXXXXXXXXXXXXXXXX",
      "lane": "strict-concurrency6-named",
      "ok": true
    },
    {
      "elapsed_ms": 4007,
      "error": null,
      "http_status": 200,
      "label": "concurrent-064-XXXXXXXXXXXXXXXXXXXXXXXXXXXXXXXXXXXXXXXXXXXXXXXX",
      "lane": "strict-concurrency6-required",
      "ok": true
    },
    {
      "elapsed_ms": 4006,
      "error": null,
      "http_status": 200,
      "label": "concurrent-065-XXXXXXXXXXXXXXXXXXXXXXXXXXXXXXXXXXXXXXXXXXXXXXXXXXXXXXXXXXX",
      "lane": "strict-concurrency6-named",
      "ok": true
    },
    {
      "elapsed_ms": 4007,
      "error": null,
      "http_status": 200,
      "label": "concurrent-066-XXXXXXXXXXXXXXXXXXXXXXXXXXXXXXXXXXXXXXXXXXXXXXXXXXXXXXXXXXXXXXXXXXXXXX",
      "lane": "strict-concurrency6-required",
      "ok": true
    },
    {
      "elapsed_ms": 2978,
      "error": null,
      "http_status": 200,
      "label": "concurrent-067-XXXXXXXX",
      "lane": "strict-concurrency6-named",
      "ok": true
    },
    {
      "elapsed_ms": 3498,
      "error": null,
      "http_status": 200,
      "label": "concurrent-068-XXXXXXXXXXXXXXXXXXX",
      "lane": "strict-concurrency6-required",
      "ok": true
    },
    {
      "elapsed_ms": 3501,
      "error": null,
      "http_status": 200,
      "label": "concurrent-069-XXXXXXXXXXXXXXXXXXXXXXXXXXXXXX",
      "lane": "strict-concurrency6-named",
      "ok": true
    },
    {
      "elapsed_ms": 3491,
      "error": null,
      "http_status": 200,
      "label": "concurrent-070-XXXXXXXXXXXXXXXXXXXXXXXXXXXXXXXXXXXXXXXXX",
      "lane": "strict-concurrency6-required",
      "ok": true
    },
    {
      "elapsed_ms": 4132,
      "error": null,
      "http_status": 200,
      "label": "concurrent-071-XXXXXXXXXXXXXXXXXXXXXXXXXXXXXXXXXXXXXXXXXXXXXXXXXXXX",
      "lane": "strict-concurrency6-named",
      "ok": true
    },
    {
      "elapsed_ms": 4132,
      "error": null,
      "http_status": 200,
      "label": "concurrent-072-XXXXXXXXXXXXXXXXXXXXXXXXXXXXXXXXXXXXXXXXXXXXXXXXXXXXXXXXXXXXXXX",
      "lane": "strict-concurrency6-required",
      "ok": true
    },
    {
      "elapsed_ms": 3204,
      "error": null,
      "http_status": 200,
      "label": "concurrent-073-X",
      "lane": "strict-concurrency6-named",
      "ok": true
    },
    {
      "elapsed_ms": 4030,
      "error": null,
      "http_status": 200,
      "label": "concurrent-074-XXXXXXXXXXXX",
      "lane": "strict-concurrency6-required",
      "ok": true
    },
    {
      "elapsed_ms": 4064,
      "error": null,
      "http_status": 200,
      "label": "concurrent-075-XXXXXXXXXXXXXXXXXXXXXXX",
      "lane": "strict-concurrency6-named",
      "ok": true
    },
    {
      "elapsed_ms": 4098,
      "error": null,
      "http_status": 200,
      "label": "concurrent-076-XXXXXXXXXXXXXXXXXXXXXXXXXXXXXXXXXX",
      "lane": "strict-concurrency6-required",
      "ok": true
    },
    {
      "elapsed_ms": 4737,
      "error": null,
      "http_status": 200,
      "label": "concurrent-077-XXXXXXXXXXXXXXXXXXXXXXXXXXXXXXXXXXXXXXXXXXXXX",
      "lane": "strict-concurrency6-named",
      "ok": true
    },
    {
      "elapsed_ms": 4095,
      "error": null,
      "http_status": 200,
      "label": "concurrent-078-XXXXXXXXXXXXXXXXXXXXXXXXXXXXXXXXXXXXXXXXXXXXXXXXXXXXXXXX",
      "lane": "strict-concurrency6-required",
      "ok": true
    },
    {
      "elapsed_ms": 4352,
      "error": null,
      "http_status": 200,
      "label": "concurrent-079-XXXXXXXXXXXXXXXXXXXXXXXXXXXXXXXXXXXXXXXXXXXXXXXXXXXXXXXXXXXXXXXXXXX",
      "lane": "strict-concurrency6-named",
      "ok": true
    },
    {
      "elapsed_ms": 3680,
      "error": null,
      "http_status": 200,
      "label": "concurrent-080-XXXXX",
      "lane": "strict-concurrency6-required",
      "ok": true
    },
    {
      "elapsed_ms": 4077,
      "error": null,
      "http_status": 200,
      "label": "concurrent-081-XXXXXXXXXXXXXXXX",
      "lane": "strict-concurrency6-named",
      "ok": true
    },
    {
      "elapsed_ms": 4071,
      "error": null,
      "http_status": 200,
      "label": "concurrent-082-XXXXXXXXXXXXXXXXXXXXXXXXXXX",
      "lane": "strict-concurrency6-required",
      "ok": true
    },
    {
      "elapsed_ms": 4063,
      "error": null,
      "http_status": 200,
      "label": "concurrent-083-XXXXXXXXXXXXXXXXXXXXXXXXXXXXXXXXXXXXXX",
      "lane": "strict-concurrency6-named",
      "ok": true
    },
    {
      "elapsed_ms": 4311,
      "error": null,
      "http_status": 200,
      "label": "concurrent-084-XXXXXXXXXXXXXXXXXXXXXXXXXXXXXXXXXXXXXXXXXXXXXXXXX",
      "lane": "strict-concurrency6-required",
      "ok": true
    },
    {
      "elapsed_ms": 4693,
      "error": null,
      "http_status": 200,
      "label": "concurrent-085-XXXXXXXXXXXXXXXXXXXXXXXXXXXXXXXXXXXXXXXXXXXXXXXXXXXXXXXXXXXX",
      "lane": "strict-concurrency6-named",
      "ok": true
    },
    {
      "elapsed_ms": 4650,
      "error": null,
      "http_status": 200,
      "label": "concurrent-086-XXXXXXXXXXXXXXXXXXXXXXXXXXXXXXXXXXXXXXXXXXXXXXXXXXXXXXXXXXXXXXXXXXXXXXX",
      "lane": "strict-concurrency6-required",
      "ok": true
    },
    {
      "elapsed_ms": 3971,
      "error": null,
      "http_status": 200,
      "label": "concurrent-087-XXXXXXXXX",
      "lane": "strict-concurrency6-named",
      "ok": true
    },
    {
      "elapsed_ms": 4067,
      "error": null,
      "http_status": 200,
      "label": "concurrent-088-XXXXXXXXXXXXXXXXXXXX",
      "lane": "strict-concurrency6-required",
      "ok": true
    },
    {
      "elapsed_ms": 4071,
      "error": null,
      "http_status": 200,
      "label": "concurrent-089-XXXXXXXXXXXXXXXXXXXXXXXXXXXXXXX",
      "lane": "strict-concurrency6-named",
      "ok": true
    },
    {
      "elapsed_ms": 4070,
      "error": null,
      "http_status": 200,
      "label": "concurrent-090-XXXXXXXXXXXXXXXXXXXXXXXXXXXXXXXXXXXXXXXXXX",
      "lane": "strict-concurrency6-required",
      "ok": true
    },
    {
      "elapsed_ms": 4727,
      "error": null,
      "http_status": 200,
      "label": "concurrent-091-XXXXXXXXXXXXXXXXXXXXXXXXXXXXXXXXXXXXXXXXXXXXXXXXXXXXX",
      "lane": "strict-concurrency6-named",
      "ok": true
    },
    {
      "elapsed_ms": 4727,
      "error": null,
      "http_status": 200,
      "label": "concurrent-092-XXXXXXXXXXXXXXXXXXXXXXXXXXXXXXXXXXXXXXXXXXXXXXXXXXXXXXXXXXXXXXXX",
      "lane": "strict-concurrency6-required",
      "ok": true
    },
    {
      "elapsed_ms": 3450,
      "error": null,
      "http_status": 200,
      "label": "concurrent-093-XX",
      "lane": "strict-concurrency6-named",
      "ok": true
    },
    {
      "elapsed_ms": 4401,
      "error": null,
      "http_status": 200,
      "label": "concurrent-094-XXXXXXXXXXXXX",
      "lane": "strict-concurrency6-required",
      "ok": true
    },
    {
      "elapsed_ms": 3980,
      "error": null,
      "http_status": 200,
      "label": "concurrent-095-XXXXXXXXXXXXXXXXXXXXXXXX",
      "lane": "strict-concurrency6-named",
      "ok": true
    },
    {
      "elapsed_ms": 3982,
      "error": null,
      "http_status": 200,
      "label": "concurrent-096-XXXXXXXXXXXXXXXXXXXXXXXXXXXXXXXXXXX",
      "lane": "strict-concurrency6-required",
      "ok": true
    },
    {
      "elapsed_ms": 3751,
      "error": null,
      "http_status": 200,
      "label": "concurrent-097-XXXXXXXXXXXXXXXXXXXXXXXXXXXXXXXXXXXXXXXXXXXXXX",
      "lane": "strict-concurrency6-named",
      "ok": true
    },
    {
      "elapsed_ms": 3309,
      "error": null,
      "http_status": 200,
      "label": "concurrent-098-XXXXXXXXXXXXXXXXXXXXXXXXXXXXXXXXXXXXXXXXXXXXXXXXXXXXXXXXX",
      "lane": "strict-concurrency6-required",
      "ok": true
    },
    {
      "elapsed_ms": 2848,
      "error": null,
      "http_status": 200,
      "label": "concurrent-099-XXXXXXXXXXXXXXXXXXXXXXXXXXXXXXXXXXXXXXXXXXXXXXXXXXXXXXXXXXXXXXXXXXXX",
      "lane": "strict-concurrency6-named",
      "ok": true
    },
    {
      "elapsed_ms": 1726,
      "error": null,
      "http_status": 200,
      "label": "ignore-eos-000-X",
      "lane": "strict-json-ignore-eos",
      "ok": true
    },
    {
      "elapsed_ms": 1585,
      "error": null,
      "http_status": 200,
      "label": "ignore-eos-001-XXXXXXXXXXXX",
      "lane": "strict-json-ignore-eos",
      "ok": true
    },
    {
      "elapsed_ms": 1581,
      "error": null,
      "http_status": 200,
      "label": "ignore-eos-002-XXXXXXXXXXXXXXXXXXXXXXX",
      "lane": "strict-json-ignore-eos",
      "ok": true
    },
    {
      "elapsed_ms": 1808,
      "error": null,
      "http_status": 200,
      "label": "ignore-eos-003-XXXXXXXXXXXXXXXXXXXXXXXXXXXXXXXXXX",
      "lane": "strict-json-ignore-eos",
      "ok": true
    },
    {
      "elapsed_ms": 2226,
      "error": null,
      "http_status": 200,
      "label": "ignore-eos-004-XXXXXXXXXXXXXXXXXXXXXXXXXXXXXXXXXXXXXXXXXXXXX",
      "lane": "strict-json-ignore-eos",
      "ok": true
    },
    {
      "elapsed_ms": 1344,
      "error": null,
      "http_status": 200,
      "label": "ordinary-tool-000-X",
      "lane": "ordinary-tool-control",
      "ok": true
    },
    {
      "elapsed_ms": 1480,
      "error": null,
      "http_status": 200,
      "label": "ordinary-tool-001-XXXXXXXXXXXX",
      "lane": "ordinary-tool-control",
      "ok": true
    },
    {
      "elapsed_ms": 1482,
      "error": null,
      "http_status": 200,
      "label": "ordinary-tool-002-XXXXXXXXXXXXXXXXXXXXXXX",
      "lane": "ordinary-tool-control",
      "ok": true
    },
    {
      "elapsed_ms": 1487,
      "error": null,
      "http_status": 200,
      "label": "ordinary-tool-003-XXXXXXXXXXXXXXXXXXXXXXXXXXXXXXXXXX",
      "lane": "ordinary-tool-control",
      "ok": true
    },
    {
      "elapsed_ms": 1630,
      "error": null,
      "http_status": 200,
      "label": "ordinary-tool-004-XXXXXXXXXXXXXXXXXXXXXXXXXXXXXXXXXXXXXXXXXXXXX",
      "lane": "ordinary-tool-control",
      "ok": true
    },
    {
      "elapsed_ms": 1617,
      "error": null,
      "http_status": 200,
      "label": "ordinary-tool-005-XXXXXXXXXXXXXXXXXXXXXXXXXXXXXXXXXXXXXXXXXXXXXXXXXXXXXXXX",
      "lane": "ordinary-tool-control",
      "ok": true
    },
    {
      "elapsed_ms": 1619,
      "error": null,
      "http_status": 200,
      "label": "ordinary-tool-006-XXXXXXXXXXXXXXXXXXXXXXXXXXXXXXXXXXXXXXXXXXXXXXXXXXXXXXXXXXXXXXXXXXX",
      "lane": "ordinary-tool-control",
      "ok": true
    },
    {
      "elapsed_ms": 1487,
      "error": null,
      "http_status": 200,
      "label": "ordinary-tool-007-XXXXX",
      "lane": "ordinary-tool-control",
      "ok": true
    },
    {
      "elapsed_ms": 1485,
      "error": null,
      "http_status": 200,
      "label": "ordinary-tool-008-XXXXXXXXXXXXXXXX",
      "lane": "ordinary-tool-control",
      "ok": true
    },
    {
      "elapsed_ms": 1483,
      "error": null,
      "http_status": 200,
      "label": "ordinary-tool-009-XXXXXXXXXXXXXXXXXXXXXXXXXXX",
      "lane": "ordinary-tool-control",
      "ok": true
    },
    {
      "elapsed_ms": 652,
      "error": null,
      "http_status": 200,
      "label": "plain-chat-000-X",
      "lane": "plain-chat-control",
      "ok": true
    },
    {
      "elapsed_ms": 6324,
      "error": null,
      "http_status": 200,
      "label": "plain-chat-001-XXXXXXXXXXXX",
      "lane": "plain-chat-control",
      "ok": true
    },
    {
      "elapsed_ms": 2143,
      "error": null,
      "http_status": 200,
      "label": "plain-chat-002-XXXXXXXXXXXXXXXXXXXXXXX",
      "lane": "plain-chat-control",
      "ok": true
    },
    {
      "elapsed_ms": 2584,
      "error": null,
      "http_status": 200,
      "label": "plain-chat-003-XXXXXXXXXXXXXXXXXXXXXXXXXXXXXXXXXX",
      "lane": "plain-chat-control",
      "ok": true
    },
    {
      "elapsed_ms": 4992,
      "error": null,
      "http_status": 200,
      "label": "plain-chat-004-XXXXXXXXXXXXXXXXXXXXXXXXXXXXXXXXXXXXXXXXXXXXX",
      "lane": "plain-chat-control",
      "ok": true
    },
    {
      "elapsed_ms": 7815,
      "error": null,
      "http_status": 200,
      "label": "plain-chat-005-XXXXXXXXXXXXXXXXXXXXXXXXXXXXXXXXXXXXXXXXXXXXXXXXXXXXXXXX",
      "lane": "plain-chat-control",
      "ok": true
    },
    {
      "elapsed_ms": 8584,
      "error": null,
      "http_status": 200,
      "label": "plain-chat-006-XXXXXXXXXXXXXXXXXXXXXXXXXXXXXXXXXXXXXXXXXXXXXXXXXXXXXXXXXXXXXXXXXXX",
      "lane": "plain-chat-control",
      "ok": true
    },
    {
      "elapsed_ms": 509,
      "error": null,
      "http_status": 200,
      "label": "plain-chat-007-XXXXX",
      "lane": "plain-chat-control",
      "ok": true
    },
    {
      "elapsed_ms": 5434,
      "error": null,
      "http_status": 200,
      "label": "plain-chat-008-XXXXXXXXXXXXXXXX",
      "lane": "plain-chat-control",
      "ok": true
    },
    {
      "elapsed_ms": 3184,
      "error": null,
      "http_status": 200,
      "label": "plain-chat-009-XXXXXXXXXXXXXXXXXXXXXXXXXXX",
      "lane": "plain-chat-control",
      "ok": true
    }
  ],
  "schema_version": 2,
  "scope": "Strict tools require complete output and exact values; ignore-EOS lane checks transport/termination survival only, not JSON completeness",
  "started_at": "2026-09-05T13:14:42.700767+00:00",
  "status": "PASS"
}
